Component: ARM Compiler 5.06 update 7 (build 960) Tool: armlink [4d3601]

==============================================================================

Section Cross References

    startup_stm32f103xb.o(STACK) refers (Special) to heapauxi.o(.text) for __use_two_region_memory
    startup_stm32f103xb.o(HEAP) refers (Special) to heapauxi.o(.text) for __use_two_region_memory
    startup_stm32f103xb.o(RESET) refers (Special) to heapauxi.o(.text) for __use_two_region_memory
    startup_stm32f103xb.o(RESET) refers to startup_stm32f103xb.o(STACK) for __initial_sp
    startup_stm32f103xb.o(RESET) refers to startup_stm32f103xb.o(.text) for Reset_Handler
    startup_stm32f103xb.o(RESET) refers to stm32f1xx_it.o(i.NMI_Handler) for NMI_Handler
    startup_stm32f103xb.o(RESET) refers to stm32f1xx_it.o(i.HardFault_Handler) for HardFault_Handler
    startup_stm32f103xb.o(RESET) refers to stm32f1xx_it.o(i.MemManage_Handler) for MemManage_Handler
    startup_stm32f103xb.o(RESET) refers to stm32f1xx_it.o(i.BusFault_Handler) for BusFault_Handler
    startup_stm32f103xb.o(RESET) refers to stm32f1xx_it.o(i.UsageFault_Handler) for UsageFault_Handler
    startup_stm32f103xb.o(RESET) refers to stm32f1xx_it.o(i.SVC_Handler) for SVC_Handler
    startup_stm32f103xb.o(RESET) refers to stm32f1xx_it.o(i.DebugMon_Handler) for DebugMon_Handler
    startup_stm32f103xb.o(RESET) refers to stm32f1xx_it.o(i.PendSV_Handler) for PendSV_Handler
    startup_stm32f103xb.o(RESET) refers to stm32f1xx_it.o(i.SysTick_Handler) for SysTick_Handler
    startup_stm32f103xb.o(RESET) refers to stm32f1xx_it.o(i.USB_LP_CAN1_RX0_IRQHandler) for USB_LP_CAN1_RX0_IRQHandler
    startup_stm32f103xb.o(.text) refers (Special) to heapauxi.o(.text) for __use_two_region_memory
    startup_stm32f103xb.o(.text) refers to system_stm32f1xx.o(i.SystemInit) for SystemInit
    startup_stm32f103xb.o(.text) refers to __main.o(!!!main) for __main
    startup_stm32f103xb.o(.text) refers to startup_stm32f103xb.o(HEAP) for Heap_Mem
    startup_stm32f103xb.o(.text) refers to startup_stm32f103xb.o(STACK) for Stack_Mem
    boot_comm.o(i.BootComm_ClearBuffer) refers to rt_memclr.o(.text) for __aeabi_memclr
    boot_comm.o(i.BootComm_ClearBuffer) refers to boot_comm.o(.bss) for .bss
    boot_comm.o(i.BootComm_FinalizeAndSend) refers to boot_comm.o(i.BootComm_ComputeChecksum) for BootComm_ComputeChecksum
    boot_comm.o(i.BootComm_FinalizeAndSend) refers to boot_comm.o(i.Code_0x1A) for Code_0x1A
    boot_comm.o(i.BootComm_FinalizeAndSend) refers to usbd_cdc_if.o(i.CDC_Transmit_FS) for CDC_Transmit_FS
    boot_comm.o(i.BootComm_FinalizeAndSend) refers to boot_comm.o(.bss) for .bss
    boot_comm.o(i.BootComm_HandleCommand) refers to boot_comm.o(i.BootComm_ClearBuffer) for BootComm_ClearBuffer
    boot_comm.o(i.BootComm_HandleCommand) refers to boot_comm.o(i.BootComm_FinalizeAndSend) for BootComm_FinalizeAndSend
    boot_comm.o(i.BootComm_HandleCommand) refers to boot_comm.o(i.Report_To_PC) for Report_To_PC
    boot_comm.o(i.BootComm_HandleCommand) refers to bootloader.o(i.Bootloader_RequestApplicationStart) for Bootloader_RequestApplicationStart
    boot_comm.o(i.BootComm_HandleCommand) refers to bootloader.o(i.Bootloader_SetStayInBootloader) for Bootloader_SetStayInBootloader
    boot_comm.o(i.BootComm_HandleCommand) refers to bootloader.o(i.Bootloader_ClearRequestFlagIfNeeded) for Bootloader_ClearRequestFlagIfNeeded
    boot_comm.o(i.BootComm_HandleCommand) refers to boot_comm.o(i.BootComm_SendAck) for BootComm_SendAck
    boot_comm.o(i.BootComm_HandleCommand) refers to boot_comm.o(.bss) for .bss
    boot_comm.o(i.BootComm_Init) refers to boot_comm.o(i.BootComm_ClearBuffer) for BootComm_ClearBuffer
    boot_comm.o(i.BootComm_Init) refers to stm32f1xx_hal.o(i.HAL_GetTick) for HAL_GetTick
    boot_comm.o(i.BootComm_Init) refers to boot_comm.o(i.Report_To_PC) for Report_To_PC
    boot_comm.o(i.BootComm_Init) refers to boot_comm.o(.data) for .data
    boot_comm.o(i.BootComm_OnPacketReceived) refers to boot_comm.o(i.BootComm_ComputeChecksum) for BootComm_ComputeChecksum
    boot_comm.o(i.BootComm_OnPacketReceived) refers to boot_comm.o(i.BootComm_HandleCommand) for BootComm_HandleCommand
    boot_comm.o(i.BootComm_ReportStatus) refers to boot_comm.o(i.Report_To_PC) for Report_To_PC
    boot_comm.o(i.BootComm_SendAck) refers to boot_comm.o(i.BootComm_ClearBuffer) for BootComm_ClearBuffer
    boot_comm.o(i.BootComm_SendAck) refers to boot_comm.o(i.BootComm_FinalizeAndSend) for BootComm_FinalizeAndSend
    boot_comm.o(i.BootComm_SendAck) refers to boot_comm.o(.bss) for .bss
    boot_comm.o(i.BootComm_Task) refers to stm32f1xx_hal.o(i.HAL_GetTick) for HAL_GetTick
    boot_comm.o(i.BootComm_Task) refers to boot_comm.o(i.Report_To_PC) for Report_To_PC
    boot_comm.o(i.BootComm_Task) refers to boot_comm.o(.data) for .data
    boot_comm.o(i.Clear_All_Buffers) refers to boot_comm.o(i.BootComm_ClearBuffer) for BootComm_ClearBuffer
[...]
    .text                                    0x08000208   Section       68  rt_memclr.o(.text)
    .text                                    0x0800024c   Section       78  rt_memclr_w.o(.text)
    .text                                    0x0800029a   Section        0  heapauxi.o(.text)
    .text                                    0x080002a0   Section       74  sys_stackheap_outer.o(.text)
    .text                                    0x080002ea   Section        0  exit.o(.text)
    .text                                    0x080002fc   Section        8  libspace.o(.text)
    .text                                    0x08000304   Section        0  sys_exit.o(.text)
    .text                                    0x08000310   Section        2  use_no_semi.o(.text)
    .text                                    0x08000312   Section        0  indicate_semi.o(.text)
    i.BootComm_ClearBuffer                   0x08000314   Section        0  boot_comm.o(i.BootComm_ClearBuffer)
    BootComm_ClearBuffer                     0x08000315   Thumb Code     8  boot_comm.o(i.BootComm_ClearBuffer)
    i.BootComm_ComputeChecksum               0x08000320   Section        0  boot_comm.o(i.BootComm_ComputeChecksum)
    BootComm_ComputeChecksum                 0x08000321   Thumb Code    22  boot_comm.o(i.BootComm_ComputeChecksum)
    i.BootComm_FinalizeAndSend               0x08000338   Section        0  boot_comm.o(i.BootComm_FinalizeAndSend)
    BootComm_FinalizeAndSend                 0x08000339   Thumb Code    48  boot_comm.o(i.BootComm_FinalizeAndSend)
    i.BootComm_HandleCommand                 0x0800036c   Section        0  boot_comm.o(i.BootComm_HandleCommand)
    BootComm_HandleCommand                   0x0800036d   Thumb Code   118  boot_comm.o(i.BootComm_HandleCommand)
    i.BootComm_OnPacketReceived              0x080003e8   Section        0  boot_comm.o(i.BootComm_OnPacketReceived)
    i.BootComm_SendAck                       0x08000420   Section        0  boot_comm.o(i.BootComm_SendAck)
    BootComm_SendAck                         0x08000421   Thumb Code    42  boot_comm.o(i.BootComm_SendAck)
    i.Bootloader_ClearRequestFlagIfNeeded    0x08000450   Section        0  bootloader.o(i.Bootloader_ClearRequestFlagIfNeeded)
    i.Bootloader_GetStatus                   0x08000490   Section        0  bootloader.o(i.Bootloader_GetStatus)
    i.Bootloader_IsApplicationValid          0x080004b8   Section        0  bootloader.o(i.Bootloader_IsApplicationValid)
    Bootloader_IsApplicationValid            0x080004b9   Thumb Code    48  bootloader.o(i.Bootloader_IsApplicationValid)
    i.Bootloader_JumpToApplication           0x080004ec   Section        0  bootloader.o(i.Bootloader_JumpToApplication)
    Bootloader_JumpToApplication             0x080004ed   Thumb Code    46  bootloader.o(i.Bootloader_JumpToApplication)
    i.Bootloader_RequestApplicationStart     0x08000524   Section        0  bootloader.o(i.Bootloader_RequestApplicationStart)
    i.Bootloader_SetStayInBootloader         0x08000534   Section        0  bootloader.o(i.Bootloader_SetStayInBootloader)
    i.Bootloader_StartupCheck                0x08000540   Section        0  bootloader.o(i.Bootloader_StartupCheck)
    i.BusFault_Handler                       0x08000584   Section        0  stm32f1xx_it.o(i.BusFault_Handler)
    i.CDC_Control_FS                         0x08000586   Section        0  usbd_cdc_if.o(i.CDC_Control_FS)
    CDC_Control_FS                           0x08000587   Thumb Code     4  usbd_cdc_if.o(i.CDC_Control_FS)
    i.CDC_DeInit_FS                          0x0800058a   Section        0  usbd_cdc_if.o(i.CDC_DeInit_FS)
    CDC_DeInit_FS                            0x0800058b   Thumb Code     4  usbd_cdc_if.o(i.CDC_DeInit_FS)
    i.CDC_Init_FS                            0x08000590   Section        0  usbd_cdc_if.o(i.CDC_Init_FS)
    CDC_Init_FS                              0x08000591   Thumb Code    26  usbd_cdc_if.o(i.CDC_Init_FS)
    i.CDC_Receive_FS                         0x080005b4   Section        0  usbd_cdc_if.o(i.CDC_Receive_FS)
    CDC_Receive_FS                           0x080005b5   Thumb Code    28  usbd_cdc_if.o(i.CDC_Receive_FS)
    i.CDC_Transmit_FS                        0x080005d4   Section        0  usbd_cdc_if.o(i.CDC_Transmit_FS)
    i.Code_0x1A                              0x08000600   Section        0  boot_comm.o(i.Code_0x1A)
    i.DebugMon_Handler                       0x0800064c   Section        0  stm32f1xx_it.o(i.DebugMon_Handler)
    i.Error_Handler                          0x0800064e   Section        0  main.o(i.Error_Handler)
    i.FLASH_MassErase                        0x08000654   Section        0  stm32f1xx_hal_flash_ex.o(i.FLASH_MassErase)
    FLASH_MassErase                          0x08000655   Thumb Code    26  stm32f1xx_hal_flash_ex.o(i.FLASH_MassErase)
    i.FLASH_PageErase                        0x08000678   Section        0  stm32f1xx_hal_flash_ex.o(i.FLASH_PageErase)
    i.FLASH_SetErrorCode                     0x0800069c   Section        0  stm32f1xx_hal_flash.o(i.FLASH_SetErrorCode)
    FLASH_SetErrorCode                       0x0800069d   Thumb Code    84  stm32f1xx_hal_flash.o(i.FLASH_SetErrorCode)
    i.FLASH_WaitForLastOperation             0x080006f8   Section        0  stm32f1xx_hal_flash.o(i.FLASH_WaitForLastOperation)
    i.HAL_DeInit                             0x0800074c   Section        0  stm32f1xx_hal.o(i.HAL_DeInit)
    i.HAL_Delay                              0x0800076c   Section        0  stm32f1xx_hal.o(i.HAL_Delay)
    i.HAL_FLASHEx_Erase                      0x08000790   Section        0  stm32f1xx_hal_flash_ex.o(i.HAL_FLASHEx_Erase)
    i.HAL_FLASH_Lock                         0x08000838   Section        0  stm32f1xx_hal_flash.o(i.HAL_FLASH_Lock)
    i.HAL_FLASH_Unlock                       0x0800084c   Section        0  stm32f1xx_hal_flash.o(i.HAL_FLASH_Unlock)
    i.HAL_GPIO_Init                          0x08000874   Section        0  stm32f1xx_hal_gpio.o(i.HAL_GPIO_Init)
    i.HAL_GPIO_WritePin                      0x08000a54   Section        0  stm32f1xx_hal_gpio.o(i.HAL_GPIO_WritePin)
    i.HAL_GetTick                            0x08000a60   Section        0  stm32f1xx_hal.o(i.HAL_GetTick)
    i.HAL_IncTick                            0x08000a6c   Section        0  stm32f1xx_hal.o(i.HAL_IncTick)
    i.HAL_Init                               0x08000a7c   Section        0  stm32f1xx_hal.o(i.HAL_Init)
    i.HAL_InitTick                           0x08000aa0   Section        0  stm32f1xx_hal.o(i.HAL_InitTick)
    i.HAL_MspDeInit                          0x08000ae0   Section        0  stm32f1xx_hal.o(i.HAL_MspDeInit)
    i.HAL_MspInit                            0x08000ae4   Section        0  stm32f1xx_hal_msp.o(i.HAL_MspInit)
    i.HAL_NVIC_EnableIRQ                     0x08000b20   Section        0  stm32f1xx_hal_cortex.o(i.HAL_NVIC_EnableIRQ)
    i.HAL_NVIC_SetPriority                   0x08000b3c   Section        0  stm32f1xx_hal_cortex.o(i.HAL_NVIC_SetPriority)
    i.HAL_NVIC_SetPriorityGrouping           0x08000b7c   Section        0  stm32f1xx_hal_cortex.o(i.HAL_NVIC_SetPriorityGrouping)
    i.HAL_PCDEx_PMAConfig                    0x08000ba0   Section        0  stm32f1xx_hal_pcd_ex.o(i.HAL_PCDEx_PMAConfig)
    i.HAL_PCDEx_SetConnectionState           0x08000bdc   Section        0  usbd_conf.o(i.HAL_PCDEx_SetConnectionState)
    i.HAL_PCD_DataInStageCallback            0x08000bde   Section        0  usbd_conf.o(i.HAL_PCD_DataInStageCallback)
    i.HAL_PCD_DataOutStageCallback           0x08000bf0   Section        0  usbd_conf.o(i.HAL_PCD_DataOutStageCallback)
    i.HAL_PCD_EP_Close                       0x08000c04   Section        0  stm32f1xx_hal_pcd.o(i.HAL_PCD_EP_Close)
    i.HAL_PCD_EP_ClrStall                    0x08000c4e   Section        0  stm32f1xx_hal_pcd.o(i.HAL_PCD_EP_ClrStall)
    i.HAL_PCD_EP_DB_Receive                  0x08000ca8   Section        0  stm32f1xx_hal_pcd.o(i.HAL_PCD_EP_DB_Receive)
    HAL_PCD_EP_DB_Receive                    0x08000ca9   Thumb Code   230  stm32f1xx_hal_pcd.o(i.HAL_PCD_EP_DB_Receive)
    i.HAL_PCD_EP_DB_Transmit                 0x08000d8e   Section        0  stm32f1xx_hal_pcd.o(i.HAL_PCD_EP_DB_Transmit)
    HAL_PCD_EP_DB_Transmit                   0x08000d8f   Thumb Code   824  stm32f1xx_hal_pcd.o(i.HAL_PCD_EP_DB_Transmit)
    i.HAL_PCD_EP_GetRxCount                  0x080010c6   Section        0  stm32f1xx_hal_pcd.o(i.HAL_PCD_EP_GetRxCount)
    i.HAL_PCD_EP_Open                        0x080010d8   Section        0  stm32f1xx_hal_pcd.o(i.HAL_PCD_EP_Open)
    i.HAL_PCD_EP_Receive                     0x08001130   Section        0  stm32f1xx_hal_pcd.o(i.HAL_PCD_EP_Receive)
    i.HAL_PCD_EP_SetStall                    0x0800115e   Section        0  stm32f1xx_hal_pcd.o(i.HAL_PCD_EP_SetStall)
    i.HAL_PCD_EP_Transmit                    0x080011ce   Section        0  stm32f1xx_hal_pcd.o(i.HAL_PCD_EP_Transmit)
    i.HAL_PCD_IRQHandler                     0x080011fc   Section        0  stm32f1xx_hal_pcd.o(i.HAL_PCD_IRQHandler)
    i.HAL_PCD_Init                           0x08001330   Section        0  stm32f1xx_hal_pcd.o(i.HAL_PCD_Init)
    i.HAL_PCD_MspInit                        0x080013ec   Section        0  usbd_conf.o(i.HAL_PCD_MspInit)
    i.HAL_PCD_ResetCallback                  0x08001428   Section        0  usbd_conf.o(i.HAL_PCD_ResetCallback)
    i.HAL_PCD_ResumeCallback                 0x0800144e   Section        0  usbd_conf.o(i.HAL_PCD_ResumeCallback)
    i.HAL_PCD_SOFCallback                    0x08001456   Section        0  usbd_conf.o(i.HAL_PCD_SOFCallback)
    i.HAL_PCD_SetAddress                     0x0800145e   Section        0  stm32f1xx_hal_pcd.o(i.HAL_PCD_SetAddress)
    i.HAL_PCD_SetupStageCallback             0x08001484   Section        0  usbd_conf.o(i.HAL_PCD_SetupStageCallback)
    i.HAL_PCD_Start                          0x08001492   Section        0  stm32f1xx_hal_pcd.o(i.HAL_PCD_Start)
    i.HAL_PCD_SuspendCallback                0x080014c4   Section        0  usbd_conf.o(i.HAL_PCD_SuspendCallback)
    i.HAL_RCCEx_PeriphCLKConfig              0x080014e8   Section        0  stm32f1xx_hal_rcc_ex.o(i.HAL_RCCEx_PeriphCLKConfig)
    i.HAL_RCC_ClockConfig                    0x080015d4   Section        0  stm32f1xx_hal_rcc.o(i.HAL_RCC_ClockConfig)
    i.HAL_RCC_DeInit                         0x08001700   Section        0  stm32f1xx_hal_rcc.o(i.HAL_RCC_DeInit)
    i.HAL_RCC_GetSysClockFreq                0x080017dc   Section        0  stm32f1xx_hal_rcc.o(i.HAL_RCC_GetSysClockFreq)
    i.HAL_RCC_OscConfig                      0x08001828   Section        0  stm32f1xx_hal_rcc.o(i.HAL_RCC_OscConfig)
    i.HAL_SYSTICK_Config                     0x08001b48   Section        0  stm32f1xx_hal_cortex.o(i.HAL_SYSTICK_Config)
    i.HardFault_Handler                      0x08001b70   Section        0  stm32f1xx_it.o(i.HardFault_Handler)
    i.IntToUnicode                           0x08001b74   Section        0  usbd_desc.o(i.IntToUnicode)
    IntToUnicode                             0x08001b75   Thumb Code    56  usbd_desc.o(i.IntToUnicode)
    i.MX_GPIO_Init                           0x08001bac   Section        0  gpio.o(i.MX_GPIO_Init)
    i.MX_USB_DEVICE_Init                     0x08001c1c   Section        0  usb_device.o(i.MX_USB_DEVICE_Init)
    i.MemManage_Handler                      0x08001c70   Section        0  stm32f1xx_it.o(i.MemManage_Handler)
    i.NMI_Handler                            0x08001c72   Section        0  stm32f1xx_it.o(i.NMI_Handler)
    i.PCD_EP_ISR_Handler                     0x08001c74   Section        0  stm32f1xx_hal_pcd.o(i.PCD_EP_ISR_Handler)
    PCD_EP_ISR_Handler                       0x08001c75   Thumb Code   934  stm32f1xx_hal_pcd.o(i.PCD_EP_ISR_Handler)
    i.PendSV_Handler                         0x0800201a   Section        0  stm32f1xx_it.o(i.PendSV_Handler)
    i.Report_To_PC                           0x0800201c   Section        0  boot_comm.o(i.Report_To_PC)
    i.SVC_Handler                            0x08002094   Section        0  stm32f1xx_it.o(i.SVC_Handler)
    i.SysTick_Handler                        0x08002096   Section        0  stm32f1xx_it.o(i.SysTick_Handler)
    i.SystemClock_Config                     0x0800209a   Section        0  main.o(i.SystemClock_Config)
    i.SystemInit                             0x08002110   Section        0  system_stm32f1xx.o(i.SystemInit)
    i.USBD_CDC_DataIn                        0x08002112   Section        0  usbd_cdc.o(i.USBD_CDC_DataIn)
    USBD_CDC_DataIn                          0x08002113   Thumb Code    70  usbd_cdc.o(i.USBD_CDC_DataIn)
    i.USBD_CDC_DataOut                       0x08002158   Section        0  usbd_cdc.o(i.USBD_CDC_DataOut)
    USBD_CDC_DataOut                         0x08002159   Thumb Code    46  usbd_cdc.o(i.USBD_CDC_DataOut)
    i.USBD_CDC_DeInit                        0x08002186   Section        0  usbd_cdc.o(i.USBD_CDC_DeInit)
    USBD_CDC_DeInit                          0x08002187   Thumb Code    68  usbd_cdc.o(i.USBD_CDC_DeInit)
    i.USBD_CDC_EP0_RxReady                   0x080021ca   Section        0  usbd_cdc.o(i.USBD_CDC_EP0_RxReady)
    USBD_CDC_EP0_RxReady                     0x080021cb   Thumb Code    36  usbd_cdc.o(i.USBD_CDC_EP0_RxReady)
    i.USBD_CDC_GetDeviceQualifierDescriptor  0x080021f0   Section        0  usbd_cdc.o(i.USBD_CDC_GetDeviceQualifierDescriptor)
    i.USBD_CDC_GetFSCfgDesc                  0x080021fc   Section        0  usbd_cdc.o(i.USBD_CDC_GetFSCfgDesc)
    USBD_CDC_GetFSCfgDesc                    0x080021fd   Thumb Code     8  usbd_cdc.o(i.USBD_CDC_GetFSCfgDesc)
    i.USBD_CDC_GetHSCfgDesc                  0x08002208   Section        0  usbd_cdc.o(i.USBD_CDC_GetHSCfgDesc)
    USBD_CDC_GetHSCfgDesc                    0x08002209   Thumb Code     8  usbd_cdc.o(i.USBD_CDC_GetHSCfgDesc)
    i.USBD_CDC_GetOtherSpeedCfgDesc          0x08002214   Section        0  usbd_cdc.o(i.USBD_CDC_GetOtherSpeedCfgDesc)
    USBD_CDC_GetOtherSpeedCfgDesc            0x08002215   Thumb Code     8  usbd_cdc.o(i.USBD_CDC_GetOtherSpeedCfgDesc)
    i.USBD_CDC_Init                          0x08002220   Section        0  usbd_cdc.o(i.USBD_CDC_Init)
    USBD_CDC_Init                            0x08002221   Thumb Code   148  usbd_cdc.o(i.USBD_CDC_Init)
    i.USBD_CDC_ReceivePacket                 0x080022b4   Section        0  usbd_cdc.o(i.USBD_CDC_ReceivePacket)
    i.USBD_CDC_RegisterInterface             0x080022dc   Section        0  usbd_cdc.o(i.USBD_CDC_RegisterInterface)
    i.USBD_CDC_SetRxBuffer                   0x080022ec   Section        0  usbd_cdc.o(i.USBD_CDC_SetRxBuffer)
    i.USBD_CDC_SetTxBuffer                   0x080022f8   Section        0  usbd_cdc.o(i.USBD_CDC_SetTxBuffer)
    i.USBD_CDC_Setup                         0x08002308   Section        0  usbd_cdc.o(i.USBD_CDC_Setup)
    USBD_CDC_Setup                           0x08002309   Thumb Code   172  usbd_cdc.o(i.USBD_CDC_Setup)
    i.USBD_CDC_TransmitPacket                0x080023b4   Section        0  usbd_cdc.o(i.USBD_CDC_TransmitPacket)
    i.USBD_ClrClassConfig                    0x080023ea   Section        0  usbd_core.o(i.USBD_ClrClassConfig)
    i.USBD_CtlContinueRx                     0x080023f8   Section        0  usbd_ioreq.o(i.USBD_CtlContinueRx)
    i.USBD_CtlContinueSendData               0x08002408   Section        0  usbd_ioreq.o(i.USBD_CtlContinueSendData)
    i.USBD_CtlError                          0x08002418   Section        0  usbd_ctlreq.o(i.USBD_CtlError)
    i.USBD_CtlPrepareRx                      0x0800242e   Section        0  usbd_ioreq.o(i.USBD_CtlPrepareRx)
    i.USBD_CtlReceiveStatus                  0x0800244c   Section        0  usbd_ioreq.o(i.USBD_CtlReceiveStatus)
    i.USBD_CtlSendData                       0x08002462   Section        0  usbd_ioreq.o(i.USBD_CtlSendData)
    i.USBD_CtlSendStatus                     0x0800247c   Section        0  usbd_ioreq.o(i.USBD_CtlSendStatus)
    i.USBD_FS_ConfigStrDescriptor            0x08002494   Section        0  usbd_desc.o(i.USBD_FS_ConfigStrDescriptor)
    i.USBD_FS_DeviceDescriptor               0x080024b4   Section        0  usbd_desc.o(i.USBD_FS_DeviceDescriptor)
    i.USBD_FS_InterfaceStrDescriptor         0x080024c0   Section        0  usbd_desc.o(i.USBD_FS_InterfaceStrDescriptor)
    i.USBD_FS_LangIDStrDescriptor            0x080024e4   Section        0  usbd_desc.o(i.USBD_FS_LangIDStrDescriptor)
    i.USBD_FS_ManufacturerStrDescriptor      0x080024f0   Section        0  usbd_desc.o(i.USBD_FS_ManufacturerStrDescriptor)
    i.USBD_FS_ProductStrDescriptor           0x08002518   Section        0  usbd_desc.o(i.USBD_FS_ProductStrDescriptor)
    i.USBD_FS_SerialStrDescriptor            0x08002544   Section        0  usbd_desc.o(i.USBD_FS_SerialStrDescriptor)
    i.USBD_GetDescriptor                     0x0800257c   Section        0  usbd_ctlreq.o(i.USBD_GetDescriptor)
    USBD_GetDescriptor                       0x0800257d   Thumb Code   232  usbd_ctlreq.o(i.USBD_GetDescriptor)
    i.USBD_GetString                         0x08002664   Section        0  usbd_ctlreq.o(i.USBD_GetString)
    i.USBD_Get_USB_Status                    0x080026ac   Section        0  usbd_conf.o(i.USBD_Get_USB_Status)
    USBD_Get_USB_Status                      0x080026ad   Thumb Code    24  usbd_conf.o(i.USBD_Get_USB_Status)
    i.USBD_Init                              0x080026c4   Section        0  usbd_core.o(i.USBD_Init)
    i.USBD_LL_ClearStallEP                   0x080026ee   Section        0  usbd_conf.o(i.USBD_LL_ClearStallEP)
    i.USBD_LL_CloseEP                        0x08002700   Section        0  usbd_conf.o(i.USBD_LL_CloseEP)
    i.USBD_LL_DataInStage                    0x08002712   Section        0  usbd_core.o(i.USBD_LL_DataInStage)
    i.USBD_LL_DataOutStage                   0x080027d8   Section        0  usbd_core.o(i.USBD_LL_DataOutStage)
    i.USBD_LL_GetRxDataSize                  0x0800285a   Section        0  usbd_conf.o(i.USBD_LL_GetRxDataSize)
    i.USBD_LL_Init                           0x08002864   Section        0  usbd_conf.o(i.USBD_LL_Init)
    i.USBD_LL_IsStallEP                      0x080028e4   Section        0  usbd_conf.o(i.USBD_LL_IsStallEP)
    i.USBD_LL_OpenEP                         0x08002902   Section        0  usbd_conf.o(i.USBD_LL_OpenEP)
    i.USBD_LL_PrepareReceive                 0x0800291a   Section        0  usbd_conf.o(i.USBD_LL_PrepareReceive)
    i.USBD_LL_Reset                          0x0800292c   Section        0  usbd_core.o(i.USBD_LL_Reset)
    i.USBD_LL_Resume                         0x0800297c   Section        0  usbd_core.o(i.USBD_LL_Resume)
    i.USBD_LL_SOF                            0x08002990   Section        0  usbd_core.o(i.USBD_LL_SOF)
    i.USBD_LL_SetSpeed                       0x080029a8   Section        0  usbd_core.o(i.USBD_LL_SetSpeed)
    i.USBD_LL_SetUSBAddress                  0x080029ae   Section        0  usbd_conf.o(i.USBD_LL_SetUSBAddress)
    i.USBD_LL_SetupStage                     0x080029c0   Section        0  usbd_core.o(i.USBD_LL_SetupStage)
    i.USBD_LL_StallEP                        0x08002a1a   Section        0  usbd_conf.o(i.USBD_LL_StallEP)
    i.USBD_LL_Start                          0x08002a2c   Section        0  usbd_conf.o(i.USBD_LL_Start)
    i.USBD_LL_Suspend                        0x08002a3e   Section        0  usbd_core.o(i.USBD_LL_Suspend)
    i.USBD_LL_Transmit                       0x08002a50   Section        0  usbd_conf.o(i.USBD_LL_Transmit)
    i.USBD_ParseSetupRequest                 0x08002a62   Section        0  usbd_ctlreq.o(i.USBD_ParseSetupRequest)
    i.USBD_RegisterClass                     0x08002a8a   Section        0  usbd_core.o(i.USBD_RegisterClass)
    i.USBD_SetClassConfig                    0x08002a9a   Section        0  usbd_core.o(i.USBD_SetClassConfig)
    i.USBD_SetConfig                         0x08002ab0   Section        0  usbd_ctlreq.o(i.USBD_SetConfig)
    USBD_SetConfig                           0x08002ab1   Thumb Code   128  usbd_ctlreq.o(i.USBD_SetConfig)
    i.USBD_Start                             0x08002b34   Section        0  usbd_core.o(i.USBD_Start)
    i.USBD_StdDevReq                         0x08002b3e   Section        0  usbd_ctlreq.o(i.USBD_StdDevReq)
    i.USBD_StdEPReq                          0x08002c50   Section        0  usbd_ctlreq.o(i.USBD_StdEPReq)
    i.USBD_StdItfReq                         0x08002da0   Section        0  usbd_ctlreq.o(i.USBD_StdItfReq)
    i.USBD_static_free                       0x08002dee   Section        0  usbd_conf.o(i.USBD_static_free)
    i.USBD_static_malloc                     0x08002df0   Section        0  usbd_conf.o(i.USBD_static_malloc)
    i.USB_ActivateEndpoint                   0x08002df8   Section        0  stm32f1xx_ll_usb.o(i.USB_ActivateEndpoint)
    i.USB_CoreInit                           0x08003094   Section        0  stm32f1xx_ll_usb.o(i.USB_CoreInit)
    i.USB_DeactivateEndpoint                 0x08003098   Section        0  stm32f1xx_ll_usb.o(i.USB_DeactivateEndpoint)
    i.USB_DevConnect                         0x080031a6   Section        0  stm32f1xx_ll_usb.o(i.USB_DevConnect)
    i.USB_DevDisconnect                      0x080031aa   Section        0  stm32f1xx_ll_usb.o(i.USB_DevDisconnect)
    i.USB_DevInit                            0x080031ae   Section        0  stm32f1xx_ll_usb.o(i.USB_DevInit)
    i.USB_DisableGlobalInt                   0x080031c0   Section        0  stm32f1xx_ll_usb.o(i.USB_DisableGlobalInt)
    i.USB_EP0_OutStart                       0x080031ce   Section        0  stm32f1xx_ll_usb.o(i.USB_EP0_OutStart)
    i.USB_EPClearStall                       0x080031d2   Section        0  stm32f1xx_ll_usb.o(i.USB_EPClearStall)
    i.USB_EPSetStall                         0x0800324a   Section        0  stm32f1xx_ll_usb.o(i.USB_EPSetStall)
    i.USB_EPStartXfer                        0x0800327c   Section        0  stm32f1xx_ll_usb.o(i.USB_EPStartXfer)
    i.USB_EnableGlobalInt                    0x0800375e   Section        0  stm32f1xx_ll_usb.o(i.USB_EnableGlobalInt)
    i.USB_LP_CAN1_RX0_IRQHandler             0x08003770   Section        0  stm32f1xx_it.o(i.USB_LP_CAN1_RX0_IRQHandler)
    i.USB_ReadInterrupts                     0x0800377c   Section        0  stm32f1xx_ll_usb.o(i.USB_ReadInterrupts)
    i.USB_ReadPMA                            0x08003784   Section        0  stm32f1xx_ll_usb.o(i.USB_ReadPMA)
    i.USB_SetCurrentMode                     0x080037b0   Section        0  stm32f1xx_ll_usb.o(i.USB_SetCurrentMode)
    i.USB_SetDevAddress                      0x080037b4   Section        0  stm32f1xx_ll_usb.o(i.USB_SetDevAddress)
    i.USB_WritePMA                           0x080037c0   Section        0  stm32f1xx_ll_usb.o(i.USB_WritePMA)
    i.UsageFault_Handler                     0x080037e6   Section        0  stm32f1xx_it.o(i.UsageFault_Handler)
    i.__NVIC_SetPriority                     0x080037e8   Section        0  stm32f1xx_hal_cortex.o(i.__NVIC_SetPriority)
    __NVIC_SetPriority                       0x080037e9   Thumb Code    32  stm32f1xx_hal_cortex.o(i.__NVIC_SetPriority)
    i.main                                   0x08003808   Section        0  main.o(i.main)
    .constdata                               0x08003844   Section       18  stm32f1xx_hal_rcc.o(.constdata)
    aPredivFactorTable                       0x08003844   Data           2  stm32f1xx_hal_rcc.o(.constdata)
    aPLLMULFactorTable                       0x08003846   Data          16  stm32f1xx_hal_rcc.o(.constdata)
    .constdata                               0x08003856   Section       16  system_stm32f1xx.o(.constdata)
    .data                                    0x20000000   Section        8  boot_comm.o(.data)
    com_Counter                              0x20000000   Data           4  boot_comm.o(.data)
    lastStatusTick                           0x20000004   Data           4  boot_comm.o(.data)
    .data                                    0x20000008   Section        3  bootloader.o(.data)
    s_bootloaderRequested                    0x20000008   Data           1  bootloader.o(.data)
    s_stayInBootloader                       0x20000009   Data           1  bootloader.o(.data)
    s_applicationLaunchRequested             0x2000000a   Data           1  bootloader.o(.data)
    .data                                    0x2000000c   Section       28  usbd_desc.o(.data)
    .data                                    0x20000028   Section       50  usbd_desc.o(.data)
    .data                                    0x2000005c   Section       16  usbd_cdc_if.o(.data)
    .data                                    0x2000006c   Section       12  stm32f1xx_hal.o(.data)
    .data                                    0x20000078   Section        4  system_stm32f1xx.o(.data)
    .data                                    0x2000007c   Section        1  usbd_ctlreq.o(.data)
    cfgidx                                   0x2000007c   Data           1  usbd_ctlreq.o(.data)
    .data                                    0x20000080   Section      215  usbd_cdc.o(.data)
    USBD_CDC_DeviceQualifierDesc             0x20000080   Data          10  usbd_cdc.o(.data)
    .data                                    0x20000158   Section       56  usbd_cdc.o(.data)
    .bss                                     0x20000190   Section       56  boot_comm.o(.bss)
    tx_buff                                  0x20000190   Data          56  boot_comm.o(.bss)
    .bss                                     0x200001c8   Section      708  usb_device.o(.bss)
    .bss                                     0x2000048c   Section      512  usbd_desc.o(.bss)
    .bss                                     0x2000068c   Section      128  usbd_cdc_if.o(.bss)
    .bss                                     0x2000070c   Section     1272  usbd_conf.o(.bss)
    mem                                      0x2000070c   Data         544  usbd_conf.o(.bss)
    .bss                                     0x20000c08   Section       32  stm32f1xx_hal_flash.o(.bss)
    .bss                                     0x20000c28   Section       96  libspace.o(.bss)
    HEAP                                     0x20000c88   Section      512  startup_stm32f103xb.o(HEAP)
    Heap_Mem                                 0x20000c88   Data         512  startup_stm32f103xb.o(HEAP)
    STACK                                    0x20000e88   Section     1024  startup_stm32f103xb.o(STACK)
    Stack_Mem                                0x20000e88   Data        1024  startup_stm32f103xb.o(STACK)
    __initial_sp                             0x20001288   Data           0  startup_stm32f103xb.o(STACK)

    Global Symbols

    Symbol Name                              Value     Ov Type        Size  Object(Section)

    BuildAttributes$$THM_ISAv4$P$D$K$B$S$PE$A:L22UL41UL21$X:L11$S22US41US21$IEEE1$IW$USESV6$~STKCKD$USESV7$~SHL$OSPACE$ROPI$EBA8$UX$STANDARDLIB$REQ8$PRES8$EABIv2 0x00000000   Number         0  anon$$obj.o ABSOLUTE
    __ARM_use_no_argv                        0x00000000   Number         0  main.o ABSOLUTE
    __ARM_exceptions_init                     - Undefined Weak Reference
    __alloca_initialize                       - Undefined Weak Reference
    __arm_fini_                               - Undefined Weak Reference
    __arm_preinit_                            - Undefined Weak Reference
    __cpp_initialize__aeabi_                  - Undefined Weak Reference
    __cxa_finalize                            - Undefined Weak Reference
    __rt_locale                               - Undefined Weak Reference
    __sigvec_lookup                           - Undefined Weak Reference
    _atexit_init                              - Undefined Weak Reference
    _call_atexit_fns                          - Undefined Weak Reference
    _clock_init                               - Undefined Weak Reference
    _fp_trap_init                             - Undefined Weak Reference
    _fp_trap_shutdown                         - Undefined Weak Reference
    _get_lc_collate                           - Undefined Weak Reference
    _get_lc_ctype                             - Undefined Weak Reference
    _get_lc_monetary                          - Undefined Weak Reference
    _get_lc_numeric                           - Undefined Weak Reference
    _get_lc_time                              - Undefined Weak Reference
    _getenv_init                              - Undefined Weak Reference
    _handle_redirection                       - Undefined Weak Reference
    _init_alloc                               - Undefined Weak Reference
    _init_user_alloc                          - Undefined Weak Reference
    _initio                                   - Undefined Weak Reference
    _rand_init                                - Undefined Weak Reference
    _signal_finish                            - Undefined Weak Reference
    _signal_init                              - Undefined Weak Reference
    _terminate_alloc                          - Undefined Weak Reference
    _terminate_user_alloc                     - Undefined Weak Reference
    _terminateio                              - Undefined Weak Reference
    __Vectors_Size                           0x000000ec   Number         0  startup_stm32f103xb.o ABSOLUTE
    __Vectors                                0x08000000   Data           4  startup_stm32f103xb.o(RESET)
    __Vectors_End                            0x080000ec   Data           0  startup_stm32f103xb.o(RESET)
    __main                                   0x080000ed   Thumb Code     8  __main.o(!!!main)
    __scatterload                            0x080000f5   Thumb Code     0  __scatter.o(!!!scatter)
    __scatterload_rt2                        0x080000f5   Thumb Code    44  __scatter.o(!!!scatter)
    __scatterload_rt2_thumb_only             0x080000f5   Thumb Code     0  __scatter.o(!!!scatter)
    __scatterload_null                       0x08000103   Thumb Code     0  __scatter.o(!!!scatter)
    __decompress                             0x08000129   Thumb Code    90  __dczerorl2.o(!!dczerorl2)
    __decompress1                            0x08000129   Thumb Code     0  __dczerorl2.o(!!dczerorl2)
    __scatterload_zeroinit                   0x08000185   Thumb Code    28  __scatter_zi.o(!!handler_zi)
    __rt_lib_init                            0x080001a1   Thumb Code     0  libinit.o(.ARM.Collect$$libinit$$00000000)
    __rt_lib_init_alloca_1                   0x080001a3   Thumb Code     0  libinit2.o(.ARM.Collect$$libinit$$0000002E)
    __rt_lib_init_argv_1                     0x080001a3   Thumb Code     0  libinit2.o(.ARM.Collect$$libinit$$0000002C)
    __rt_lib_init_atexit_1                   0x080001a3   Thumb Code     0  libinit2.o(.ARM.Collect$$libinit$$0000001B)
    __rt_lib_init_clock_1                    0x080001a3   Thumb Code     0  libinit2.o(.ARM.Collect$$libinit$$00000021)
    __rt_lib_init_cpp_1                      0x080001a3   Thumb Code     0  libinit2.o(.ARM.Collect$$libinit$$00000032)
    __rt_lib_init_exceptions_1               0x080001a3   Thumb Code     0  libinit2.o(.ARM.Collect$$libinit$$00000030)
    __rt_lib_init_fp_1                       0x080001a3   Thumb Code     0  libinit2.o(.ARM.Collect$$libinit$$00000002)
    __rt_lib_init_fp_trap_1                  0x080001a3   Thumb Code     0  libinit2.o(.ARM.Collect$$libinit$$0000001F)
    __rt_lib_init_getenv_1                   0x080001a3   Thumb Code     0  libinit2.o(.ARM.Collect$$libinit$$00000023)
    __rt_lib_init_heap_1                     0x080001a3   Thumb Code     0  libinit2.o(.ARM.Collect$$libinit$$0000000A)
    __rt_lib_init_lc_collate_1               0x080001a3   Thumb Code     0  libinit2.o(.ARM.Collect$$libinit$$00000011)
    __rt_lib_init_lc_ctype_1                 0x080001a3   Thumb Code     0  libinit2.o(.ARM.Collect$$libinit$$00000013)
    __rt_lib_init_lc_monetary_1              0x080001a3   Thumb Code     0  libinit2.o(.ARM.Collect$$libinit$$00000015)
    __rt_lib_init_lc_numeric_1               0x080001a3   Thumb Code     0  libinit2.o(.ARM.Collect$$libinit$$00000017)
    __rt_lib_init_lc_time_1                  0x080001a3   Thumb Code     0  libinit2.o(.ARM.Collect$$libinit$$00000019)
    __rt_lib_init_preinit_1                  0x080001a3   Thumb Code     0  libinit2.o(.ARM.Collect$$libinit$$00000004)
    __rt_lib_init_rand_1                     0x080001a3   Thumb Code     0  libinit2.o(.ARM.Collect$$libinit$$0000000E)
    __rt_lib_init_return                     0x080001a3   Thumb Code     0  libinit2.o(.ARM.Collect$$libinit$$00000033)
    __rt_lib_init_signal_1                   0x080001a3   Thumb Code     0  libinit2.o(.ARM.Collect$$libinit$$0000001D)
    __rt_lib_init_stdio_1                    0x080001a3   Thumb Code     0  libinit2.o(.ARM.Collect$$libinit$$00000025)
    __rt_lib_init_user_alloc_1               0x080001a3   Thumb Code     0  libinit2.o(.ARM.Collect$$libinit$$0000000C)
    __rt_lib_shutdown                        0x080001a5   Thumb Code     0  libshutdown.o(.ARM.Collect$$libshutdown$$00000000)
    __rt_lib_shutdown_cpp_1                  0x080001a7   Thumb Code     0  libshutdown2.o(.ARM.Collect$$libshutdown$$00000004)
    __rt_lib_shutdown_fini_1                 0x080001a7   Thumb Code     0  libshutdown2.o(.ARM.Collect$$libshutdown$$00000002)
    __rt_lib_shutdown_fp_trap_1              0x080001a7   Thumb Code     0  libshutdown2.o(.ARM.Collect$$libshutdown$$00000009)
    __rt_lib_shutdown_heap_1                 0x080001a7   Thumb Code     0  libshutdown2.o(.ARM.Collect$$libshutdown$$00000011)
    __rt_lib_shutdown_return                 0x080001a7   Thumb Code     0  libshutdown2.o(.ARM.Collect$$libshutdown$$00000012)
    __rt_lib_shutdown_signal_1               0x080001a7   Thumb Code     0  libshutdown2.o(.ARM.Collect$$libshutdown$$0000000C)
    __rt_lib_shutdown_stdio_1                0x080001a7   Thumb Code     0  libshutdown2.o(.ARM.Collect$$libshutdown$$00000006)
    __rt_lib_shutdown_user_alloc_1           0x080001a7   Thumb Code     0  libshutdown2.o(.ARM.Collect$$libshutdown$$0000000E)
    __rt_entry                               0x080001a9   Thumb Code     0  __rtentry.o(.ARM.Collect$$rtentry$$00000000)
    __rt_entry_presh_1                       0x080001a9   Thumb Code     0  __rtentry2.o(.ARM.Collect$$rtentry$$00000002)
    __rt_entry_sh                            0x080001a9   Thumb Code     0  __rtentry4.o(.ARM.Collect$$rtentry$$00000004)
    __rt_entry_li                            0x080001af   Thumb Code     0  __rtentry2.o(.ARM.Collect$$rtentry$$0000000A)
    __rt_entry_postsh_1                      0x080001af   Thumb Code     0  __rtentry2.o(.ARM.Collect$$rtentry$$00000009)
    __rt_entry_main                          0x080001b3   Thumb Code     0  __rtentry2.o(.ARM.Collect$$rtentry$$0000000D)
    __rt_entry_postli_1                      0x080001b3   Thumb Code     0  __rtentry2.o(.ARM.Collect$$rtentry$$0000000C)
    __rt_exit                                0x080001bb   Thumb Code     0  rtexit.o(.ARM.Collect$$rtexit$$00000000)
    __rt_exit_ls                             0x080001bd   Thumb Code     0  rtexit2.o(.ARM.Collect$$rtexit$$00000003)
    __rt_exit_prels_1                        0x080001bd   Thumb Code     0  rtexit2.o(.ARM.Collect$$rtexit$$00000002)
    __rt_exit_exit                           0x080001c1   Thumb Code     0  rtexit2.o(.ARM.Collect$$rtexit$$00000004)
    Reset_Handler                            0x080001c9   Thumb Code     8  startup_stm32f103xb.o(.text)
    ADC1_2_IRQHandler                        0x080001e3   Thumb Code     0  startup_stm32f103xb.o(.text)
    CAN1_RX1_IRQHandler                      0x080001e3   Thumb Code     0  startup_stm32f103xb.o(.text)
    CAN1_SCE_IRQHandler                      0x080001e3   Thumb Code     0  startup_stm32f103xb.o(.text)
    DMA1_Channel1_IRQHandler                 0x080001e3   Thumb Code     0  startup_stm32f103xb.o(.text)
    DMA1_Channel2_IRQHandler                 0x080001e3   Thumb Code     0  startup_stm32f103xb.o(.text)
    DMA1_Channel3_IRQHandler                 0x080001e3   Thumb Code     0  startup_stm32f103xb.o(.text)
    DMA1_Channel4_IRQHandler                 0x080001e3   Thumb Code     0  startup_stm32f103xb.o(.text)
    DMA1_Channel5_IRQHandler                 0x080001e3   Thumb Code     0  startup_stm32f103xb.o(.text)
    DMA1_Channel6_IRQHandler                 0x080001e3   Thumb Code     0  startup_stm32f103xb.o(.text)
    DMA1_Channel7_IRQHandler                 0x080001e3   Thumb Code     0  startup_stm32f103xb.o(.text)
    EXTI0_IRQHandler                         0x080001e3   Thumb Code     0  startup_stm32f103xb.o(.text)
    EXTI15_10_IRQHandler                     0x080001e3   Thumb Code     0  startup_stm32f103xb.o(.text)
    EXTI1_IRQHandler                         0x080001e3   Thumb Code     0  startup_stm32f103xb.o(.text)
    EXTI2_IRQHandler                         0x080001e3   Thumb Code     0  startup_stm32f103xb.o(.text)
    EXTI3_IRQHandler                         0x080001e3   Thumb Code     0  startup_stm32f103xb.o(.text)
    EXTI4_IRQHandler                         0x080001e3   Thumb Code     0  startup_stm32f103xb.o(.text)
    EXTI9_5_IRQHandler                       0x080001e3   Thumb Code     0  startup_stm32f103xb.o(.text)
    FLASH_IRQHandler                         0x080001e3   Thumb Code     0  startup_stm32f103xb.o(.text)
    I2C1_ER_IRQHandler                       0x080001e3   Thumb Code     0  startup_stm32f103xb.o(.text)
    I2C1_EV_IRQHandler                       0x080001e3   Thumb Code     0  startup_stm32f103xb.o(.text)
    I2C2_ER_IRQHandler                       0x080001e3   Thumb Code     0  startup_stm32f103xb.o(.text)
    I2C2_EV_IRQHandler                       0x080001e3   Thumb Code     0  startup_stm32f103xb.o(.text)
    PVD_IRQHandler                           0x080001e3   Thumb Code     0  startup_stm32f103xb.o(.text)
    RCC_IRQHandler                           0x080001e3   Thumb Code     0  startup_stm32f103xb.o(.text)
    RTC_Alarm_IRQHandler                     0x080001e3   Thumb Code     0  startup_stm32f103xb.o(.text)
    RTC_IRQHandler                           0x080001e3   Thumb Code     0  startup_stm32f103xb.o(.text)
    SPI1_IRQHandler                          0x080001e3   Thumb Code     0  startup_stm32f103xb.o(.text)
    SPI2_IRQHandler                          0x080001e3   Thumb Code     0  startup_stm32f103xb.o(.text)
    TAMPER_IRQHandler                        0x080001e3   Thumb Code     0  startup_stm32f103xb.o(.text)
    TIM1_BRK_IRQHandler                      0x080001e3   Thumb Code     0  startup_stm32f103xb.o(.text)
    TIM1_CC_IRQHandler                       0x080001e3   Thumb Code     0  startup_stm32f103xb.o(.text)
    TIM1_TRG_COM_IRQHandler                  0x080001e3   Thumb Code     0  startup_stm32f103xb.o(.text)
    TIM1_UP_IRQHandler                       0x080001e3   Thumb Code     0  startup_stm32f103xb.o(.text)
    TIM2_IRQHandler                          0x080001e3   Thumb Code     0  startup_stm32f103xb.o(.text)
    TIM3_IRQHandler                          0x080001e3   Thumb Code     0  startup_stm32f103xb.o(.text)
    TIM4_IRQHandler                          0x080001e3   Thumb Code     0  startup_stm32f103xb.o(.text)
    USART1_IRQHandler                        0x080001e3   Thumb Code     0  startup_stm32f103xb.o(.text)
    USART2_IRQHandler                        0x080001e3   Thumb Code     0  startup_stm32f103xb.o(.text)
    USART3_IRQHandler                        0x080001e3   Thumb Code     0  startup_stm32f103xb.o(.text)
    USBWakeUp_IRQHandler                     0x080001e3   Thumb Code     0  startup_stm32f103xb.o(.text)
    USB_HP_CAN1_TX_IRQHandler                0x080001e3   Thumb Code     0  startup_stm32f103xb.o(.text)
    WWDG_IRQHandler                          0x080001e3   Thumb Code     0  startup_stm32f103xb.o(.text)
    __user_initial_stackheap                 0x080001e5   Thumb Code     0  startup_stm32f103xb.o(.text)
    __aeabi_memclr                           0x08000209   Thumb Code     0  rt_memclr.o(.text)
    __rt_memclr                              0x08000209   Thumb Code    68  rt_memclr.o(.text)
    _memset                                  0x0800020d   Thumb Code     0  rt_memclr.o(.text)
    __aeabi_memclr4                          0x0800024d   Thumb Code     0  rt_memclr_w.o(.text)
    __aeabi_memclr8                          0x0800024d   Thumb Code     0  rt_memclr_w.o(.text)
    __rt_memclr_w                            0x0800024d   Thumb Code    78  rt_memclr_w.o(.text)
    _memset_w                                0x08000251   Thumb Code     0  rt_memclr_w.o(.text)
    __use_two_region_memory                  0x0800029b   Thumb Code     2  heapauxi.o(.text)
    __rt_heap_escrow$2region                 0x0800029d   Thumb Code     2  heapauxi.o(.text)
    __rt_heap_expand$2region                 0x0800029f   Thumb Code     2  heapauxi.o(.text)
    __user_setup_stackheap                   0x080002a1   Thumb Code    74  sys_stackheap_outer.o(.text)
    exit                                     0x080002eb   Thumb Code    18  exit.o(.text)
    __user_libspace                          0x080002fd   Thumb Code     8  libspace.o(.text)
    __user_perproc_libspace                  0x080002fd   Thumb Code     0  libspace.o(.text)
    __user_perthread_libspace                0x080002fd   Thumb Code     0  libspace.o(.text)
    _sys_exit                                0x08000305   Thumb Code     8  sys_exit.o(.text)
    __I$use$semihosting                      0x08000311   Thumb Code     0  use_no_semi.o(.text)
    __use_no_semihosting_swi                 0x08000311   Thumb Code     2  use_no_semi.o(.text)
    __semihosting_library_function           0x08000313   Thumb Code     0  indicate_semi.o(.text)
    BootComm_OnPacketReceived                0x080003e9   Thumb Code    54  boot_comm.o(i.BootComm_OnPacketReceived)
    Bootloader_ClearRequestFlagIfNeeded      0x08000451   Thumb Code    56  bootloader.o(i.Bootloader_ClearRequestFlagIfNeeded)
    Bootloader_GetStatus                     0x08000491   Thumb Code    34  bootloader.o(i.Bootloader_GetStatus)
    Bootloader_RequestApplicationStart       0x08000525   Thumb Code    12  bootloader.o(i.Bootloader_RequestApplicationStart)
    Bootloader_SetStayInBootloader           0x08000535   Thumb Code     6  bootloader.o(i.Bootloader_SetStayInBootloader)
    Bootloader_StartupCheck                  0x08000541   Thumb Code    56  bootloader.o(i.Bootloader_StartupCheck)
    BusFault_Handler                         0x08000585   Thumb Code     2  stm32f1xx_it.o(i.BusFault_Handler)
    CDC_Transmit_FS                          0x080005d5   Thumb Code    38  usbd_cdc_if.o(i.CDC_Transmit_FS)
    Code_0x1A                                0x08000601   Thumb Code    76  boot_comm.o(i.Code_0x1A)
    DebugMon_Handler                         0x0800064d   Thumb Code     2  stm32f1xx_it.o(i.DebugMon_Handler)
    Error_Handler                            0x0800064f   Thumb Code     4  main.o(i.Error_Handler)
    FLASH_PageErase                          0x08000679   Thumb Code    28  stm32f1xx_hal_flash_ex.o(i.FLASH_PageErase)
    FLASH_WaitForLastOperation               0x080006f9   Thumb Code    80  stm32f1xx_hal_flash.o(i.FLASH_WaitForLastOperation)
    HAL_DeInit                               0x0800074d   Thumb Code    26  stm32f1xx_hal.o(i.HAL_DeInit)
    HAL_Delay                                0x0800076d   Thumb Code    32  stm32f1xx_hal.o(i.HAL_Delay)
    HAL_FLASHEx_Erase                        0x08000791   Thumb Code   160  stm32f1xx_hal_flash_ex.o(i.HAL_FLASHEx_Erase)
    HAL_FLASH_Lock                           0x08000839   Thumb Code    14  stm32f1xx_hal_flash.o(i.HAL_FLASH_Lock)
    HAL_FLASH_Unlock                         0x0800084d   Thumb Code    28  stm32f1xx_hal_flash.o(i.HAL_FLASH_Unlock)
    HAL_GPIO_Init                            0x08000875   Thumb Code   446  stm32f1xx_hal_gpio.o(i.HAL_GPIO_Init)
    HAL_GPIO_WritePin                        0x08000a55   Thumb Code    10  stm32f1xx_hal_gpio.o(i.HAL_GPIO_WritePin)
    HAL_GetTick                              0x08000a61   Thumb Code     6  stm32f1xx_hal.o(i.HAL_GetTick)
    HAL_IncTick                              0x08000a6d   Thumb Code    12  stm32f1xx_hal.o(i.HAL_IncTick)
    HAL_Init                                 0x08000a7d   Thumb Code    32  stm32f1xx_hal.o(i.HAL_Init)
    HAL_InitTick                             0x08000aa1   Thumb Code    54  stm32f1xx_hal.o(i.HAL_InitTick)
    HAL_MspDeInit                            0x08000ae1   Thumb Code     2  stm32f1xx_hal.o(i.HAL_MspDeInit)
    HAL_MspInit                              0x08000ae5   Thumb Code    52  stm32f1xx_hal_msp.o(i.HAL_MspInit)
    HAL_NVIC_EnableIRQ                       0x08000b21   Thumb Code    26  stm32f1xx_hal_cortex.o(i.HAL_NVIC_EnableIRQ)
    HAL_NVIC_SetPriority                     0x08000b3d   Thumb Code    60  stm32f1xx_hal_cortex.o(i.HAL_NVIC_SetPriority)
    HAL_NVIC_SetPriorityGrouping             0x08000b7d   Thumb Code    26  stm32f1xx_hal_cortex.o(i.HAL_NVIC_SetPriorityGrouping)
    HAL_PCDEx_PMAConfig                      0x08000ba1   Thumb Code    60  stm32f1xx_hal_pcd_ex.o(i.HAL_PCDEx_PMAConfig)
    HAL_PCDEx_SetConnectionState             0x08000bdd   Thumb Code     2  usbd_conf.o(i.HAL_PCDEx_SetConnectionState)
    HAL_PCD_DataInStageCallback              0x08000bdf   Thumb Code    18  usbd_conf.o(i.HAL_PCD_DataInStageCallback)
    HAL_PCD_DataOutStageCallback             0x08000bf1   Thumb Code    20  usbd_conf.o(i.HAL_PCD_DataOutStageCallback)
    HAL_PCD_EP_Close                         0x08000c05   Thumb Code    74  stm32f1xx_hal_pcd.o(i.HAL_PCD_EP_Close)
    HAL_PCD_EP_ClrStall                      0x08000c4f   Thumb Code    90  stm32f1xx_hal_pcd.o(i.HAL_PCD_EP_ClrStall)
    HAL_PCD_EP_GetRxCount                    0x080010c7   Thumb Code    18  stm32f1xx_hal_pcd.o(i.HAL_PCD_EP_GetRxCount)
    HAL_PCD_EP_Open                          0x080010d9   Thumb Code    88  stm32f1xx_hal_pcd.o(i.HAL_PCD_EP_Open)
    HAL_PCD_EP_Receive                       0x08001131   Thumb Code    46  stm32f1xx_hal_pcd.o(i.HAL_PCD_EP_Receive)
    HAL_PCD_EP_SetStall                      0x0800115f   Thumb Code   112  stm32f1xx_hal_pcd.o(i.HAL_PCD_EP_SetStall)
    HAL_PCD_EP_Transmit                      0x080011cf   Thumb Code    46  stm32f1xx_hal_pcd.o(i.HAL_PCD_EP_Transmit)
    HAL_PCD_IRQHandler                       0x080011fd   Thumb Code   308  stm32f1xx_hal_pcd.o(i.HAL_PCD_IRQHandler)
    HAL_PCD_Init                             0x08001331   Thumb Code   186  stm32f1xx_hal_pcd.o(i.HAL_PCD_Init)
    HAL_PCD_MspInit                          0x080013ed   Thumb Code    50  usbd_conf.o(i.HAL_PCD_MspInit)
    HAL_PCD_ResetCallback                    0x08001429   Thumb Code    38  usbd_conf.o(i.HAL_PCD_ResetCallback)
    HAL_PCD_ResumeCallback                   0x0800144f   Thumb Code     8  usbd_conf.o(i.HAL_PCD_ResumeCallback)
    HAL_PCD_SOFCallback                      0x08001457   Thumb Code     8  usbd_conf.o(i.HAL_PCD_SOFCallback)
    HAL_PCD_SetAddress                       0x0800145f   Thumb Code    38  stm32f1xx_hal_pcd.o(i.HAL_PCD_SetAddress)
    HAL_PCD_SetupStageCallback               0x08001485   Thumb Code    14  usbd_conf.o(i.HAL_PCD_SetupStageCallback)
    HAL_PCD_Start                            0x08001493   Thumb Code    50  stm32f1xx_hal_pcd.o(i.HAL_PCD_Start)
    HAL_PCD_SuspendCallback                  0x080014c5   Thumb Code    30  usbd_conf.o(i.HAL_PCD_SuspendCallback)
    HAL_RCCEx_PeriphCLKConfig                0x080014e9   Thumb Code   224  stm32f1xx_hal_rcc_ex.o(i.HAL_RCCEx_PeriphCLKConfig)
    HAL_RCC_ClockConfig                      0x080015d5   Thumb Code   280  stm32f1xx_hal_rcc.o(i.HAL_RCC_ClockConfig)
    HAL_RCC_DeInit                           0x08001701   Thumb Code   202  stm32f1xx_hal_rcc.o(i.HAL_RCC_DeInit)
    HAL_RCC_GetSysClockFreq                  0x080017dd   Thumb Code    58  stm32f1xx_hal_rcc.o(i.HAL_RCC_GetSysClockFreq)
    HAL_RCC_OscConfig                        0x08001829   Thumb Code   778  stm32f1xx_hal_rcc.o(i.HAL_RCC_OscConfig)
    HAL_SYSTICK_Config                       0x08001b49   Thumb Code    40  stm32f1xx_hal_cortex.o(i.HAL_SYSTICK_Config)
    HardFault_Handler                        0x08001b71   Thumb Code     2  stm32f1xx_it.o(i.HardFault_Handler)
    MX_GPIO_Init                             0x08001bad   Thumb Code   104  gpio.o(i.MX_GPIO_Init)
    MX_USB_DEVICE_Init                       0x08001c1d   Thumb Code    66  usb_device.o(i.MX_USB_DEVICE_Init)
    MemManage_Handler                        0x08001c71   Thumb Code     2  stm32f1xx_it.o(i.MemManage_Handler)
    NMI_Handler                              0x08001c73   Thumb Code     2  stm32f1xx_it.o(i.NMI_Handler)
    PendSV_Handler                           0x0800201b   Thumb Code     2  stm32f1xx_it.o(i.PendSV_Handler)
    Report_To_PC                             0x0800201d   Thumb Code   110  boot_comm.o(i.Report_To_PC)
    SVC_Handler                              0x08002095   Thumb Code     2  stm32f1xx_it.o(i.SVC_Handler)
    SysTick_Handler                          0x08002097   Thumb Code     4  stm32f1xx_it.o(i.SysTick_Handler)
    SystemClock_Config                       0x0800209b   Thumb Code   118  main.o(i.SystemClock_Config)
    SystemInit                               0x08002111   Thumb Code     2  system_stm32f1xx.o(i.SystemInit)
    USBD_CDC_GetDeviceQualifierDescriptor    0x080021f1   Thumb Code     8  usbd_cdc.o(i.USBD_CDC_GetDeviceQualifierDescriptor)
    USBD_CDC_ReceivePacket                   0x080022b5   Thumb Code    40  usbd_cdc.o(i.USBD_CDC_ReceivePacket)
    USBD_CDC_RegisterInterface               0x080022dd   Thumb Code    16  usbd_cdc.o(i.USBD_CDC_RegisterInterface)
    USBD_CDC_SetRxBuffer                     0x080022ed   Thumb Code    12  usbd_cdc.o(i.USBD_CDC_SetRxBuffer)
    USBD_CDC_SetTxBuffer                     0x080022f9   Thumb Code    16  usbd_cdc.o(i.USBD_CDC_SetTxBuffer)
    USBD_CDC_TransmitPacket                  0x080023b5   Thumb Code    54  usbd_cdc.o(i.USBD_CDC_TransmitPacket)
    USBD_ClrClassConfig                      0x080023eb   Thumb Code    14  usbd_core.o(i.USBD_ClrClassConfig)
    USBD_CtlContinueRx                       0x080023f9   Thumb Code    16  usbd_ioreq.o(i.USBD_CtlContinueRx)
    USBD_CtlContinueSendData                 0x08002409   Thumb Code    16  usbd_ioreq.o(i.USBD_CtlContinueSendData)
    USBD_CtlError                            0x08002419   Thumb Code    22  usbd_ctlreq.o(i.USBD_CtlError)
    USBD_CtlPrepareRx                        0x0800242f   Thumb Code    30  usbd_ioreq.o(i.USBD_CtlPrepareRx)
    USBD_CtlReceiveStatus                    0x0800244d   Thumb Code    22  usbd_ioreq.o(i.USBD_CtlReceiveStatus)
    USBD_CtlSendData                         0x08002463   Thumb Code    26  usbd_ioreq.o(i.USBD_CtlSendData)
    USBD_CtlSendStatus                       0x0800247d   Thumb Code    22  usbd_ioreq.o(i.USBD_CtlSendStatus)
    USBD_FS_ConfigStrDescriptor              0x08002495   Thumb Code    16  usbd_desc.o(i.USBD_FS_ConfigStrDescriptor)
    USBD_FS_DeviceDescriptor                 0x080024b5   Thumb Code     8  usbd_desc.o(i.USBD_FS_DeviceDescriptor)
    USBD_FS_InterfaceStrDescriptor           0x080024c1   Thumb Code    16  usbd_desc.o(i.USBD_FS_InterfaceStrDescriptor)
    USBD_FS_LangIDStrDescriptor              0x080024e5   Thumb Code     8  usbd_desc.o(i.USBD_FS_LangIDStrDescriptor)
    USBD_FS_ManufacturerStrDescriptor        0x080024f1   Thumb Code    16  usbd_desc.o(i.USBD_FS_ManufacturerStrDescriptor)
    USBD_FS_ProductStrDescriptor             0x08002519   Thumb Code    16  usbd_desc.o(i.USBD_FS_ProductStrDescriptor)
    USBD_FS_SerialStrDescriptor              0x08002545   Thumb Code    48  usbd_desc.o(i.USBD_FS_SerialStrDescriptor)
    USBD_GetString                           0x08002665   Thumb Code    72  usbd_ctlreq.o(i.USBD_GetString)
    USBD_Init                                0x080026c5   Thumb Code    42  usbd_core.o(i.USBD_Init)
    USBD_LL_ClearStallEP                     0x080026ef   Thumb Code    18  usbd_conf.o(i.USBD_LL_ClearStallEP)
    USBD_LL_CloseEP                          0x08002701   Thumb Code    18  usbd_conf.o(i.USBD_LL_CloseEP)
    USBD_LL_DataInStage                      0x08002713   Thumb Code   198  usbd_core.o(i.USBD_LL_DataInStage)
    USBD_LL_DataOutStage                     0x080027d9   Thumb Code   130  usbd_core.o(i.USBD_LL_DataOutStage)
    USBD_LL_GetRxDataSize                    0x0800285b   Thumb Code     8  usbd_conf.o(i.USBD_LL_GetRxDataSize)
    USBD_LL_Init                             0x08002865   Thumb Code   118  usbd_conf.o(i.USBD_LL_Init)
    USBD_LL_IsStallEP                        0x080028e5   Thumb Code    30  usbd_conf.o(i.USBD_LL_IsStallEP)
    USBD_LL_OpenEP                           0x08002903   Thumb Code    24  usbd_conf.o(i.USBD_LL_OpenEP)
    USBD_LL_PrepareReceive                   0x0800291b   Thumb Code    18  usbd_conf.o(i.USBD_LL_PrepareReceive)
    USBD_LL_Reset                            0x0800292d   Thumb Code    80  usbd_core.o(i.USBD_LL_Reset)
    USBD_LL_Resume                           0x0800297d   Thumb Code    20  usbd_core.o(i.USBD_LL_Resume)
    USBD_LL_SOF                              0x08002991   Thumb Code    24  usbd_core.o(i.USBD_LL_SOF)
    USBD_LL_SetSpeed                         0x080029a9   Thumb Code     6  usbd_core.o(i.USBD_LL_SetSpeed)
    USBD_LL_SetUSBAddress                    0x080029af   Thumb Code    18  usbd_conf.o(i.USBD_LL_SetUSBAddress)
    USBD_LL_SetupStage                       0x080029c1   Thumb Code    90  usbd_core.o(i.USBD_LL_SetupStage)
    USBD_LL_StallEP                          0x08002a1b   Thumb Code    18  usbd_conf.o(i.USBD_LL_StallEP)
    USBD_LL_Start                            0x08002a2d   Thumb Code    18  usbd_conf.o(i.USBD_LL_Start)
    USBD_LL_Suspend                          0x08002a3f   Thumb Code    18  usbd_core.o(i.USBD_LL_Suspend)
    USBD_LL_Transmit                         0x08002a51   Thumb Code    18  usbd_conf.o(i.USBD_LL_Transmit)
    USBD_ParseSetupRequest                   0x08002a63   Thumb Code    40  usbd_ctlreq.o(i.USBD_ParseSetupRequest)
    USBD_RegisterClass                       0x08002a8b   Thumb Code    16  usbd_core.o(i.USBD_RegisterClass)
    USBD_SetClassConfig                      0x08002a9b   Thumb Code    22  usbd_core.o(i.USBD_SetClassConfig)
    USBD_Start                               0x08002b35   Thumb Code    10  usbd_core.o(i.USBD_Start)
    USBD_StdDevReq                           0x08002b3f   Thumb Code   274  usbd_ctlreq.o(i.USBD_StdDevReq)
    USBD_StdEPReq                            0x08002c51   Thumb Code   336  usbd_ctlreq.o(i.USBD_StdEPReq)
    USBD_StdItfReq                           0x08002da1   Thumb Code    78  usbd_ctlreq.o(i.USBD_StdItfReq)
    USBD_static_free                         0x08002def   Thumb Code     2  usbd_conf.o(i.USBD_static_free)
    USBD_static_malloc                       0x08002df1   Thumb Code     4  usbd_conf.o(i.USBD_static_malloc)
    USB_ActivateEndpoint                     0x08002df9   Thumb Code   668  stm32f1xx_ll_usb.o(i.USB_ActivateEndpoint)
    USB_CoreInit                             0x08003095   Thumb Code     4  stm32f1xx_ll_usb.o(i.USB_CoreInit)
    USB_DeactivateEndpoint                   0x08003099   Thumb Code   270  stm32f1xx_ll_usb.o(i.USB_DeactivateEndpoint)
    USB_DevConnect                           0x080031a7   Thumb Code     4  stm32f1xx_ll_usb.o(i.USB_DevConnect)
    USB_DevDisconnect                        0x080031ab   Thumb Code     4  stm32f1xx_ll_usb.o(i.USB_DevDisconnect)
    USB_DevInit                              0x080031af   Thumb Code    18  stm32f1xx_ll_usb.o(i.USB_DevInit)
    USB_DisableGlobalInt                     0x080031c1   Thumb Code    14  stm32f1xx_ll_usb.o(i.USB_DisableGlobalInt)
    USB_EP0_OutStart                         0x080031cf   Thumb Code     4  stm32f1xx_ll_usb.o(i.USB_EP0_OutStart)
    USB_EPClearStall                         0x080031d3   Thumb Code   120  stm32f1xx_ll_usb.o(i.USB_EPClearStall)
    USB_EPSetStall                           0x0800324b   Thumb Code    50  stm32f1xx_ll_usb.o(i.USB_EPSetStall)
    USB_EPStartXfer                          0x0800327d   Thumb Code  1250  stm32f1xx_ll_usb.o(i.USB_EPStartXfer)
    USB_EnableGlobalInt                      0x0800375f   Thumb Code    18  stm32f1xx_ll_usb.o(i.USB_EnableGlobalInt)
    USB_LP_CAN1_RX0_IRQHandler               0x08003771   Thumb Code     6  stm32f1xx_it.o(i.USB_LP_CAN1_RX0_IRQHandler)
    USB_ReadInterrupts                       0x0800377d   Thumb Code     6  stm32f1xx_ll_usb.o(i.USB_ReadInterrupts)
    USB_ReadPMA                              0x08003785   Thumb Code    44  stm32f1xx_ll_usb.o(i.USB_ReadPMA)
    USB_SetCurrentMode                       0x080037b1   Thumb Code     4  stm32f1xx_ll_usb.o(i.USB_SetCurrentMode)
    USB_SetDevAddress                        0x080037b5   Thumb Code    12  stm32f1xx_ll_usb.o(i.USB_SetDevAddress)
    USB_WritePMA                             0x080037c1   Thumb Code    38  stm32f1xx_ll_usb.o(i.USB_WritePMA)
    UsageFault_Handler                       0x080037e7   Thumb Code     2  stm32f1xx_it.o(i.UsageFault_Handler)
    main                                     0x08003809   Thumb Code    54  main.o(i.main)
    AHBPrescTable                            0x08003856   Data          16  system_stm32f1xx.o(.constdata)
    Region$$Table$$Base                      0x08003868   Number         0  anon$$obj.o(Region$$Table)
    Region$$Table$$Limit                     0x08003888   Number         0  anon$$obj.o(Region$$Table)
    FS_Desc                                  0x2000000c   Data          28  usbd_desc.o(.data)
    USBD_LangIDDesc                          0x20000028   Data           4  usbd_desc.o(.data)
    USBD_FS_DeviceDesc                       0x2000002c   Data          18  usbd_desc.o(.data)
    USBD_StringSerial                        0x20000040   Data          26  usbd_desc.o(.data)
    USBD_Interface_fops_FS                   0x2000005c   Data          16  usbd_cdc_if.o(.data)
    uwTickFreq                               0x2000006c   Data           1  stm32f1xx_hal.o(.data)
    uwTickPrio                               0x20000070   Data           4  stm32f1xx_hal.o(.data)
    uwTick                                   0x20000074   Data           4  stm32f1xx_hal.o(.data)
    SystemCoreClock                          0x20000078   Data           4  system_stm32f1xx.o(.data)
    USBD_CDC_CfgHSDesc                       0x2000008c   Data          67  usbd_cdc.o(.data)
    USBD_CDC_CfgFSDesc                       0x200000d0   Data          67  usbd_cdc.o(.data)
    USBD_CDC_OtherSpeedCfgDesc               0x20000114   Data          67  usbd_cdc.o(.data)
    USBD_CDC                                 0x20000158   Data          56  usbd_cdc.o(.data)
    hUsbDeviceFS                             0x200001c8   Data         708  usb_device.o(.bss)
    USBD_StrDesc                             0x2000048c   Data         512  usbd_desc.o(.bss)
    UserRxBufferFS                           0x2000068c   Data          64  usbd_cdc_if.o(.bss)
    UserTxBufferFS                           0x200006cc   Data          64  usbd_cdc_if.o(.bss)
    hpcd_USB_FS                              0x2000092c   Data         728  usbd_conf.o(.bss)
    pFlash                                   0x20000c08   Data          32  stm32f1xx_hal_flash.o(.bss)
    __libspace_start                         0x20000c28   Data          96  libspace.o(.bss)
    __temporary_stack_top$libspace           0x20000c88   Data           0  libspace.o(.bss)



==============================================================================

Memory Map of the image

  Image Entry point : 0x080000ed

  Load Region LR_IROM1 (Base: 0x08000000, Size: 0x00003a18, Max: 0x00010000, ABSOLUTE, COMPRESSED[0x0000394c])

    Execution Region ER_IROM1 (Exec base: 0x08000000, Load base: 0x08000000, Size: 0x00003888, Max: 0x00010000, ABSOLUTE)

    Exec Addr    Load Addr    Size         Type   Attr      Idx    E Section Name        Object

    0x08000000   0x08000000   0x000000ec   Data   RO            3    RESET               startup_stm32f103xb.o
    0x080000ec   0x080000ec   0x00000008   Code   RO         2861  * !!!main             c_w.l(__main.o)
    0x080000f4   0x080000f4   0x00000034   Code   RO         3022    !!!scatter          c_w.l(__scatter.o)
    0x08000128   0x08000128   0x0000005a   Code   RO         3020    !!dczerorl2         c_w.l(__dczerorl2.o)
    0x08000182   0x08000182   0x00000002   PAD
    0x08000184   0x08000184   0x0000001c   Code   RO         3024    !!handler_zi        c_w.l(__scatter_zi.o)
    0x080001a0   0x080001a0   0x00000002   Code   RO         2888    .ARM.Collect$$libinit$$00000000  c_w.l(libinit.o)
    0x080001a2   0x080001a2   0x00000000   Code   RO         2895    .ARM.Collect$$libinit$$00000002  c_w.l(libinit2.o)
    0x080001a2   0x080001a2   0x00000000   Code   RO         2897    .ARM.Collect$$libinit$$00000004  c_w.l(libinit2.o)
    0x080001a2   0x080001a2   0x00000000   Code   RO         2900    .ARM.Collect$$libinit$$0000000A  c_w.l(libinit2.o)
    0x080001a2   0x080001a2   0x00000000   Code   RO         2902    .ARM.Collect$$libinit$$0000000C  c_w.l(libinit2.o)
    0x080001a2   0x080001a2   0x00000000   Code   RO         2904    .ARM.Collect$$libinit$$0000000E  c_w.l(libinit2.o)
    0x080001a2   0x080001a2   0x00000000   Code   RO         2907    .ARM.Collect$$libinit$$00000011  c_w.l(libinit2.o)
    0x080001a2   0x080001a2   0x00000000   Code   RO         2909    .ARM.Collect$$libinit$$00000013  c_w.l(libinit2.o)
    0x080001a2   0x080001a2   0x00000000   Code   RO         2911    .ARM.Collect$$libinit$$00000015  c_w.l(libinit2.o)
    0x080001a2   0x080001a2   0x00000000   Code   RO         2913    .ARM.Collect$$libinit$$00000017  c_w.l(libinit2.o)
    0x080001a2   0x080001a2   0x00000000   Code   RO         2915    .ARM.Collect$$libinit$$00000019  c_w.l(libinit2.o)
    0x080001a2   0x080001a2   0x00000000   Code   RO         2917    .ARM.Collect$$libinit$$0000001B  c_w.l(libinit2.o)
    0x080001a2   0x080001a2   0x00000000   Code   RO         2919    .ARM.Collect$$libinit$$0000001D  c_w.l(libinit2.o)
    0x080001a2   0x080001a2   0x00000000   Code   RO         2921    .ARM.Collect$$libinit$$0000001F  c_w.l(libinit2.o)
    0x080001a2   0x080001a2   0x00000000   Code   RO         2923    .ARM.Collect$$libinit$$00000021  c_w.l(libinit2.o)
    0x080001a2   0x080001a2   0x00000000   Code   RO         2925    .ARM.Collect$$libinit$$00000023  c_w.l(libinit2.o)
    0x080001a2   0x080001a2   0x00000000   Code   RO         2927    .ARM.Collect$$libinit$$00000025  c_w.l(libinit2.o)
    0x080001a2   0x080001a2   0x00000000   Code   RO         2931    .ARM.Collect$$libinit$$0000002C  c_w.l(libinit2.o)
    0x080001a2   0x080001a2   0x00000000   Code   RO         2933    .ARM.Collect$$libinit$$0000002E  c_w.l(libinit2.o)
    0x080001a2   0x080001a2   0x00000000   Code   RO         2935    .ARM.Collect$$libinit$$00000030  c_w.l(libinit2.o)
    0x080001a2   0x080001a2   0x00000000   Code   RO         2937    .ARM.Collect$$libinit$$00000032  c_w.l(libinit2.o)
    0x080001a2   0x080001a2   0x00000002   Code   RO         2938    .ARM.Collect$$libinit$$00000033  c_w.l(libinit2.o)
    0x080001a4   0x080001a4   0x00000002   Code   RO         2958    .ARM.Collect$$libshutdown$$00000000  c_w.l(libshutdown.o)
    0x080001a6   0x080001a6   0x00000000   Code   RO         2971    .ARM.Collect$$libshutdown$$00000002  c_w.l(libshutdown2.o)
    0x080001a6   0x080001a6   0x00000000   Code   RO         2973    .ARM.Collect$$libshutdown$$00000004  c_w.l(libshutdown2.o)
    0x080001a6   0x080001a6   0x00000000   Code   RO         2975    .ARM.Collect$$libshutdown$$00000006  c_w.l(libshutdown2.o)
    0x080001a6   0x080001a6   0x00000000   Code   RO         2978    .ARM.Collect$$libshutdown$$00000009  c_w.l(libshutdown2.o)
    0x080001a6   0x080001a6   0x00000000   Code   RO         2981    .ARM.Collect$$libshutdown$$0000000C  c_w.l(libshutdown2.o)
    0x080001a6   0x080001a6   0x00000000   Code   RO         2983    .ARM.Collect$$libshutdown$$0000000E  c_w.l(libshutdown2.o)
    0x080001a6   0x080001a6   0x00000000   Code   RO         2986    .ARM.Collect$$libshutdown$$00000011  c_w.l(libshutdown2.o)
    0x080001a6   0x080001a6   0x00000002   Code   RO         2987    .ARM.Collect$$libshutdown$$00000012  c_w.l(libshutdown2.o)
    0x080001a8   0x080001a8   0x00000000   Code   RO         2863    .ARM.Collect$$rtentry$$00000000  c_w.l(__rtentry.o)
    0x080001a8   0x080001a8   0x00000000   Code   RO         2865    .ARM.Collect$$rtentry$$00000002  c_w.l(__rtentry2.o)
    0x080001a8   0x080001a8   0x00000006   Code   RO         2877    .ARM.Collect$$rtentry$$00000004  c_w.l(__rtentry4.o)
    0x080001ae   0x080001ae   0x00000000   Code   RO         2867    .ARM.Collect$$rtentry$$00000009  c_w.l(__rtentry2.o)
    0x080001ae   0x080001ae   0x00000004   Code   RO         2868    .ARM.Collect$$rtentry$$0000000A  c_w.l(__rtentry2.o)
    0x080001b2   0x080001b2   0x00000000   Code   RO         2870    .ARM.Collect$$rtentry$$0000000C  c_w.l(__rtentry2.o)
    0x080001b2   0x080001b2   0x00000008   Code   RO         2871    .ARM.Collect$$rtentry$$0000000D  c_w.l(__rtentry2.o)
    0x080001ba   0x080001ba   0x00000002   Code   RO         2892    .ARM.Collect$$rtexit$$00000000  c_w.l(rtexit.o)
    0x080001bc   0x080001bc   0x00000000   Code   RO         2940    .ARM.Collect$$rtexit$$00000002  c_w.l(rtexit2.o)
    0x080001bc   0x080001bc   0x00000004   Code   RO         2941    .ARM.Collect$$rtexit$$00000003  c_w.l(rtexit2.o)
    0x080001c0   0x080001c0   0x00000006   Code   RO         2942    .ARM.Collect$$rtexit$$00000004  c_w.l(rtexit2.o)
    0x080001c6   0x080001c6   0x00000002   PAD
    0x080001c8   0x080001c8   0x00000040   Code   RO            4    .text               startup_stm32f103xb.o
    0x08000208   0x08000208   0x00000044   Code   RO         2855    .text               c_w.l(rt_memclr.o)
    0x0800024c   0x0800024c   0x0000004e   Code   RO         2857    .text               c_w.l(rt_memclr_w.o)
    0x0800029a   0x0800029a   0x00000006   Code   RO         2859    .text               c_w.l(heapauxi.o)
    0x080002a0   0x080002a0   0x0000004a   Code   RO         2879    .text               c_w.l(sys_stackheap_outer.o)
    0x080002ea   0x080002ea   0x00000012   Code   RO         2881    .text               c_w.l(exit.o)
    0x080002fc   0x080002fc   0x00000008   Code   RO         2889    .text               c_w.l(libspace.o)
    0x08000304   0x08000304   0x0000000c   Code   RO         2950    .text               c_w.l(sys_exit.o)
    0x08000310   0x08000310   0x00000002   Code   RO         2961    .text               c_w.l(use_no_semi.o)
    0x08000312   0x08000312   0x00000000   Code   RO         2963    .text               c_w.l(indicate_semi.o)
    0x08000312   0x08000312   0x00000002   PAD
    0x08000314   0x08000314   0x0000000c   Code   RO           13    i.BootComm_ClearBuffer  boot_comm.o
    0x08000320   0x08000320   0x00000016   Code   RO           14    i.BootComm_ComputeChecksum  boot_comm.o
    0x08000336   0x08000336   0x00000002   PAD
    0x08000338   0x08000338   0x00000034   Code   RO           15    i.BootComm_FinalizeAndSend  boot_comm.o
    0x0800036c   0x0800036c   0x0000007c   Code   RO           16    i.BootComm_HandleCommand  boot_comm.o
    0x080003e8   0x080003e8   0x00000036   Code   RO           18    i.BootComm_OnPacketReceived  boot_comm.o
    0x0800041e   0x0800041e   0x00000002   PAD
    0x08000420   0x08000420   0x00000030   Code   RO           20    i.BootComm_SendAck  boot_comm.o
    0x08000450   0x08000450   0x00000040   Code   RO          237    i.Bootloader_ClearRequestFlagIfNeeded  bootloader.o
    0x08000490   0x08000490   0x00000028   Code   RO          238    i.Bootloader_GetStatus  bootloader.o
    0x080004b8   0x080004b8   0x00000034   Code   RO          240    i.Bootloader_IsApplicationValid  bootloader.o
    0x080004ec   0x080004ec   0x00000038   Code   RO          241    i.Bootloader_JumpToApplication  bootloader.o
    0x08000524   0x08000524   0x00000010   Code   RO          242    i.Bootloader_RequestApplicationStart  bootloader.o
    0x08000534   0x08000534   0x0000000c   Code   RO          243    i.Bootloader_SetStayInBootloader  bootloader.o
    0x08000540   0x08000540   0x00000044   Code   RO          246    i.Bootloader_StartupCheck  bootloader.o
    0x08000584   0x08000584   0x00000002   Code   RO          403    i.BusFault_Handler  stm32f1xx_it.o
    0x08000586   0x08000586   0x00000004   Code   RO          626    i.CDC_Control_FS    usbd_cdc_if.o
    0x0800058a   0x0800058a   0x00000004   Code   RO          627    i.CDC_DeInit_FS     usbd_cdc_if.o
    0x0800058e   0x0800058e   0x00000002   PAD
    0x08000590   0x08000590   0x00000024   Code   RO          628    i.CDC_Init_FS       usbd_cdc_if.o
    0x080005b4   0x080005b4   0x00000020   Code   RO          629    i.CDC_Receive_FS    usbd_cdc_if.o
    0x080005d4   0x080005d4   0x0000002c   Code   RO          630    i.CDC_Transmit_FS   usbd_cdc_if.o
    0x08000600   0x08000600   0x0000004c   Code   RO           23    i.Code_0x1A         boot_comm.o
    0x0800064c   0x0800064c   0x00000002   Code   RO          404    i.DebugMon_Handler  stm32f1xx_it.o
    0x0800064e   0x0800064e   0x00000004   Code   RO          340    i.Error_Handler     main.o
    0x08000652   0x08000652   0x00000002   PAD
    0x08000654   0x08000654   0x00000024   Code   RO         2290    i.FLASH_MassErase   stm32f1xx_hal_flash_ex.o
    0x08000678   0x08000678   0x00000024   Code   RO         2295    i.FLASH_PageErase   stm32f1xx_hal_flash_ex.o
    0x0800069c   0x0800069c   0x0000005c   Code   RO         2188    i.FLASH_SetErrorCode  stm32f1xx_hal_flash.o
    0x080006f8   0x080006f8   0x00000054   Code   RO         2189    i.FLASH_WaitForLastOperation  stm32f1xx_hal_flash.o
    0x0800074c   0x0800074c   0x00000020   Code   RO         1476    i.HAL_DeInit        stm32f1xx_hal.o
    0x0800076c   0x0800076c   0x00000024   Code   RO         1477    i.HAL_Delay         stm32f1xx_hal.o
    0x08000790   0x08000790   0x000000a8   Code   RO         2296    i.HAL_FLASHEx_Erase  stm32f1xx_hal_flash_ex.o
    0x08000838   0x08000838   0x00000014   Code   RO         2193    i.HAL_FLASH_Lock    stm32f1xx_hal_flash.o
    0x0800084c   0x0800084c   0x00000028   Code   RO         2200    i.HAL_FLASH_Unlock  stm32f1xx_hal_flash.o
    0x08000874   0x08000874   0x000001e0   Code   RO         1787    i.HAL_GPIO_Init     stm32f1xx_hal_gpio.o
    0x08000a54   0x08000a54   0x0000000a   Code   RO         1791    i.HAL_GPIO_WritePin  stm32f1xx_hal_gpio.o
    0x08000a5e   0x08000a5e   0x00000002   PAD
    0x08000a60   0x08000a60   0x0000000c   Code   RO         1481    i.HAL_GetTick       stm32f1xx_hal.o
    0x08000a6c   0x08000a6c   0x00000010   Code   RO         1487    i.HAL_IncTick       stm32f1xx_hal.o
    0x08000a7c   0x08000a7c   0x00000024   Code   RO         1488    i.HAL_Init          stm32f1xx_hal.o
    0x08000aa0   0x08000aa0   0x00000040   Code   RO         1489    i.HAL_InitTick      stm32f1xx_hal.o
    0x08000ae0   0x08000ae0   0x00000002   Code   RO         1490    i.HAL_MspDeInit     stm32f1xx_hal.o
    0x08000ae2   0x08000ae2   0x00000002   PAD
    0x08000ae4   0x08000ae4   0x0000003c   Code   RO          485    i.HAL_MspInit       stm32f1xx_hal_msp.o
    0x08000b20   0x08000b20   0x0000001a   Code   RO         1947    i.HAL_NVIC_EnableIRQ  stm32f1xx_hal_cortex.o
    0x08000b3a   0x08000b3a   0x00000002   PAD
    0x08000b3c   0x08000b3c   0x00000040   Code   RO         1953    i.HAL_NVIC_SetPriority  stm32f1xx_hal_cortex.o
    0x08000b7c   0x08000b7c   0x00000024   Code   RO         1954    i.HAL_NVIC_SetPriorityGrouping  stm32f1xx_hal_cortex.o
    0x08000ba0   0x08000ba0   0x0000003c   Code   RO         1244    i.HAL_PCDEx_PMAConfig  stm32f1xx_hal_pcd_ex.o
    0x08000bdc   0x08000bdc   0x00000002   Code   RO          679    i.HAL_PCDEx_SetConnectionState  usbd_conf.o
    0x08000bde   0x08000bde   0x00000012   Code   RO          681    i.HAL_PCD_DataInStageCallback  usbd_conf.o
    0x08000bf0   0x08000bf0   0x00000014   Code   RO          682    i.HAL_PCD_DataOutStageCallback  usbd_conf.o
    0x08000c04   0x08000c04   0x0000004a   Code   RO         1015    i.HAL_PCD_EP_Close  stm32f1xx_hal_pcd.o
    0x08000c4e   0x08000c4e   0x0000005a   Code   RO         1016    i.HAL_PCD_EP_ClrStall  stm32f1xx_hal_pcd.o
    0x08000ca8   0x08000ca8   0x000000e6   Code   RO         1017    i.HAL_PCD_EP_DB_Receive  stm32f1xx_hal_pcd.o
    0x08000d8e   0x08000d8e   0x00000338   Code   RO         1018    i.HAL_PCD_EP_DB_Transmit  stm32f1xx_hal_pcd.o
    0x080010c6   0x080010c6   0x00000012   Code   RO         1020    i.HAL_PCD_EP_GetRxCount  stm32f1xx_hal_pcd.o
    0x080010d8   0x080010d8   0x00000058   Code   RO         1021    i.HAL_PCD_EP_Open   stm32f1xx_hal_pcd.o
    0x08001130   0x08001130   0x0000002e   Code   RO         1022    i.HAL_PCD_EP_Receive  stm32f1xx_hal_pcd.o
    0x0800115e   0x0800115e   0x00000070   Code   RO         1023    i.HAL_PCD_EP_SetStall  stm32f1xx_hal_pcd.o
    0x080011ce   0x080011ce   0x0000002e   Code   RO         1024    i.HAL_PCD_EP_Transmit  stm32f1xx_hal_pcd.o
    0x080011fc   0x080011fc   0x00000134   Code   RO         1026    i.HAL_PCD_IRQHandler  stm32f1xx_hal_pcd.o
    0x08001330   0x08001330   0x000000ba   Code   RO         1029    i.HAL_PCD_Init      stm32f1xx_hal_pcd.o
    0x080013ea   0x080013ea   0x00000002   PAD
    0x080013ec   0x080013ec   0x0000003c   Code   RO          687    i.HAL_PCD_MspInit   usbd_conf.o
    0x08001428   0x08001428   0x00000026   Code   RO          688    i.HAL_PCD_ResetCallback  usbd_conf.o
    0x0800144e   0x0800144e   0x00000008   Code   RO          689    i.HAL_PCD_ResumeCallback  usbd_conf.o
    0x08001456   0x08001456   0x00000008   Code   RO          690    i.HAL_PCD_SOFCallback  usbd_conf.o
    0x0800145e   0x0800145e   0x00000026   Code   RO         1035    i.HAL_PCD_SetAddress  stm32f1xx_hal_pcd.o
    0x08001484   0x08001484   0x0000000e   Code   RO          691    i.HAL_PCD_SetupStageCallback  usbd_conf.o
    0x08001492   0x08001492   0x00000032   Code   RO         1037    i.HAL_PCD_Start     stm32f1xx_hal_pcd.o
    0x080014c4   0x080014c4   0x00000024   Code   RO          692    i.HAL_PCD_SuspendCallback  usbd_conf.o
    0x080014e8   0x080014e8   0x000000ec   Code   RO         1749    i.HAL_RCCEx_PeriphCLKConfig  stm32f1xx_hal_rcc_ex.o
    0x080015d4   0x080015d4   0x0000012c   Code   RO         1645    i.HAL_RCC_ClockConfig  stm32f1xx_hal_rcc.o
    0x08001700   0x08001700   0x000000dc   Code   RO         1646    i.HAL_RCC_DeInit    stm32f1xx_hal_rcc.o
    0x080017dc   0x080017dc   0x0000004c   Code   RO         1654    i.HAL_RCC_GetSysClockFreq  stm32f1xx_hal_rcc.o
    0x08001828   0x08001828   0x00000320   Code   RO         1657    i.HAL_RCC_OscConfig  stm32f1xx_hal_rcc.o
    0x08001b48   0x08001b48   0x00000028   Code   RO         1958    i.HAL_SYSTICK_Config  stm32f1xx_hal_cortex.o
    0x08001b70   0x08001b70   0x00000002   Code   RO          405    i.HardFault_Handler  stm32f1xx_it.o
    0x08001b72   0x08001b72   0x00000002   PAD
    0x08001b74   0x08001b74   0x00000038   Code   RO          540    i.IntToUnicode      usbd_desc.o
    0x08001bac   0x08001bac   0x00000070   Code   RO          379    i.MX_GPIO_Init      gpio.o
    0x08001c1c   0x08001c1c   0x00000054   Code   RO          509    i.MX_USB_DEVICE_Init  usb_device.o
    0x08001c70   0x08001c70   0x00000002   Code   RO          406    i.MemManage_Handler  stm32f1xx_it.o
    0x08001c72   0x08001c72   0x00000002   Code   RO          407    i.NMI_Handler       stm32f1xx_it.o
    0x08001c74   0x08001c74   0x000003a6   Code   RO         1041    i.PCD_EP_ISR_Handler  stm32f1xx_hal_pcd.o
    0x0800201a   0x0800201a   0x00000002   Code   RO          408    i.PendSV_Handler    stm32f1xx_it.o
    0x0800201c   0x0800201c   0x00000078   Code   RO           24    i.Report_To_PC      boot_comm.o
    0x08002094   0x08002094   0x00000002   Code   RO          409    i.SVC_Handler       stm32f1xx_it.o
    0x08002096   0x08002096   0x00000004   Code   RO          410    i.SysTick_Handler   stm32f1xx_it.o
    0x0800209a   0x0800209a   0x00000076   Code   RO          341    i.SystemClock_Config  main.o
    0x08002110   0x08002110   0x00000002   Code   RO         2448    i.SystemInit        system_stm32f1xx.o
    0x08002112   0x08002112   0x00000046   Code   RO         2748    i.USBD_CDC_DataIn   usbd_cdc.o
    0x08002158   0x08002158   0x0000002e   Code   RO         2749    i.USBD_CDC_DataOut  usbd_cdc.o
    0x08002186   0x08002186   0x00000044   Code   RO         2750    i.USBD_CDC_DeInit   usbd_cdc.o
    0x080021ca   0x080021ca   0x00000024   Code   RO         2751    i.USBD_CDC_EP0_RxReady  usbd_cdc.o
    0x080021ee   0x080021ee   0x00000002   PAD
    0x080021f0   0x080021f0   0x0000000c   Code   RO         2752    i.USBD_CDC_GetDeviceQualifierDescriptor  usbd_cdc.o
    0x080021fc   0x080021fc   0x0000000c   Code   RO         2753    i.USBD_CDC_GetFSCfgDesc  usbd_cdc.o
    0x08002208   0x08002208   0x0000000c   Code   RO         2754    i.USBD_CDC_GetHSCfgDesc  usbd_cdc.o
    0x08002214   0x08002214   0x0000000c   Code   RO         2755    i.USBD_CDC_GetOtherSpeedCfgDesc  usbd_cdc.o
    0x08002220   0x08002220   0x00000094   Code   RO         2756    i.USBD_CDC_Init     usbd_cdc.o
    0x080022b4   0x080022b4   0x00000028   Code   RO         2757    i.USBD_CDC_ReceivePacket  usbd_cdc.o
    0x080022dc   0x080022dc   0x00000010   Code   RO         2758    i.USBD_CDC_RegisterInterface  usbd_cdc.o
    0x080022ec   0x080022ec   0x0000000c   Code   RO         2759    i.USBD_CDC_SetRxBuffer  usbd_cdc.o
    0x080022f8   0x080022f8   0x00000010   Code   RO         2760    i.USBD_CDC_SetTxBuffer  usbd_cdc.o
    0x08002308   0x08002308   0x000000ac   Code   RO         2761    i.USBD_CDC_Setup    usbd_cdc.o
    0x080023b4   0x080023b4   0x00000036   Code   RO         2762    i.USBD_CDC_TransmitPacket  usbd_cdc.o
    0x080023ea   0x080023ea   0x0000000e   Code   RO         2485    i.USBD_ClrClassConfig  usbd_core.o
    0x080023f8   0x080023f8   0x00000010   Code   RO         2688    i.USBD_CtlContinueRx  usbd_ioreq.o
    0x08002408   0x08002408   0x00000010   Code   RO         2689    i.USBD_CtlContinueSendData  usbd_ioreq.o
    0x08002418   0x08002418   0x00000016   Code   RO         2623    i.USBD_CtlError     usbd_ctlreq.o
    0x0800242e   0x0800242e   0x0000001e   Code   RO         2690    i.USBD_CtlPrepareRx  usbd_ioreq.o
    0x0800244c   0x0800244c   0x00000016   Code   RO         2691    i.USBD_CtlReceiveStatus  usbd_ioreq.o
    0x08002462   0x08002462   0x0000001a   Code   RO         2692    i.USBD_CtlSendData  usbd_ioreq.o
    0x0800247c   0x0800247c   0x00000016   Code   RO         2693    i.USBD_CtlSendStatus  usbd_ioreq.o
    0x08002492   0x08002492   0x00000002   PAD
    0x08002494   0x08002494   0x00000020   Code   RO          541    i.USBD_FS_ConfigStrDescriptor  usbd_desc.o
    0x080024b4   0x080024b4   0x0000000c   Code   RO          542    i.USBD_FS_DeviceDescriptor  usbd_desc.o
    0x080024c0   0x080024c0   0x00000024   Code   RO          543    i.USBD_FS_InterfaceStrDescriptor  usbd_desc.o
    0x080024e4   0x080024e4   0x0000000c   Code   RO          544    i.USBD_FS_LangIDStrDescriptor  usbd_desc.o
    0x080024f0   0x080024f0   0x00000028   Code   RO          545    i.USBD_FS_ManufacturerStrDescriptor  usbd_desc.o
    0x08002518   0x08002518   0x0000002c   Code   RO          546    i.USBD_FS_ProductStrDescriptor  usbd_desc.o
    0x08002544   0x08002544   0x00000038   Code   RO          547    i.USBD_FS_SerialStrDescriptor  usbd_desc.o
    0x0800257c   0x0800257c   0x000000e8   Code   RO         2624    i.USBD_GetDescriptor  usbd_ctlreq.o
    0x08002664   0x08002664   0x00000048   Code   RO         2625    i.USBD_GetString    usbd_ctlreq.o
    0x080026ac   0x080026ac   0x00000018   Code   RO          693    i.USBD_Get_USB_Status  usbd_conf.o
    0x080026c4   0x080026c4   0x0000002a   Code   RO         2487    i.USBD_Init         usbd_core.o
    0x080026ee   0x080026ee   0x00000012   Code   RO          694    i.USBD_LL_ClearStallEP  usbd_conf.o
    0x08002700   0x08002700   0x00000012   Code   RO          695    i.USBD_LL_CloseEP   usbd_conf.o
    0x08002712   0x08002712   0x000000c6   Code   RO         2488    i.USBD_LL_DataInStage  usbd_core.o
    0x080027d8   0x080027d8   0x00000082   Code   RO         2489    i.USBD_LL_DataOutStage  usbd_core.o
    0x0800285a   0x0800285a   0x00000008   Code   RO          699    i.USBD_LL_GetRxDataSize  usbd_conf.o
    0x08002862   0x08002862   0x00000002   PAD
    0x08002864   0x08002864   0x00000080   Code   RO          700    i.USBD_LL_Init      usbd_conf.o
    0x080028e4   0x080028e4   0x0000001e   Code   RO          701    i.USBD_LL_IsStallEP  usbd_conf.o
    0x08002902   0x08002902   0x00000018   Code   RO          702    i.USBD_LL_OpenEP    usbd_conf.o
    0x0800291a   0x0800291a   0x00000012   Code   RO          703    i.USBD_LL_PrepareReceive  usbd_conf.o
    0x0800292c   0x0800292c   0x00000050   Code   RO         2494    i.USBD_LL_Reset     usbd_core.o
    0x0800297c   0x0800297c   0x00000014   Code   RO         2495    i.USBD_LL_Resume    usbd_core.o
    0x08002990   0x08002990   0x00000018   Code   RO         2496    i.USBD_LL_SOF       usbd_core.o
    0x080029a8   0x080029a8   0x00000006   Code   RO         2497    i.USBD_LL_SetSpeed  usbd_core.o
    0x080029ae   0x080029ae   0x00000012   Code   RO          704    i.USBD_LL_SetUSBAddress  usbd_conf.o
    0x080029c0   0x080029c0   0x0000005a   Code   RO         2498    i.USBD_LL_SetupStage  usbd_core.o
    0x08002a1a   0x08002a1a   0x00000012   Code   RO          705    i.USBD_LL_StallEP   usbd_conf.o
    0x08002a2c   0x08002a2c   0x00000012   Code   RO          706    i.USBD_LL_Start     usbd_conf.o
    0x08002a3e   0x08002a3e   0x00000012   Code   RO         2499    i.USBD_LL_Suspend   usbd_core.o
    0x08002a50   0x08002a50   0x00000012   Code   RO          708    i.USBD_LL_Transmit  usbd_conf.o
    0x08002a62   0x08002a62   0x00000028   Code   RO         2626    i.USBD_ParseSetupRequest  usbd_ctlreq.o
    0x08002a8a   0x08002a8a   0x00000010   Code   RO         2500    i.USBD_RegisterClass  usbd_core.o
    0x08002a9a   0x08002a9a   0x00000016   Code   RO         2502    i.USBD_SetClassConfig  usbd_core.o
    0x08002ab0   0x08002ab0   0x00000084   Code   RO         2627    i.USBD_SetConfig    usbd_ctlreq.o
    0x08002b34   0x08002b34   0x0000000a   Code   RO         2503    i.USBD_Start        usbd_core.o
    0x08002b3e   0x08002b3e   0x00000112   Code   RO         2628    i.USBD_StdDevReq    usbd_ctlreq.o
    0x08002c50   0x08002c50   0x00000150   Code   RO         2629    i.USBD_StdEPReq     usbd_ctlreq.o
    0x08002da0   0x08002da0   0x0000004e   Code   RO         2630    i.USBD_StdItfReq    usbd_ctlreq.o
    0x08002dee   0x08002dee   0x00000002   Code   RO          709    i.USBD_static_free  usbd_conf.o
    0x08002df0   0x08002df0   0x00000008   Code   RO          710    i.USBD_static_malloc  usbd_conf.o
    0x08002df8   0x08002df8   0x0000029c   Code   RO         1284    i.USB_ActivateEndpoint  stm32f1xx_ll_usb.o
    0x08003094   0x08003094   0x00000004   Code   RO         1287    i.USB_CoreInit      stm32f1xx_ll_usb.o
    0x08003098   0x08003098   0x0000010e   Code   RO         1289    i.USB_DeactivateEndpoint  stm32f1xx_ll_usb.o
    0x080031a6   0x080031a6   0x00000004   Code   RO         1290    i.USB_DevConnect    stm32f1xx_ll_usb.o
    0x080031aa   0x080031aa   0x00000004   Code   RO         1291    i.USB_DevDisconnect  stm32f1xx_ll_usb.o
    0x080031ae   0x080031ae   0x00000012   Code   RO         1292    i.USB_DevInit       stm32f1xx_ll_usb.o
    0x080031c0   0x080031c0   0x0000000e   Code   RO         1293    i.USB_DisableGlobalInt  stm32f1xx_ll_usb.o
    0x080031ce   0x080031ce   0x00000004   Code   RO         1294    i.USB_EP0_OutStart  stm32f1xx_ll_usb.o
    0x080031d2   0x080031d2   0x00000078   Code   RO         1295    i.USB_EPClearStall  stm32f1xx_ll_usb.o
    0x0800324a   0x0800324a   0x00000032   Code   RO         1296    i.USB_EPSetStall    stm32f1xx_ll_usb.o
    0x0800327c   0x0800327c   0x000004e2   Code   RO         1297    i.USB_EPStartXfer   stm32f1xx_ll_usb.o
    0x0800375e   0x0800375e   0x00000012   Code   RO         1299    i.USB_EnableGlobalInt  stm32f1xx_ll_usb.o
    0x08003770   0x08003770   0x0000000c   Code   RO          411    i.USB_LP_CAN1_RX0_IRQHandler  stm32f1xx_it.o
    0x0800377c   0x0800377c   0x00000006   Code   RO         1306    i.USB_ReadInterrupts  stm32f1xx_ll_usb.o
    0x08003782   0x08003782   0x00000002   PAD
    0x08003784   0x08003784   0x0000002c   Code   RO         1307    i.USB_ReadPMA       stm32f1xx_ll_usb.o
    0x080037b0   0x080037b0   0x00000004   Code   RO         1308    i.USB_SetCurrentMode  stm32f1xx_ll_usb.o
    0x080037b4   0x080037b4   0x0000000c   Code   RO         1309    i.USB_SetDevAddress  stm32f1xx_ll_usb.o
    0x080037c0   0x080037c0   0x00000026   Code   RO         1311    i.USB_WritePMA      stm32f1xx_ll_usb.o
    0x080037e6   0x080037e6   0x00000002   Code   RO          412    i.UsageFault_Handler  stm32f1xx_it.o
    0x080037e8   0x080037e8   0x00000020   Code   RO         1960    i.__NVIC_SetPriority  stm32f1xx_hal_cortex.o
    0x08003808   0x08003808   0x0000003c   Code   RO          342    i.main              main.o
    0x08003844   0x08003844   0x00000012   Data   RO         1658    .constdata          stm32f1xx_hal_rcc.o
    0x08003856   0x08003856   0x00000010   Data   RO         2449    .constdata          system_stm32f1xx.o
    0x08003866   0x08003866   0x00000002   PAD
    0x08003868   0x08003868   0x00000020   Data   RO         3018    Region$$Table       anon$$obj.o


    Execution Region RW_IRAM1 (Exec base: 0x20000000, Load base: 0x08003888, Size: 0x00001288, Max: 0x00005000, ABSOLUTE, COMPRESSED[0x000000c4])

    Exec Addr    Load Addr    Size         Type   Attr      Idx    E Section Name        Object

    0x20000000   COMPRESSED   0x00000008   Data   RW           27    .data               boot_comm.o
    0x20000008   COMPRESSED   0x00000003   Data   RW          248    .data               bootloader.o
    0x2000000b   COMPRESSED   0x00000001   PAD
    0x2000000c   COMPRESSED   0x0000001c   Data   RW          549    .data               usbd_desc.o
    0x20000028   COMPRESSED   0x00000032   Data   RW          550    .data               usbd_desc.o
    0x2000005a   COMPRESSED   0x00000002   PAD
    0x2000005c   COMPRESSED   0x00000010   Data   RW          633    .data               usbd_cdc_if.o
    0x2000006c   COMPRESSED   0x0000000c   Data   RW         1495    .data               stm32f1xx_hal.o
    0x20000078   COMPRESSED   0x00000004   Data   RW         2451    .data               system_stm32f1xx.o
    0x2000007c   COMPRESSED   0x00000001   Data   RW         2631    .data               usbd_ctlreq.o
    0x2000007d   COMPRESSED   0x00000003   PAD
    0x20000080   COMPRESSED   0x000000d7   Data   RW         2763    .data               usbd_cdc.o
    0x20000157   COMPRESSED   0x00000001   PAD
    0x20000158   COMPRESSED   0x00000038   Data   RW         2764    .data               usbd_cdc.o
    0x20000190        -       0x00000038   Zero   RW           26    .bss                boot_comm.o
    0x200001c8        -       0x000002c4   Zero   RW          510    .bss                usb_device.o
    0x2000048c        -       0x00000200   Zero   RW          548    .bss                usbd_desc.o
    0x2000068c        -       0x00000080   Zero   RW          631    .bss                usbd_cdc_if.o
    0x2000070c        -       0x000004f8   Zero   RW          711    .bss                usbd_conf.o
    0x20000c04   COMPRESSED   0x00000004   PAD
    0x20000c08        -       0x00000020   Zero   RW         2201    .bss                stm32f1xx_hal_flash.o
    0x20000c28        -       0x00000060   Zero   RW         2890    .bss                c_w.l(libspace.o)
    0x20000c88        -       0x00000200   Zero   RW            2    HEAP                startup_stm32f103xb.o
    0x20000e88        -       0x00000400   Zero   RW            1    STACK               startup_stm32f103xb.o


==============================================================================

Image component sizes


      Code (inc. data)   RO Data    RW Data    ZI Data      Debug   Object Name

       508         30          0          8         56     409823   boot_comm.o
       308         50          0          3          0       8717   bootloader.o
       112          8          0          0          0        943   gpio.o
       182          6          0          0          0       2020   main.o
        64         26        236          0       1536        824   startup_stm32f103xb.o
       198         34          0         12          0       6962   stm32f1xx_hal.o
       198         14          0          0          0      28971   stm32f1xx_hal_cortex.o
       236         30          0          0         32       2778   stm32f1xx_hal_flash.o
       240         26          0          0          0       3269   stm32f1xx_hal_flash_ex.o
       490         34          0          0          0       2904   stm32f1xx_hal_gpio.o
         0          0          0          0          0     396196   stm32f1xx_hal_gpio_ex.o
        60          8          0          0          0        902   stm32f1xx_hal_msp.o
      3044          0          0          0          0      14325   stm32f1xx_hal_pcd.o
        60          0          0          0          0       1182   stm32f1xx_hal_pcd_ex.o
      1396         78         18          0          0       4795   stm32f1xx_hal_rcc.o
       236         12          0          0          0       1396   stm32f1xx_hal_rcc_ex.o
        32          6          0          0          0       4463   stm32f1xx_it.o
      2528          0          0          0          0      16211   stm32f1xx_ll_usb.o
         2          0         16          4          0       1131   system_stm32f1xx.o
        84         18          0          0        708        820   usb_device.o
       726         16          0        271          0      13298   usbd_cdc.o
       120         20          0         16        128       3483   usbd_cdc_if.o
       554         30          0          0       1272      14557   usbd_conf.o
       670          0          0          0          0       9655   usbd_core.o
      1186         28          0          1          0       8048   usbd_ctlreq.o
       288        104          0         78        512       6065   usbd_desc.o
       132          0          0          0          0       4420   usbd_ioreq.o

    ----------------------------------------------------------------------
     13680        578        304        400       4248     968158   Object Totals
         0          0         32          0          0          0   (incl. Generated)
        26          0          2          7          4          0   (incl. Padding)

    ----------------------------------------------------------------------

      Code (inc. data)   RO Data    RW Data    ZI Data      Debug   Library Member Name

        90          0          0          0          0          0   __dczerorl2.o
         8          0          0          0          0         68   __main.o
         0          0          0          0          0          0   __rtentry.o
        12          0          0          0          0          0   __rtentry2.o
         6          0          0          0          0          0   __rtentry4.o
        52          8          0          0          0          0   __scatter.o
        28          0          0          0          0          0   __scatter_zi.o
        18          0          0          0          0         80   exit.o
         6          0          0          0          0        152   heapauxi.o
         0          0          0          0          0          0   indicate_semi.o
         2          0          0          0          0          0   libinit.o
         2          0          0          0          0          0   libinit2.o
         2          0          0          0          0          0   libshutdown.o
         2          0          0          0          0          0   libshutdown2.o
         8          4          0          0         96         68   libspace.o
        68          0          0          0          0         68   rt_memclr.o
        78          0          0          0          0         80   rt_memclr_w.o
         2          0          0          0          0          0   rtexit.o
        10          0          0          0          0          0   rtexit2.o
        12          4          0          0          0         68   sys_exit.o
        74          0          0          0          0         80   sys_stackheap_outer.o
         2          0          0          0          0         68   use_no_semi.o

    ----------------------------------------------------------------------
       488         16          0          0         96        732   Library Totals
         6          0          0          0          0          0   (incl. Padding)

    ----------------------------------------------------------------------

      Code (inc. data)   RO Data    RW Data    ZI Data      Debug   Library Name

       482         16          0          0         96        732   c_w.l

    ----------------------------------------------------------------------
       488         16          0          0         96        732   Library Totals

    ----------------------------------------------------------------------

==============================================================================


      Code (inc. data)   RO Data    RW Data    ZI Data      Debug   

     14168        594        304        400       4344     960202   Grand Totals
     14168        594        304        196       4344     960202   ELF Image Totals (compressed)
     14168        594        304        196          0          0   ROM Totals

==============================================================================

    Total RO  Size (Code + RO Data)                14472 (  14.13kB)
    Total RW  Size (RW Data + ZI Data)              4744 (   4.63kB)
    Total ROM Size (Code + RO Data + RW Data)      14668 (  14.32kB)

==============================================================================

