Component: ARM Compiler 5.06 update 7 (build 960) Tool: armlink [4d3601]

==============================================================================

Section Cross References

    startup_stm32f103xb.o(STACK) refers (Special) to heapauxi.o(.text) for __use_two_region_memory
    startup_stm32f103xb.o(HEAP) refers (Special) to heapauxi.o(.text) for __use_two_region_memory
    startup_stm32f103xb.o(RESET) refers (Special) to heapauxi.o(.text) for __use_two_region_memory
    startup_stm32f103xb.o(RESET) refers to startup_stm32f103xb.o(STACK) for __initial_sp
    startup_stm32f103xb.o(RESET) refers to startup_stm32f103xb.o(.text) for Reset_Handler
    startup_stm32f103xb.o(RESET) refers to stm32f1xx_it.o(i.NMI_Handler) for NMI_Handler
    startup_stm32f103xb.o(RESET) refers to stm32f1xx_it.o(i.HardFault_Handler) for HardFault_Handler
    startup_stm32f103xb.o(RESET) refers to stm32f1xx_it.o(i.MemManage_Handler) for MemManage_Handler
    startup_stm32f103xb.o(RESET) refers to stm32f1xx_it.o(i.BusFault_Handler) for BusFault_Handler
    startup_stm32f103xb.o(RESET) refers to stm32f1xx_it.o(i.UsageFault_Handler) for UsageFault_Handler
    startup_stm32f103xb.o(RESET) refers to stm32f1xx_it.o(i.SVC_Handler) for SVC_Handler
    startup_stm32f103xb.o(RESET) refers to stm32f1xx_it.o(i.DebugMon_Handler) for DebugMon_Handler
    startup_stm32f103xb.o(RESET) refers to stm32f1xx_it.o(i.PendSV_Handler) for PendSV_Handler
    startup_stm32f103xb.o(RESET) refers to stm32f1xx_it.o(i.SysTick_Handler) for SysTick_Handler
    startup_stm32f103xb.o(RESET) refers to stm32f1xx_it.o(i.USB_HP_CAN1_TX_IRQHandler) for USB_HP_CAN1_TX_IRQHandler
    startup_stm32f103xb.o(RESET) refers to stm32f1xx_it.o(i.USB_LP_CAN1_RX0_IRQHandler) for USB_LP_CAN1_RX0_IRQHandler
    startup_stm32f103xb.o(RESET) refers to stm32f1xx_it.o(i.TIM1_UP_IRQHandler) for TIM1_UP_IRQHandler
    startup_stm32f103xb.o(RESET) refers to stm32f1xx_it.o(i.TIM2_IRQHandler) for TIM2_IRQHandler
    startup_stm32f103xb.o(RESET) refers to stm32f1xx_it.o(i.TIM4_IRQHandler) for TIM4_IRQHandler
    startup_stm32f103xb.o(RESET) refers to stm32f1xx_it.o(i.USART1_IRQHandler) for USART1_IRQHandler
    startup_stm32f103xb.o(.text) refers (Special) to heapauxi.o(.text) for __use_two_region_memory
    startup_stm32f103xb.o(.text) refers to system_stm32f1xx.o(i.SystemInit) for SystemInit
    startup_stm32f103xb.o(.text) refers to __main.o(!!!main) for __main
    startup_stm32f103xb.o(.text) refers to startup_stm32f103xb.o(HEAP) for Heap_Mem
    startup_stm32f103xb.o(.text) refers to startup_stm32f103xb.o(STACK) for Stack_Mem
    pc_communication.o(i.Bootloader_RequestFromApplication) refers to stm32f1xx_hal_flash.o(i.HAL_FLASH_Unlock) for HAL_FLASH_Unlock
    pc_communication.o(i.Bootloader_RequestFromApplication) refers to stm32f1xx_hal_flash_ex.o(i.HAL_FLASHEx_Erase) for HAL_FLASHEx_Erase
    pc_communication.o(i.Bootloader_RequestFromApplication) refers to stm32f1xx_hal_flash.o(i.HAL_FLASH_Program) for HAL_FLASH_Program
    pc_communication.o(i.Bootloader_RequestFromApplication) refers to stm32f1xx_hal_flash.o(i.HAL_FLASH_Lock) for HAL_FLASH_Lock
    pc_communication.o(i.Clear_All_Buffers) refers to usart.o(.bss) for tx_buff
    pc_communication.o(i.Report_To_PC) refers to dleqf.o(x$fpl$dleqf) for __aeabi_cdcmple
    pc_communication.o(i.Report_To_PC) refers to f2d.o(x$fpl$f2d) for __aeabi_f2d
    pc_communication.o(i.Report_To_PC) refers to dmul.o(x$fpl$dmul) for __aeabi_dmul
    pc_communication.o(i.Report_To_PC) refers to daddsub_clz.o(x$fpl$dadd) for __aeabi_dadd
    pc_communication.o(i.Report_To_PC) refers to dfix.o(x$fpl$dfix) for __aeabi_d2iz
    pc_communication.o(i.Report_To_PC) refers to stm32f1xx_hal_gpio.o(i.HAL_GPIO_TogglePin) for HAL_GPIO_TogglePin
    pc_communication.o(i.Report_To_PC) refers to pc_communication.o(i.Code_0x1A) for Code_0x1A
    pc_communication.o(i.Report_To_PC) refers to usbd_cdc_if.o(i.CDC_Transmit_FS) for CDC_Transmit_FS
    pc_communication.o(i.Report_To_PC) refers to motor_controller.o(.bss) for X_Axis
    pc_communication.o(i.Report_To_PC) refers to usart.o(.bss) for tx_buff
    pc_communication.o(i.Report_To_PC) refers to pc_communication.o(.data) for .data
    pc_communication.o(i.Report_To_PC) refers to motor_controller.o(.data) for X_int
    pc_communication.o(i.Report_To_PC) refers to motor_controller.o(.data) for Y_int
    pc_communication.o(i.Report_To_PC) refers to motor_controller.o(.data) for Z_int
    pc_communication.o(i.Service_Input_Commands) refers to dflt_clz.o(x$fpl$dflt) for __aeabi_i2d
    pc_communication.o(i.Service_Input_Commands) refers to dmul.o(x$fpl$dmul) for __aeabi_dmul
    pc_communication.o(i.Service_Input_Commands) refers to pc_communication.o(i.Bootloader_RequestFromApplication) for Bootloader_RequestFromApplication
    pc_communication.o(i.Service_Input_Commands) refers to daddsub_clz.o(x$fpl$dadd) for __aeabi_dadd
[...]
    .constdata                               0x08009fea   Section       18  stm32f1xx_hal_rcc.o(.constdata)
    aPredivFactorTable                       0x08009fea   Data           2  stm32f1xx_hal_rcc.o(.constdata)
    aPLLMULFactorTable                       0x08009fec   Data          16  stm32f1xx_hal_rcc.o(.constdata)
    .data                                    0x20000000   Section        4  pc_communication.o(.data)
    .data                                    0x20000004   Section        4  motor_controller.o(.data)
    .data                                    0x20000008   Section        4  motor_controller.o(.data)
    .data                                    0x2000000c   Section        4  motor_controller.o(.data)
    .data                                    0x20000010   Section       24  alarm.o(.data)
    .data                                    0x20000028   Section        4  tim.o(.data)
    .data                                    0x2000002c   Section        4  system_stm32f1xx.o(.data)
    .data                                    0x20000030   Section       12  stm32f1xx_hal.o(.data)
    .data                                    0x2000003c   Section       28  usbd_desc.o(.data)
    .data                                    0x20000058   Section       50  usbd_desc.o(.data)
    .data                                    0x2000008c   Section       16  usbd_cdc_if.o(.data)
    .data                                    0x2000009c   Section        1  usbd_ctlreq.o(.data)
    cfgidx                                   0x2000009c   Data           1  usbd_ctlreq.o(.data)
    .data                                    0x200000a0   Section      215  usbd_cdc.o(.data)
    USBD_CDC_DeviceQualifierDesc             0x200000a0   Data          10  usbd_cdc.o(.data)
    .data                                    0x20000178   Section       56  usbd_cdc.o(.data)
    .bss                                     0x200001b0   Section      552  motor_controller.o(.bss)
    .bss                                     0x200003d8   Section      384  alarm.o(.bss)
    .bss                                     0x20000558   Section      216  tim.o(.bss)
    .bss                                     0x20000630   Section      152  usart.o(.bss)
    .bss                                     0x200006c8   Section       56  usart.o(.bss)
    .bss                                     0x20000700   Section       32  stm32f1xx_hal_flash.o(.bss)
    .bss                                     0x20000720   Section      708  usb_device.o(.bss)
    .bss                                     0x200009e4   Section      512  usbd_desc.o(.bss)
    .bss                                     0x20000be4   Section     2048  usbd_cdc_if.o(.bss)
    .bss                                     0x200013e4   Section     1272  usbd_conf.o(.bss)
    mem                                      0x200013e4   Data         544  usbd_conf.o(.bss)
    .bss                                     0x200018dc   Section       96  libspace.o(.bss)
    HEAP                                     0x20001940   Section      768  startup_stm32f103xb.o(HEAP)
    Heap_Mem                                 0x20001940   Data         768  startup_stm32f103xb.o(HEAP)
    STACK                                    0x20001c40   Section     1280  startup_stm32f103xb.o(STACK)
    Stack_Mem                                0x20001c40   Data        1280  startup_stm32f103xb.o(STACK)
    __initial_sp                             0x20002140   Data           0  startup_stm32f103xb.o(STACK)

    Global Symbols

    Symbol Name                              Value     Ov Type        Size  Object(Section)

    BuildAttributes$$THM_ISAv4$P$D$K$B$S$PE$A:L22UL41UL21$X:L11$S22US41US21$IEEE1$IW$USESV6$~STKCKD$USESV7$~SHL$OSPACE$ROPI$EBA8$UX$STANDARDLIB$REQ8$PRES8$EABIv2 0x00000000   Number         0  anon$$obj.o ABSOLUTE
    __ARM_use_no_argv                        0x00000000   Number         0  main.o ABSOLUTE
    __ARM_exceptions_init                     - Undefined Weak Reference
    __alloca_initialize                       - Undefined Weak Reference
    __arm_fini_                               - Undefined Weak Reference
    __arm_preinit_                            - Undefined Weak Reference
    __cpp_initialize__aeabi_                  - Undefined Weak Reference
    __cxa_finalize                            - Undefined Weak Reference
    __rt_locale                               - Undefined Weak Reference
    __sigvec_lookup                           - Undefined Weak Reference
    _atexit_init                              - Undefined Weak Reference
    _call_atexit_fns                          - Undefined Weak Reference
    _clock_init                               - Undefined Weak Reference
    _fp_trap_init                             - Undefined Weak Reference
    _fp_trap_shutdown                         - Undefined Weak Reference
    _get_lc_collate                           - Undefined Weak Reference
    _get_lc_ctype                             - Undefined Weak Reference
    _get_lc_monetary                          - Undefined Weak Reference
    _get_lc_numeric                           - Undefined Weak Reference
    _get_lc_time                              - Undefined Weak Reference
    _getenv_init                              - Undefined Weak Reference
    _handle_redirection                       - Undefined Weak Reference
    _init_alloc                               - Undefined Weak Reference
    _init_user_alloc                          - Undefined Weak Reference
    _initio                                   - Undefined Weak Reference
    _rand_init                                - Undefined Weak Reference
    _signal_finish                            - Undefined Weak Reference
    _signal_init                              - Undefined Weak Reference
    _terminate_alloc                          - Undefined Weak Reference
    _terminate_user_alloc                     - Undefined Weak Reference
    _terminateio                              - Undefined Weak Reference
    __Vectors_Size                           0x000000ec   Number         0  startup_stm32f103xb.o ABSOLUTE
    __Vectors                                0x08004000   Data           4  startup_stm32f103xb.o(RESET)
    __Vectors_End                            0x080040ec   Data           0  startup_stm32f103xb.o(RESET)
    __main                                   0x080040ed   Thumb Code     8  __main.o(!!!main)
    __scatterload                            0x080040f5   Thumb Code     0  __scatter.o(!!!scatter)
    __scatterload_rt2                        0x080040f5   Thumb Code    44  __scatter.o(!!!scatter)
    __scatterload_rt2_thumb_only             0x080040f5   Thumb Code     0  __scatter.o(!!!scatter)
    __scatterload_null                       0x08004103   Thumb Code     0  __scatter.o(!!!scatter)
    __decompress                             0x08004129   Thumb Code    90  __dczerorl2.o(!!dczerorl2)
    __decompress1                            0x08004129   Thumb Code     0  __dczerorl2.o(!!dczerorl2)
    __scatterload_zeroinit                   0x08004185   Thumb Code    28  __scatter_zi.o(!!handler_zi)
    __rt_lib_init                            0x080041a1   Thumb Code     0  libinit.o(.ARM.Collect$$libinit$$00000000)
    __rt_lib_init_alloca_1                   0x080041a3   Thumb Code     0  libinit2.o(.ARM.Collect$$libinit$$0000002E)
    __rt_lib_init_argv_1                     0x080041a3   Thumb Code     0  libinit2.o(.ARM.Collect$$libinit$$0000002C)
    __rt_lib_init_atexit_1                   0x080041a3   Thumb Code     0  libinit2.o(.ARM.Collect$$libinit$$0000001B)
    __rt_lib_init_clock_1                    0x080041a3   Thumb Code     0  libinit2.o(.ARM.Collect$$libinit$$00000021)
    __rt_lib_init_cpp_1                      0x080041a3   Thumb Code     0  libinit2.o(.ARM.Collect$$libinit$$00000032)
    __rt_lib_init_exceptions_1               0x080041a3   Thumb Code     0  libinit2.o(.ARM.Collect$$libinit$$00000030)
    __rt_lib_init_fp_1                       0x080041a3   Thumb Code     0  libinit2.o(.ARM.Collect$$libinit$$00000002)
    __rt_lib_init_fp_trap_1                  0x080041a3   Thumb Code     0  libinit2.o(.ARM.Collect$$libinit$$0000001F)
    __rt_lib_init_getenv_1                   0x080041a3   Thumb Code     0  libinit2.o(.ARM.Collect$$libinit$$00000023)
    __rt_lib_init_heap_1                     0x080041a3   Thumb Code     0  libinit2.o(.ARM.Collect$$libinit$$0000000A)
    __rt_lib_init_lc_collate_1               0x080041a3   Thumb Code     0  libinit2.o(.ARM.Collect$$libinit$$00000011)
    __rt_lib_init_lc_ctype_1                 0x080041a3   Thumb Code     0  libinit2.o(.ARM.Collect$$libinit$$00000013)
    __rt_lib_init_lc_monetary_1              0x080041a3   Thumb Code     0  libinit2.o(.ARM.Collect$$libinit$$00000015)
    __rt_lib_init_lc_numeric_1               0x080041a3   Thumb Code     0  libinit2.o(.ARM.Collect$$libinit$$00000017)
    __rt_lib_init_lc_time_1                  0x080041a3   Thumb Code     0  libinit2.o(.ARM.Collect$$libinit$$00000019)
    __rt_lib_init_preinit_1                  0x080041a3   Thumb Code     0  libinit2.o(.ARM.Collect$$libinit$$00000004)
    __rt_lib_init_rand_1                     0x080041a3   Thumb Code     0  libinit2.o(.ARM.Collect$$libinit$$0000000E)
    __rt_lib_init_return                     0x080041a3   Thumb Code     0  libinit2.o(.ARM.Collect$$libinit$$00000033)
    __rt_lib_init_signal_1                   0x080041a3   Thumb Code     0  libinit2.o(.ARM.Collect$$libinit$$0000001D)
    __rt_lib_init_stdio_1                    0x080041a3   Thumb Code     0  libinit2.o(.ARM.Collect$$libinit$$00000025)
    __rt_lib_init_user_alloc_1               0x080041a3   Thumb Code     0  libinit2.o(.ARM.Collect$$libinit$$0000000C)
    __rt_lib_shutdown                        0x080041a5   Thumb Code     0  libshutdown.o(.ARM.Collect$$libshutdown$$00000000)
    __rt_lib_shutdown_cpp_1                  0x080041a7   Thumb Code     0  libshutdown2.o(.ARM.Collect$$libshutdown$$00000004)
    __rt_lib_shutdown_fini_1                 0x080041a7   Thumb Code     0  libshutdown2.o(.ARM.Collect$$libshutdown$$00000002)
    __rt_lib_shutdown_fp_trap_1              0x080041a7   Thumb Code     0  libshutdown2.o(.ARM.Collect$$libshutdown$$00000009)
    __rt_lib_shutdown_heap_1                 0x080041a7   Thumb Code     0  libshutdown2.o(.ARM.Collect$$libshutdown$$00000011)
    __rt_lib_shutdown_return                 0x080041a7   Thumb Code     0  libshutdown2.o(.ARM.Collect$$libshutdown$$00000012)
    __rt_lib_shutdown_signal_1               0x080041a7   Thumb Code     0  libshutdown2.o(.ARM.Collect$$libshutdown$$0000000C)
    __rt_lib_shutdown_stdio_1                0x080041a7   Thumb Code     0  libshutdown2.o(.ARM.Collect$$libshutdown$$00000006)
    __rt_lib_shutdown_user_alloc_1           0x080041a7   Thumb Code     0  libshutdown2.o(.ARM.Collect$$libshutdown$$0000000E)
    __rt_entry                               0x080041a9   Thumb Code     0  __rtentry.o(.ARM.Collect$$rtentry$$00000000)
    __rt_entry_presh_1                       0x080041a9   Thumb Code     0  __rtentry2.o(.ARM.Collect$$rtentry$$00000002)
    __rt_entry_sh                            0x080041a9   Thumb Code     0  __rtentry4.o(.ARM.Collect$$rtentry$$00000004)
    __rt_entry_li                            0x080041af   Thumb Code     0  __rtentry2.o(.ARM.Collect$$rtentry$$0000000A)
    __rt_entry_postsh_1                      0x080041af   Thumb Code     0  __rtentry2.o(.ARM.Collect$$rtentry$$00000009)
    __rt_entry_main                          0x080041b3   Thumb Code     0  __rtentry2.o(.ARM.Collect$$rtentry$$0000000D)
    __rt_entry_postli_1                      0x080041b3   Thumb Code     0  __rtentry2.o(.ARM.Collect$$rtentry$$0000000C)
    __rt_exit                                0x080041bb   Thumb Code     0  rtexit.o(.ARM.Collect$$rtexit$$00000000)
    __rt_exit_ls                             0x080041bd   Thumb Code     0  rtexit2.o(.ARM.Collect$$rtexit$$00000003)
    __rt_exit_prels_1                        0x080041bd   Thumb Code     0  rtexit2.o(.ARM.Collect$$rtexit$$00000002)
    __rt_exit_exit                           0x080041c1   Thumb Code     0  rtexit2.o(.ARM.Collect$$rtexit$$00000004)
    Reset_Handler                            0x080041c9   Thumb Code     8  startup_stm32f103xb.o(.text)
    ADC1_2_IRQHandler                        0x080041e3   Thumb Code     0  startup_stm32f103xb.o(.text)
    CAN1_RX1_IRQHandler                      0x080041e3   Thumb Code     0  startup_stm32f103xb.o(.text)
    CAN1_SCE_IRQHandler                      0x080041e3   Thumb Code     0  startup_stm32f103xb.o(.text)
    DMA1_Channel1_IRQHandler                 0x080041e3   Thumb Code     0  startup_stm32f103xb.o(.text)
    DMA1_Channel2_IRQHandler                 0x080041e3   Thumb Code     0  startup_stm32f103xb.o(.text)
    DMA1_Channel3_IRQHandler                 0x080041e3   Thumb Code     0  startup_stm32f103xb.o(.text)
    DMA1_Channel4_IRQHandler                 0x080041e3   Thumb Code     0  startup_stm32f103xb.o(.text)
    DMA1_Channel5_IRQHandler                 0x080041e3   Thumb Code     0  startup_stm32f103xb.o(.text)
    DMA1_Channel6_IRQHandler                 0x080041e3   Thumb Code     0  startup_stm32f103xb.o(.text)
    DMA1_Channel7_IRQHandler                 0x080041e3   Thumb Code     0  startup_stm32f103xb.o(.text)
    EXTI0_IRQHandler                         0x080041e3   Thumb Code     0  startup_stm32f103xb.o(.text)
    EXTI15_10_IRQHandler                     0x080041e3   Thumb Code     0  startup_stm32f103xb.o(.text)
    EXTI1_IRQHandler                         0x080041e3   Thumb Code     0  startup_stm32f103xb.o(.text)
    EXTI2_IRQHandler                         0x080041e3   Thumb Code     0  startup_stm32f103xb.o(.text)
    EXTI3_IRQHandler                         0x080041e3   Thumb Code     0  startup_stm32f103xb.o(.text)
    EXTI4_IRQHandler                         0x080041e3   Thumb Code     0  startup_stm32f103xb.o(.text)
    EXTI9_5_IRQHandler                       0x080041e3   Thumb Code     0  startup_stm32f103xb.o(.text)
    FLASH_IRQHandler                         0x080041e3   Thumb Code     0  startup_stm32f103xb.o(.text)
    I2C1_ER_IRQHandler                       0x080041e3   Thumb Code     0  startup_stm32f103xb.o(.text)
    I2C1_EV_IRQHandler                       0x080041e3   Thumb Code     0  startup_stm32f103xb.o(.text)
    I2C2_ER_IRQHandler                       0x080041e3   Thumb Code     0  startup_stm32f103xb.o(.text)
    I2C2_EV_IRQHandler                       0x080041e3   Thumb Code     0  startup_stm32f103xb.o(.text)
    PVD_IRQHandler                           0x080041e3   Thumb Code     0  startup_stm32f103xb.o(.text)
    RCC_IRQHandler                           0x080041e3   Thumb Code     0  startup_stm32f103xb.o(.text)
    RTC_Alarm_IRQHandler                     0x080041e3   Thumb Code     0  startup_stm32f103xb.o(.text)
    RTC_IRQHandler                           0x080041e3   Thumb Code     0  startup_stm32f103xb.o(.text)
    SPI1_IRQHandler                          0x080041e3   Thumb Code     0  startup_stm32f103xb.o(.text)
    SPI2_IRQHandler                          0x080041e3   Thumb Code     0  startup_stm32f103xb.o(.text)
    TAMPER_IRQHandler                        0x080041e3   Thumb Code     0  startup_stm32f103xb.o(.text)
    TIM1_BRK_IRQHandler                      0x080041e3   Thumb Code     0  startup_stm32f103xb.o(.text)
    TIM1_CC_IRQHandler                       0x080041e3   Thumb Code     0  startup_stm32f103xb.o(.text)
    TIM1_TRG_COM_IRQHandler                  0x080041e3   Thumb Code     0  startup_stm32f103xb.o(.text)
    TIM3_IRQHandler                          0x080041e3   Thumb Code     0  startup_stm32f103xb.o(.text)
    USART2_IRQHandler                        0x080041e3   Thumb Code     0  startup_stm32f103xb.o(.text)
    USART3_IRQHandler                        0x080041e3   Thumb Code     0  startup_stm32f103xb.o(.text)
    USBWakeUp_IRQHandler                     0x080041e3   Thumb Code     0  startup_stm32f103xb.o(.text)
    WWDG_IRQHandler                          0x080041e3   Thumb Code     0  startup_stm32f103xb.o(.text)
    __user_initial_stackheap                 0x080041e5   Thumb Code     0  startup_stm32f103xb.o(.text)
    __aeabi_llsr                             0x08004209   Thumb Code     0  llushr.o(.text)
    _ll_ushift_r                             0x08004209   Thumb Code    38  llushr.o(.text)
    __aeabi_memclr4                          0x0800422f   Thumb Code     0  rt_memclr_w.o(.text)
    __aeabi_memclr8                          0x0800422f   Thumb Code     0  rt_memclr_w.o(.text)
    __rt_memclr_w                            0x0800422f   Thumb Code    78  rt_memclr_w.o(.text)
    _memset_w                                0x08004233   Thumb Code     0  rt_memclr_w.o(.text)
    __use_two_region_memory                  0x0800427d   Thumb Code     2  heapauxi.o(.text)
    __rt_heap_escrow$2region                 0x0800427f   Thumb Code     2  heapauxi.o(.text)
    __rt_heap_expand$2region                 0x08004281   Thumb Code     2  heapauxi.o(.text)
    __user_setup_stackheap                   0x08004283   Thumb Code    74  sys_stackheap_outer.o(.text)
    exit                                     0x080042cd   Thumb Code    18  exit.o(.text)
    __user_libspace                          0x080042e1   Thumb Code     8  libspace.o(.text)
    __user_perproc_libspace                  0x080042e1   Thumb Code     0  libspace.o(.text)
    __user_perthread_libspace                0x080042e1   Thumb Code     0  libspace.o(.text)
    _sys_exit                                0x080042e9   Thumb Code     8  sys_exit.o(.text)
    __I$use$semihosting                      0x080042f5   Thumb Code     0  use_no_semi.o(.text)
    __use_no_semihosting_swi                 0x080042f5   Thumb Code     2  use_no_semi.o(.text)
    __semihosting_library_function           0x080042f7   Thumb Code     0  indicate_semi.o(.text)
    Activate_Drivers                         0x080042f9   Thumb Code    70  motor_controller.o(i.Activate_Drivers)
    Alarm                                    0x08004349   Thumb Code    68  alarm.o(i.Alarm)
    Apply_Filter_On_Opto_Interrupter_Signal  0x08004395   Thumb Code    46  motor_controller.o(i.Apply_Filter_On_Opto_Interrupter_Signal)
    BusFault_Handler                         0x08004431   Thumb Code     2  stm32f1xx_it.o(i.BusFault_Handler)
    CDC_Transmit_FS                          0x08004491   Thumb Code    52  usbd_cdc_if.o(i.CDC_Transmit_FS)
    Check_the_Range                          0x080044cd   Thumb Code    40  motor_controller.o(i.Check_the_Range)
    Code_0x1A                                0x080044f5   Thumb Code    76  pc_communication.o(i.Code_0x1A)
    DebugMon_Handler                         0x08004541   Thumb Code     2  stm32f1xx_it.o(i.DebugMon_Handler)
    Determine_PulseCount_And_DIR_For_Going_To_User_Position 0x08004543   Thumb Code    98  motor_controller.o(i.Determine_PulseCount_And_DIR_For_Going_To_User_Position)
    Error_Handler                            0x080045a5   Thumb Code     4  main.o(i.Error_Handler)
    FLASH_PageErase                          0x080045cd   Thumb Code    28  stm32f1xx_hal_flash_ex.o(i.FLASH_PageErase)
    FLASH_WaitForLastOperation               0x08004669   Thumb Code    80  stm32f1xx_hal_flash.o(i.FLASH_WaitForLastOperation)
    Generate_Pulse                           0x080046bd   Thumb Code    58  motor_controller.o(i.Generate_Pulse)
    HAL_DMA_Abort                            0x08004709   Thumb Code    70  stm32f1xx_hal_dma.o(i.HAL_DMA_Abort)
    HAL_DMA_Abort_IT                         0x08004751   Thumb Code   148  stm32f1xx_hal_dma.o(i.HAL_DMA_Abort_IT)
    HAL_FLASHEx_Erase                        0x080047e9   Thumb Code   160  stm32f1xx_hal_flash_ex.o(i.HAL_FLASHEx_Erase)
    HAL_FLASH_Lock                           0x08004891   Thumb Code    14  stm32f1xx_hal_flash.o(i.HAL_FLASH_Lock)
    HAL_FLASH_Program                        0x080048a5   Thumb Code   120  stm32f1xx_hal_flash.o(i.HAL_FLASH_Program)
    HAL_FLASH_Unlock                         0x08004925   Thumb Code    28  stm32f1xx_hal_flash.o(i.HAL_FLASH_Unlock)
    HAL_GPIO_Init                            0x0800494d   Thumb Code   446  stm32f1xx_hal_gpio.o(i.HAL_GPIO_Init)
    HAL_GPIO_ReadPin                         0x08004b2d   Thumb Code    10  stm32f1xx_hal_gpio.o(i.HAL_GPIO_ReadPin)
    HAL_GPIO_TogglePin                       0x08004b37   Thumb Code    16  stm32f1xx_hal_gpio.o(i.HAL_GPIO_TogglePin)
    HAL_GPIO_WritePin                        0x08004b47   Thumb Code    10  stm32f1xx_hal_gpio.o(i.HAL_GPIO_WritePin)
    HAL_GetTick                              0x08004b51   Thumb Code     6  stm32f1xx_hal.o(i.HAL_GetTick)
    HAL_IncTick                              0x08004b5d   Thumb Code    12  stm32f1xx_hal.o(i.HAL_IncTick)
    HAL_Init                                 0x08004b6d   Thumb Code    32  stm32f1xx_hal.o(i.HAL_Init)
    HAL_InitTick                             0x08004b91   Thumb Code    54  stm32f1xx_hal.o(i.HAL_InitTick)
    HAL_MspInit                              0x08004bd1   Thumb Code    52  stm32f1xx_hal_msp.o(i.HAL_MspInit)
    HAL_NVIC_EnableIRQ                       0x08004c0d   Thumb Code    26  stm32f1xx_hal_cortex.o(i.HAL_NVIC_EnableIRQ)
    HAL_NVIC_SetPriority                     0x08004c29   Thumb Code    60  stm32f1xx_hal_cortex.o(i.HAL_NVIC_SetPriority)
    HAL_NVIC_SetPriorityGrouping             0x08004c69   Thumb Code    26  stm32f1xx_hal_cortex.o(i.HAL_NVIC_SetPriorityGrouping)
    HAL_PCDEx_PMAConfig                      0x08004c8d   Thumb Code    60  stm32f1xx_hal_pcd_ex.o(i.HAL_PCDEx_PMAConfig)
    HAL_PCDEx_SetConnectionState             0x08004cc9   Thumb Code     2  usbd_conf.o(i.HAL_PCDEx_SetConnectionState)
    HAL_PCD_DataInStageCallback              0x08004ccb   Thumb Code    18  usbd_conf.o(i.HAL_PCD_DataInStageCallback)
    HAL_PCD_DataOutStageCallback             0x08004cdd   Thumb Code    20  usbd_conf.o(i.HAL_PCD_DataOutStageCallback)
    HAL_PCD_EP_Close                         0x08004cf1   Thumb Code    74  stm32f1xx_hal_pcd.o(i.HAL_PCD_EP_Close)
    HAL_PCD_EP_ClrStall                      0x08004d3b   Thumb Code    90  stm32f1xx_hal_pcd.o(i.HAL_PCD_EP_ClrStall)
    HAL_PCD_EP_GetRxCount                    0x080051b3   Thumb Code    18  stm32f1xx_hal_pcd.o(i.HAL_PCD_EP_GetRxCount)
    HAL_PCD_EP_Open                          0x080051c5   Thumb Code    88  stm32f1xx_hal_pcd.o(i.HAL_PCD_EP_Open)
    HAL_PCD_EP_Receive                       0x0800521d   Thumb Code    46  stm32f1xx_hal_pcd.o(i.HAL_PCD_EP_Receive)
    HAL_PCD_EP_SetStall                      0x0800524b   Thumb Code   112  stm32f1xx_hal_pcd.o(i.HAL_PCD_EP_SetStall)
    HAL_PCD_EP_Transmit                      0x080052bb   Thumb Code    46  stm32f1xx_hal_pcd.o(i.HAL_PCD_EP_Transmit)
    HAL_PCD_IRQHandler                       0x080052e9   Thumb Code   308  stm32f1xx_hal_pcd.o(i.HAL_PCD_IRQHandler)
    HAL_PCD_Init                             0x0800541d   Thumb Code   186  stm32f1xx_hal_pcd.o(i.HAL_PCD_Init)
    HAL_PCD_MspInit                          0x080054d9   Thumb Code    66  usbd_conf.o(i.HAL_PCD_MspInit)
    HAL_PCD_ResetCallback                    0x08005525   Thumb Code    38  usbd_conf.o(i.HAL_PCD_ResetCallback)
    HAL_PCD_ResumeCallback                   0x0800554b   Thumb Code     8  usbd_conf.o(i.HAL_PCD_ResumeCallback)
    HAL_PCD_SOFCallback                      0x08005553   Thumb Code     8  usbd_conf.o(i.HAL_PCD_SOFCallback)
    HAL_PCD_SetAddress                       0x0800555b   Thumb Code    38  stm32f1xx_hal_pcd.o(i.HAL_PCD_SetAddress)
    HAL_PCD_SetupStageCallback               0x08005581   Thumb Code    14  usbd_conf.o(i.HAL_PCD_SetupStageCallback)
    HAL_PCD_Start                            0x0800558f   Thumb Code    50  stm32f1xx_hal_pcd.o(i.HAL_PCD_Start)
    HAL_PCD_SuspendCallback                  0x080055c1   Thumb Code    30  usbd_conf.o(i.HAL_PCD_SuspendCallback)
    HAL_RCCEx_PeriphCLKConfig                0x080055e5   Thumb Code   224  stm32f1xx_hal_rcc_ex.o(i.HAL_RCCEx_PeriphCLKConfig)
    HAL_RCC_ClockConfig                      0x080056d1   Thumb Code   280  stm32f1xx_hal_rcc.o(i.HAL_RCC_ClockConfig)
    HAL_RCC_GetPCLK1Freq                     0x080057fd   Thumb Code    20  stm32f1xx_hal_rcc.o(i.HAL_RCC_GetPCLK1Freq)
    HAL_RCC_GetPCLK2Freq                     0x0800581d   Thumb Code    20  stm32f1xx_hal_rcc.o(i.HAL_RCC_GetPCLK2Freq)
    HAL_RCC_GetSysClockFreq                  0x0800583d   Thumb Code    58  stm32f1xx_hal_rcc.o(i.HAL_RCC_GetSysClockFreq)
    HAL_RCC_OscConfig                        0x08005889   Thumb Code   778  stm32f1xx_hal_rcc.o(i.HAL_RCC_OscConfig)
    HAL_SYSTICK_Config                       0x08005ba9   Thumb Code    40  stm32f1xx_hal_cortex.o(i.HAL_SYSTICK_Config)
    HAL_TIMEx_BreakCallback                  0x08005bd1   Thumb Code     2  stm32f1xx_hal_tim_ex.o(i.HAL_TIMEx_BreakCallback)
    HAL_TIMEx_CommutCallback                 0x08005bd3   Thumb Code     2  stm32f1xx_hal_tim_ex.o(i.HAL_TIMEx_CommutCallback)
    HAL_TIMEx_ConfigBreakDeadTime            0x08005bd5   Thumb Code    84  stm32f1xx_hal_tim_ex.o(i.HAL_TIMEx_ConfigBreakDeadTime)
    HAL_TIMEx_MasterConfigSynchronization    0x08005c29   Thumb Code    92  stm32f1xx_hal_tim_ex.o(i.HAL_TIMEx_MasterConfigSynchronization)
    HAL_TIM_Base_Init                        0x08005c91   Thumb Code    90  stm32f1xx_hal_tim.o(i.HAL_TIM_Base_Init)
    HAL_TIM_Base_MspInit                     0x08005ced   Thumb Code   122  tim.o(i.HAL_TIM_Base_MspInit)
    HAL_TIM_Base_Start_IT                    0x08005d75   Thumb Code    76  stm32f1xx_hal_tim.o(i.HAL_TIM_Base_Start_IT)
    HAL_TIM_ConfigClockSource                0x08005dcd   Thumb Code   220  stm32f1xx_hal_tim.o(i.HAL_TIM_ConfigClockSource)
    HAL_TIM_IC_CaptureCallback               0x08005ea9   Thumb Code     2  stm32f1xx_hal_tim.o(i.HAL_TIM_IC_CaptureCallback)
    HAL_TIM_IRQHandler                       0x08005eab   Thumb Code   304  stm32f1xx_hal_tim.o(i.HAL_TIM_IRQHandler)
    HAL_TIM_OC_ConfigChannel                 0x08005fdb   Thumb Code    82  stm32f1xx_hal_tim.o(i.HAL_TIM_OC_ConfigChannel)
    HAL_TIM_OC_DelayElapsedCallback          0x0800602d   Thumb Code     2  tim.o(i.HAL_TIM_OC_DelayElapsedCallback)
    HAL_TIM_OC_Init                          0x0800602f   Thumb Code    90  stm32f1xx_hal_tim.o(i.HAL_TIM_OC_Init)
    HAL_TIM_OC_MspInit                       0x08006089   Thumb Code     2  stm32f1xx_hal_tim.o(i.HAL_TIM_OC_MspInit)
    HAL_TIM_PWM_PulseFinishedCallback        0x0800608b   Thumb Code     2  stm32f1xx_hal_tim.o(i.HAL_TIM_PWM_PulseFinishedCallback)
    HAL_TIM_PeriodElapsedCallback            0x0800608d   Thumb Code    64  tim.o(i.HAL_TIM_PeriodElapsedCallback)
    HAL_TIM_TriggerCallback                  0x080060e1   Thumb Code     2  stm32f1xx_hal_tim.o(i.HAL_TIM_TriggerCallback)
    HAL_UARTEx_RxEventCallback               0x080060e3   Thumb Code     2  stm32f1xx_hal_uart.o(i.HAL_UARTEx_RxEventCallback)
    HAL_UART_AbortCpltCallback               0x080060e5   Thumb Code     2  stm32f1xx_hal_uart.o(i.HAL_UART_AbortCpltCallback)
    HAL_UART_AbortReceiveCpltCallback        0x080060e7   Thumb Code     2  stm32f1xx_hal_uart.o(i.HAL_UART_AbortReceiveCpltCallback)
    HAL_UART_AbortTransmitCpltCallback       0x080060e9   Thumb Code     2  stm32f1xx_hal_uart.o(i.HAL_UART_AbortTransmitCpltCallback)
    HAL_UART_ErrorCallback                   0x080060eb   Thumb Code     2  stm32f1xx_hal_uart.o(i.HAL_UART_ErrorCallback)
    HAL_UART_IRQHandler                      0x080060ed   Thumb Code   618  stm32f1xx_hal_uart.o(i.HAL_UART_IRQHandler)
    HAL_UART_Init                            0x0800635d   Thumb Code   114  stm32f1xx_hal_uart.o(i.HAL_UART_Init)
    HAL_UART_MspInit                         0x080063d5   Thumb Code   116  usart.o(i.HAL_UART_MspInit)
    HAL_UART_Receive_IT                      0x08006455   Thumb Code    28  stm32f1xx_hal_uart.o(i.HAL_UART_Receive_IT)
    HAL_UART_RxCpltCallback                  0x08006471   Thumb Code    24  usart.o(i.HAL_UART_RxCpltCallback)
    HAL_UART_RxHalfCpltCallback              0x0800648d   Thumb Code     2  stm32f1xx_hal_uart.o(i.HAL_UART_RxHalfCpltCallback)
    HAL_UART_TxCpltCallback                  0x0800648f   Thumb Code     2  stm32f1xx_hal_uart.o(i.HAL_UART_TxCpltCallback)
    HAL_UART_TxHalfCpltCallback              0x08006491   Thumb Code     2  stm32f1xx_hal_uart.o(i.HAL_UART_TxHalfCpltCallback)
    HardFault_Handler                        0x08006493   Thumb Code     2  stm32f1xx_it.o(i.HardFault_Handler)
    Initialize_Axis_Parameters               0x08006495   Thumb Code   128  motor_controller.o(i.Initialize_Axis_Parameters)
    MX_GPIO_Init                             0x08006579   Thumb Code   228  gpio.o(i.MX_GPIO_Init)
    MX_TIM1_Init                             0x0800666d   Thumb Code   238  tim.o(i.MX_TIM1_Init)
    MX_TIM2_Init                             0x08006765   Thumb Code   192  tim.o(i.MX_TIM2_Init)
    MX_TIM4_Init                             0x08006829   Thumb Code    92  tim.o(i.MX_TIM4_Init)
    MX_USART1_UART_Init                      0x0800688d   Thumb Code    48  usart.o(i.MX_USART1_UART_Init)
    MX_USB_DEVICE_Init                       0x080068c5   Thumb Code    66  usb_device.o(i.MX_USB_DEVICE_Init)
    MemManage_Handler                        0x08006919   Thumb Code     2  stm32f1xx_it.o(i.MemManage_Handler)
    Move_Stepper_Motor_One_Step              0x0800691b   Thumb Code   106  motor_controller.o(i.Move_Stepper_Motor_One_Step)
    NMI_Handler                              0x08006985   Thumb Code     2  stm32f1xx_it.o(i.NMI_Handler)
    PendSV_Handler                           0x08006d2d   Thumb Code     2  stm32f1xx_it.o(i.PendSV_Handler)
    Read_Opto_Interrupter_Pin                0x08006d31   Thumb Code    60  motor_controller.o(i.Read_Opto_Interrupter_Pin)
    Read_Pulse_Value                         0x08006d7d   Thumb Code    60  motor_controller.o(i.Read_Pulse_Value)
    Report_To_PC                             0x08006dc9   Thumb Code   582  pc_communication.o(i.Report_To_PC)
    SVC_Handler                              0x08007039   Thumb Code     2  stm32f1xx_it.o(i.SVC_Handler)
    Service_Input_Commands                   0x0800703d   Thumb Code   726  pc_communication.o(i.Service_Input_Commands)
    Set_Direction                            0x08007329   Thumb Code    86  motor_controller.o(i.Set_Direction)
    Set_Home_Positions                       0x08007391   Thumb Code   312  motor_controller.o(i.Set_Home_Positions)
    SysTick_Handler                          0x080074d5   Thumb Code     4  stm32f1xx_it.o(i.SysTick_Handler)
    SystemClock_Config                       0x080074d9   Thumb Code   118  main.o(i.SystemClock_Config)
    SystemInit                               0x0800754f   Thumb Code     2  system_stm32f1xx.o(i.SystemInit)
    TIM1_UP_IRQHandler                       0x08007551   Thumb Code     6  stm32f1xx_it.o(i.TIM1_UP_IRQHandler)
    TIM2_IRQHandler                          0x0800755d   Thumb Code     6  stm32f1xx_it.o(i.TIM2_IRQHandler)
    TIM4_IRQHandler                          0x08007569   Thumb Code     6  stm32f1xx_it.o(i.TIM4_IRQHandler)
    TIM_Base_SetConfig                       0x08007575   Thumb Code   108  stm32f1xx_hal_tim.o(i.TIM_Base_SetConfig)
    TIM_ETR_SetConfig                        0x080075ed   Thumb Code    20  stm32f1xx_hal_tim.o(i.TIM_ETR_SetConfig)
    TIM_OC2_SetConfig                        0x08007661   Thumb Code    84  stm32f1xx_hal_tim.o(i.TIM_OC2_SetConfig)
    UART_InitCallbacksToDefault              0x080077f5   Thumb Code    38  stm32f1xx_hal_uart.o(i.UART_InitCallbacksToDefault)
    UART_Start_Receive_IT                    0x080079bd   Thumb Code    54  stm32f1xx_hal_uart.o(i.UART_Start_Receive_IT)
    USART1_IRQHandler                        0x080079f5   Thumb Code     6  stm32f1xx_it.o(i.USART1_IRQHandler)
    USBD_CDC_GetDeviceQualifierDescriptor    0x08007add   Thumb Code     8  usbd_cdc.o(i.USBD_CDC_GetDeviceQualifierDescriptor)
    USBD_CDC_ReceivePacket                   0x08007ba1   Thumb Code    40  usbd_cdc.o(i.USBD_CDC_ReceivePacket)
    USBD_CDC_RegisterInterface               0x08007bc9   Thumb Code    16  usbd_cdc.o(i.USBD_CDC_RegisterInterface)
    USBD_CDC_SetRxBuffer                     0x08007bd9   Thumb Code    12  usbd_cdc.o(i.USBD_CDC_SetRxBuffer)
    USBD_CDC_SetTxBuffer                     0x08007be5   Thumb Code    16  usbd_cdc.o(i.USBD_CDC_SetTxBuffer)
    USBD_CDC_TransmitPacket                  0x08007ca1   Thumb Code    54  usbd_cdc.o(i.USBD_CDC_TransmitPacket)
    USBD_ClrClassConfig                      0x08007cd7   Thumb Code    14  usbd_core.o(i.USBD_ClrClassConfig)
    USBD_CtlContinueRx                       0x08007ce5   Thumb Code    16  usbd_ioreq.o(i.USBD_CtlContinueRx)
    USBD_CtlContinueSendData                 0x08007cf5   Thumb Code    16  usbd_ioreq.o(i.USBD_CtlContinueSendData)
    USBD_CtlError                            0x08007d05   Thumb Code    22  usbd_ctlreq.o(i.USBD_CtlError)
    USBD_CtlPrepareRx                        0x08007d1b   Thumb Code    30  usbd_ioreq.o(i.USBD_CtlPrepareRx)
    USBD_CtlReceiveStatus                    0x08007d39   Thumb Code    22  usbd_ioreq.o(i.USBD_CtlReceiveStatus)
    USBD_CtlSendData                         0x08007d4f   Thumb Code    26  usbd_ioreq.o(i.USBD_CtlSendData)
    USBD_CtlSendStatus                       0x08007d69   Thumb Code    22  usbd_ioreq.o(i.USBD_CtlSendStatus)
    USBD_FS_ConfigStrDescriptor              0x08007d81   Thumb Code    16  usbd_desc.o(i.USBD_FS_ConfigStrDescriptor)
    USBD_FS_DeviceDescriptor                 0x08007da1   Thumb Code     8  usbd_desc.o(i.USBD_FS_DeviceDescriptor)
    USBD_FS_InterfaceStrDescriptor           0x08007dad   Thumb Code    16  usbd_desc.o(i.USBD_FS_InterfaceStrDescriptor)
    USBD_FS_LangIDStrDescriptor              0x08007dd1   Thumb Code     8  usbd_desc.o(i.USBD_FS_LangIDStrDescriptor)
    USBD_FS_ManufacturerStrDescriptor        0x08007ddd   Thumb Code    16  usbd_desc.o(i.USBD_FS_ManufacturerStrDescriptor)
    USBD_FS_ProductStrDescriptor             0x08007e05   Thumb Code    16  usbd_desc.o(i.USBD_FS_ProductStrDescriptor)
    USBD_FS_SerialStrDescriptor              0x08007e29   Thumb Code    36  usbd_desc.o(i.USBD_FS_SerialStrDescriptor)
    USBD_GetString                           0x08007f39   Thumb Code    72  usbd_ctlreq.o(i.USBD_GetString)
    USBD_Init                                0x08007f99   Thumb Code    42  usbd_core.o(i.USBD_Init)
    USBD_LL_ClearStallEP                     0x08007fc3   Thumb Code    18  usbd_conf.o(i.USBD_LL_ClearStallEP)
    USBD_LL_CloseEP                          0x08007fd5   Thumb Code    18  usbd_conf.o(i.USBD_LL_CloseEP)
    USBD_LL_DataInStage                      0x08007fe7   Thumb Code   198  usbd_core.o(i.USBD_LL_DataInStage)
    USBD_LL_DataOutStage                     0x080080ad   Thumb Code   130  usbd_core.o(i.USBD_LL_DataOutStage)
    USBD_LL_GetRxDataSize                    0x0800812f   Thumb Code     8  usbd_conf.o(i.USBD_LL_GetRxDataSize)
    USBD_LL_Init                             0x08008139   Thumb Code   118  usbd_conf.o(i.USBD_LL_Init)
    USBD_LL_IsStallEP                        0x080081b9   Thumb Code    30  usbd_conf.o(i.USBD_LL_IsStallEP)
    USBD_LL_OpenEP                           0x080081d7   Thumb Code    24  usbd_conf.o(i.USBD_LL_OpenEP)
    USBD_LL_PrepareReceive                   0x080081ef   Thumb Code    18  usbd_conf.o(i.USBD_LL_PrepareReceive)
    USBD_LL_Reset                            0x08008201   Thumb Code    80  usbd_core.o(i.USBD_LL_Reset)
    USBD_LL_Resume                           0x08008251   Thumb Code    20  usbd_core.o(i.USBD_LL_Resume)
    USBD_LL_SOF                              0x08008265   Thumb Code    24  usbd_core.o(i.USBD_LL_SOF)
    USBD_LL_SetSpeed                         0x0800827d   Thumb Code     6  usbd_core.o(i.USBD_LL_SetSpeed)
    USBD_LL_SetUSBAddress                    0x08008283   Thumb Code    18  usbd_conf.o(i.USBD_LL_SetUSBAddress)
    USBD_LL_SetupStage                       0x08008295   Thumb Code    90  usbd_core.o(i.USBD_LL_SetupStage)
    USBD_LL_StallEP                          0x080082ef   Thumb Code    18  usbd_conf.o(i.USBD_LL_StallEP)
    USBD_LL_Start                            0x08008301   Thumb Code    18  usbd_conf.o(i.USBD_LL_Start)
    USBD_LL_Suspend                          0x08008313   Thumb Code    18  usbd_core.o(i.USBD_LL_Suspend)
    USBD_LL_Transmit                         0x08008325   Thumb Code    18  usbd_conf.o(i.USBD_LL_Transmit)
    USBD_ParseSetupRequest                   0x08008337   Thumb Code    40  usbd_ctlreq.o(i.USBD_ParseSetupRequest)
    USBD_RegisterClass                       0x0800835f   Thumb Code    16  usbd_core.o(i.USBD_RegisterClass)
    USBD_SetClassConfig                      0x0800836f   Thumb Code    22  usbd_core.o(i.USBD_SetClassConfig)
    USBD_Start                               0x08008409   Thumb Code    10  usbd_core.o(i.USBD_Start)
    USBD_StdDevReq                           0x08008413   Thumb Code   274  usbd_ctlreq.o(i.USBD_StdDevReq)
    USBD_StdEPReq                            0x08008525   Thumb Code   336  usbd_ctlreq.o(i.USBD_StdEPReq)
    USBD_StdItfReq                           0x08008675   Thumb Code    78  usbd_ctlreq.o(i.USBD_StdItfReq)
    USBD_static_free                         0x080086c3   Thumb Code     2  usbd_conf.o(i.USBD_static_free)
    USBD_static_malloc                       0x080086c5   Thumb Code     4  usbd_conf.o(i.USBD_static_malloc)
    USB_ActivateEndpoint                     0x080086cd   Thumb Code   668  stm32f1xx_ll_usb.o(i.USB_ActivateEndpoint)
    USB_CoreInit                             0x08008969   Thumb Code     4  stm32f1xx_ll_usb.o(i.USB_CoreInit)
    USB_DeactivateEndpoint                   0x0800896d   Thumb Code   270  stm32f1xx_ll_usb.o(i.USB_DeactivateEndpoint)
    USB_DevConnect                           0x08008a7b   Thumb Code     4  stm32f1xx_ll_usb.o(i.USB_DevConnect)
    USB_DevDisconnect                        0x08008a7f   Thumb Code     4  stm32f1xx_ll_usb.o(i.USB_DevDisconnect)
    USB_DevInit                              0x08008a83   Thumb Code    18  stm32f1xx_ll_usb.o(i.USB_DevInit)
    USB_DisableGlobalInt                     0x08008a95   Thumb Code    14  stm32f1xx_ll_usb.o(i.USB_DisableGlobalInt)
    USB_EP0_OutStart                         0x08008aa3   Thumb Code     4  stm32f1xx_ll_usb.o(i.USB_EP0_OutStart)
    USB_EPClearStall                         0x08008aa7   Thumb Code   120  stm32f1xx_ll_usb.o(i.USB_EPClearStall)
    USB_EPSetStall                           0x08008b1f   Thumb Code    50  stm32f1xx_ll_usb.o(i.USB_EPSetStall)
    USB_EPStartXfer                          0x08008b51   Thumb Code  1250  stm32f1xx_ll_usb.o(i.USB_EPStartXfer)
    USB_EnableGlobalInt                      0x08009033   Thumb Code    18  stm32f1xx_ll_usb.o(i.USB_EnableGlobalInt)
    USB_HP_CAN1_TX_IRQHandler                0x08009045   Thumb Code     6  stm32f1xx_it.o(i.USB_HP_CAN1_TX_IRQHandler)
    USB_LP_CAN1_RX0_IRQHandler               0x08009051   Thumb Code     6  stm32f1xx_it.o(i.USB_LP_CAN1_RX0_IRQHandler)
    USB_ReadInterrupts                       0x0800905d   Thumb Code     6  stm32f1xx_ll_usb.o(i.USB_ReadInterrupts)
    USB_ReadPMA                              0x08009065   Thumb Code    44  stm32f1xx_ll_usb.o(i.USB_ReadPMA)
    USB_SetCurrentMode                       0x08009091   Thumb Code     4  stm32f1xx_ll_usb.o(i.USB_SetCurrentMode)
    USB_SetDevAddress                        0x08009095   Thumb Code    12  stm32f1xx_ll_usb.o(i.USB_SetDevAddress)
    USB_WritePMA                             0x080090a1   Thumb Code    38  stm32f1xx_ll_usb.o(i.USB_WritePMA)
    Update_Alarm                             0x080090c9   Thumb Code   154  alarm.o(i.Update_Alarm)
    Update_Position                          0x08009171   Thumb Code    52  motor_controller.o(i.Update_Position)
    Update_Slow_Down_Factor                  0x080091a5   Thumb Code    82  motor_controller.o(i.Update_Slow_Down_Factor)
    Update_State_Machine                     0x080091f9   Thumb Code   674  motor_controller.o(i.Update_State_Machine)
    UsageFault_Handler                       0x080094a5   Thumb Code     2  stm32f1xx_it.o(i.UsageFault_Handler)
    main                                     0x080094c9   Thumb Code    76  main.o(i.main)
    __aeabi_dadd                             0x08009525   Thumb Code     0  daddsub_clz.o(x$fpl$dadd)
    _dadd                                    0x08009525   Thumb Code   332  daddsub_clz.o(x$fpl$dadd)
    __fpl_dcmp_Inf                           0x08009675   Thumb Code    24  dcmpi.o(x$fpl$dcmpinf)
    __aeabi_ddiv                             0x0800968d   Thumb Code     0  ddiv.o(x$fpl$ddiv)
    _ddiv                                    0x0800968d   Thumb Code   552  ddiv.o(x$fpl$ddiv)
    __aeabi_d2iz                             0x0800993d   Thumb Code     0  dfix.o(x$fpl$dfix)
    _dfix                                    0x0800993d   Thumb Code    94  dfix.o(x$fpl$dfix)
    __aeabi_d2uiz                            0x0800999d   Thumb Code     0  dfixu.o(x$fpl$dfixu)
    _dfixu                                   0x0800999d   Thumb Code    90  dfixu.o(x$fpl$dfixu)
    __aeabi_i2d                              0x080099f7   Thumb Code     0  dflt_clz.o(x$fpl$dflt)
    _dflt                                    0x080099f7   Thumb Code    46  dflt_clz.o(x$fpl$dflt)
    __aeabi_cdcmple                          0x08009a25   Thumb Code     0  dleqf.o(x$fpl$dleqf)
    _dcmple                                  0x08009a25   Thumb Code   120  dleqf.o(x$fpl$dleqf)
    __fpl_dcmple_InfNaN                      0x08009a87   Thumb Code     0  dleqf.o(x$fpl$dleqf)
    __aeabi_dmul                             0x08009a9d   Thumb Code     0  dmul.o(x$fpl$dmul)
    _dmul                                    0x08009a9d   Thumb Code   332  dmul.o(x$fpl$dmul)
    __fpl_dnaninf                            0x08009bf1   Thumb Code   156  dnaninf.o(x$fpl$dnaninf)
    __fpl_dretinf                            0x08009c8d   Thumb Code    12  dretinf.o(x$fpl$dretinf)
    __aeabi_cdrcmple                         0x08009c99   Thumb Code     0  drleqf.o(x$fpl$drleqf)
    _drcmple                                 0x08009c99   Thumb Code   108  drleqf.o(x$fpl$drleqf)
    __aeabi_drsub                            0x08009d05   Thumb Code     0  daddsub_clz.o(x$fpl$drsb)
    _drsb                                    0x08009d05   Thumb Code    22  daddsub_clz.o(x$fpl$drsb)
    __aeabi_dsub                             0x08009d1d   Thumb Code     0  daddsub_clz.o(x$fpl$dsub)
    _dsub                                    0x08009d1d   Thumb Code   464  daddsub_clz.o(x$fpl$dsub)
    __aeabi_f2d                              0x08009ef1   Thumb Code     0  f2d.o(x$fpl$f2d)
    _f2d                                     0x08009ef1   Thumb Code    86  f2d.o(x$fpl$f2d)
    __fpl_fnaninf                            0x08009f47   Thumb Code   140  fnaninf.o(x$fpl$fnaninf)
    AHBPrescTable                            0x08009fd2   Data          16  system_stm32f1xx.o(.constdata)
    __I$use$fp                               0x08009fd2   Number         0  usenofp.o(x$fpl$usenofp)
    APBPrescTable                            0x08009fe2   Data           8  system_stm32f1xx.o(.constdata)
    Region$$Table$$Base                      0x08009ffc   Number         0  anon$$obj.o(Region$$Table)
    Region$$Table$$Limit                     0x0800a01c   Number         0  anon$$obj.o(Region$$Table)
    com_Counter                              0x20000000   Data           4  pc_communication.o(.data)
    X_int                                    0x20000004   Data           4  motor_controller.o(.data)
    Y_int                                    0x20000008   Data           4  motor_controller.o(.data)
    Z_int                                    0x2000000c   Data           4  motor_controller.o(.data)
    BeepOnOff                                0x20000010   Data           1  alarm.o(.data)
    Continious                               0x20000011   Data           1  alarm.o(.data)
    Message_Queue_Index                      0x20000012   Data           1  alarm.o(.data)
    Message_Queue_CurrentIndex               0x20000013   Data           1  alarm.o(.data)
    shiftCount                               0x20000014   Data           1  alarm.o(.data)
    alarm_Time                               0x20000015   Data           1  alarm.o(.data)
    Pattern                                  0x20000018   Data           4  alarm.o(.data)
    alarmCount                               0x2000001c   Data           4  alarm.o(.data)
    BeepPattern_Shifted                      0x20000020   Data           4  alarm.o(.data)
    Pattern_Shifted                          0x20000024   Data           4  alarm.o(.data)
    counter_toggle                           0x20000028   Data           4  tim.o(.data)
    SystemCoreClock                          0x2000002c   Data           4  system_stm32f1xx.o(.data)
    uwTickFreq                               0x20000030   Data           1  stm32f1xx_hal.o(.data)
    uwTickPrio                               0x20000034   Data           4  stm32f1xx_hal.o(.data)
    uwTick                                   0x20000038   Data           4  stm32f1xx_hal.o(.data)
    FS_Desc                                  0x2000003c   Data          28  usbd_desc.o(.data)
    USBD_LangIDDesc                          0x20000058   Data           4  usbd_desc.o(.data)
    USBD_FS_DeviceDesc                       0x2000005c   Data          18  usbd_desc.o(.data)
    USBD_StringSerial                        0x20000070   Data          26  usbd_desc.o(.data)
    USBD_Interface_fops_FS                   0x2000008c   Data          16  usbd_cdc_if.o(.data)
    USBD_CDC_CfgHSDesc                       0x200000ac   Data          67  usbd_cdc.o(.data)
    USBD_CDC_CfgFSDesc                       0x200000f0   Data          67  usbd_cdc.o(.data)
    USBD_CDC_OtherSpeedCfgDesc               0x20000134   Data          67  usbd_cdc.o(.data)
    USBD_CDC                                 0x20000178   Data          56  usbd_cdc.o(.data)
    X_Axis                                   0x200001b0   Data         184  motor_controller.o(.bss)
    Y_Axis                                   0x20000268   Data         184  motor_controller.o(.bss)
    Z_Axis                                   0x20000320   Data         184  motor_controller.o(.bss)
    MessageQueue                             0x200003d8   Data         384  alarm.o(.bss)
    htim1                                    0x20000558   Data          72  tim.o(.bss)
    htim2                                    0x200005a0   Data          72  tim.o(.bss)
    htim4                                    0x200005e8   Data          72  tim.o(.bss)
    rx_buff                                  0x20000630   Data          32  usart.o(.bss)
    huart1                                   0x20000650   Data         120  usart.o(.bss)
    tx_buff                                  0x200006c8   Data          56  usart.o(.bss)
    pFlash                                   0x20000700   Data          32  stm32f1xx_hal_flash.o(.bss)
    hUsbDeviceFS                             0x20000720   Data         708  usb_device.o(.bss)
    USBD_StrDesc                             0x200009e4   Data         512  usbd_desc.o(.bss)
    UserRxBufferFS                           0x20000be4   Data        1024  usbd_cdc_if.o(.bss)
    UserTxBufferFS                           0x20000fe4   Data        1024  usbd_cdc_if.o(.bss)
    hpcd_USB_FS                              0x20001604   Data         728  usbd_conf.o(.bss)
    __libspace_start                         0x200018dc   Data          96  libspace.o(.bss)
    __temporary_stack_top$libspace           0x2000193c   Data           0  libspace.o(.bss)



==============================================================================

Memory Map of the image

  Image Entry point : 0x080040ed

  Load Region LR_IROM1 (Base: 0x08004000, Size: 0x000061cc, Max: 0x0000c000, ABSOLUTE, COMPRESSED[0x000060dc])

    Execution Region ER_IROM1 (Exec base: 0x08004000, Load base: 0x08004000, Size: 0x0000601c, Max: 0x0000c000, ABSOLUTE)

    Exec Addr    Load Addr    Size         Type   Attr      Idx    E Section Name        Object

    0x08004000   0x08004000   0x000000ec   Data   RO            3    RESET               startup_stm32f103xb.o
    0x080040ec   0x080040ec   0x00000008   Code   RO         4342  * !!!main             c_w.l(__main.o)
    0x080040f4   0x080040f4   0x00000034   Code   RO         4544    !!!scatter          c_w.l(__scatter.o)
    0x08004128   0x08004128   0x0000005a   Code   RO         4542    !!dczerorl2         c_w.l(__dczerorl2.o)
    0x08004182   0x08004182   0x00000002   PAD
    0x08004184   0x08004184   0x0000001c   Code   RO         4546    !!handler_zi        c_w.l(__scatter_zi.o)
    0x080041a0   0x080041a0   0x00000002   Code   RO         4410    .ARM.Collect$$libinit$$00000000  c_w.l(libinit.o)
    0x080041a2   0x080041a2   0x00000000   Code   RO         4417    .ARM.Collect$$libinit$$00000002  c_w.l(libinit2.o)
    0x080041a2   0x080041a2   0x00000000   Code   RO         4419    .ARM.Collect$$libinit$$00000004  c_w.l(libinit2.o)
    0x080041a2   0x080041a2   0x00000000   Code   RO         4422    .ARM.Collect$$libinit$$0000000A  c_w.l(libinit2.o)
    0x080041a2   0x080041a2   0x00000000   Code   RO         4424    .ARM.Collect$$libinit$$0000000C  c_w.l(libinit2.o)
    0x080041a2   0x080041a2   0x00000000   Code   RO         4426    .ARM.Collect$$libinit$$0000000E  c_w.l(libinit2.o)
    0x080041a2   0x080041a2   0x00000000   Code   RO         4429    .ARM.Collect$$libinit$$00000011  c_w.l(libinit2.o)
    0x080041a2   0x080041a2   0x00000000   Code   RO         4431    .ARM.Collect$$libinit$$00000013  c_w.l(libinit2.o)
    0x080041a2   0x080041a2   0x00000000   Code   RO         4433    .ARM.Collect$$libinit$$00000015  c_w.l(libinit2.o)
    0x080041a2   0x080041a2   0x00000000   Code   RO         4435    .ARM.Collect$$libinit$$00000017  c_w.l(libinit2.o)
    0x080041a2   0x080041a2   0x00000000   Code   RO         4437    .ARM.Collect$$libinit$$00000019  c_w.l(libinit2.o)
    0x080041a2   0x080041a2   0x00000000   Code   RO         4439    .ARM.Collect$$libinit$$0000001B  c_w.l(libinit2.o)
    0x080041a2   0x080041a2   0x00000000   Code   RO         4441    .ARM.Collect$$libinit$$0000001D  c_w.l(libinit2.o)
    0x080041a2   0x080041a2   0x00000000   Code   RO         4443    .ARM.Collect$$libinit$$0000001F  c_w.l(libinit2.o)
    0x080041a2   0x080041a2   0x00000000   Code   RO         4445    .ARM.Collect$$libinit$$00000021  c_w.l(libinit2.o)
    0x080041a2   0x080041a2   0x00000000   Code   RO         4447    .ARM.Collect$$libinit$$00000023  c_w.l(libinit2.o)
    0x080041a2   0x080041a2   0x00000000   Code   RO         4449    .ARM.Collect$$libinit$$00000025  c_w.l(libinit2.o)
    0x080041a2   0x080041a2   0x00000000   Code   RO         4453    .ARM.Collect$$libinit$$0000002C  c_w.l(libinit2.o)
    0x080041a2   0x080041a2   0x00000000   Code   RO         4455    .ARM.Collect$$libinit$$0000002E  c_w.l(libinit2.o)
    0x080041a2   0x080041a2   0x00000000   Code   RO         4457    .ARM.Collect$$libinit$$00000030  c_w.l(libinit2.o)
    0x080041a2   0x080041a2   0x00000000   Code   RO         4459    .ARM.Collect$$libinit$$00000032  c_w.l(libinit2.o)
    0x080041a2   0x080041a2   0x00000002   Code   RO         4460    .ARM.Collect$$libinit$$00000033  c_w.l(libinit2.o)
    0x080041a4   0x080041a4   0x00000002   Code   RO         4480    .ARM.Collect$$libshutdown$$00000000  c_w.l(libshutdown.o)
    0x080041a6   0x080041a6   0x00000000   Code   RO         4493    .ARM.Collect$$libshutdown$$00000002  c_w.l(libshutdown2.o)
    0x080041a6   0x080041a6   0x00000000   Code   RO         4495    .ARM.Collect$$libshutdown$$00000004  c_w.l(libshutdown2.o)
    0x080041a6   0x080041a6   0x00000000   Code   RO         4497    .ARM.Collect$$libshutdown$$00000006  c_w.l(libshutdown2.o)
    0x080041a6   0x080041a6   0x00000000   Code   RO         4500    .ARM.Collect$$libshutdown$$00000009  c_w.l(libshutdown2.o)
    0x080041a6   0x080041a6   0x00000000   Code   RO         4503    .ARM.Collect$$libshutdown$$0000000C  c_w.l(libshutdown2.o)
    0x080041a6   0x080041a6   0x00000000   Code   RO         4505    .ARM.Collect$$libshutdown$$0000000E  c_w.l(libshutdown2.o)
    0x080041a6   0x080041a6   0x00000000   Code   RO         4508    .ARM.Collect$$libshutdown$$00000011  c_w.l(libshutdown2.o)
    0x080041a6   0x080041a6   0x00000002   Code   RO         4509    .ARM.Collect$$libshutdown$$00000012  c_w.l(libshutdown2.o)
    0x080041a8   0x080041a8   0x00000000   Code   RO         4376    .ARM.Collect$$rtentry$$00000000  c_w.l(__rtentry.o)
    0x080041a8   0x080041a8   0x00000000   Code   RO         4387    .ARM.Collect$$rtentry$$00000002  c_w.l(__rtentry2.o)
    0x080041a8   0x080041a8   0x00000006   Code   RO         4399    .ARM.Collect$$rtentry$$00000004  c_w.l(__rtentry4.o)
    0x080041ae   0x080041ae   0x00000000   Code   RO         4389    .ARM.Collect$$rtentry$$00000009  c_w.l(__rtentry2.o)
    0x080041ae   0x080041ae   0x00000004   Code   RO         4390    .ARM.Collect$$rtentry$$0000000A  c_w.l(__rtentry2.o)
    0x080041b2   0x080041b2   0x00000000   Code   RO         4392    .ARM.Collect$$rtentry$$0000000C  c_w.l(__rtentry2.o)
    0x080041b2   0x080041b2   0x00000008   Code   RO         4393    .ARM.Collect$$rtentry$$0000000D  c_w.l(__rtentry2.o)
    0x080041ba   0x080041ba   0x00000002   Code   RO         4414    .ARM.Collect$$rtexit$$00000000  c_w.l(rtexit.o)
    0x080041bc   0x080041bc   0x00000000   Code   RO         4462    .ARM.Collect$$rtexit$$00000002  c_w.l(rtexit2.o)
    0x080041bc   0x080041bc   0x00000004   Code   RO         4463    .ARM.Collect$$rtexit$$00000003  c_w.l(rtexit2.o)
    0x080041c0   0x080041c0   0x00000006   Code   RO         4464    .ARM.Collect$$rtexit$$00000004  c_w.l(rtexit2.o)
    0x080041c6   0x080041c6   0x00000002   PAD
    0x080041c8   0x080041c8   0x00000040   Code   RO            4    .text               startup_stm32f103xb.o
    0x08004208   0x08004208   0x00000026   Code   RO         4336    .text               c_w.l(llushr.o)
    0x0800422e   0x0800422e   0x0000004e   Code   RO         4338    .text               c_w.l(rt_memclr_w.o)
    0x0800427c   0x0800427c   0x00000006   Code   RO         4340    .text               c_w.l(heapauxi.o)
    0x08004282   0x08004282   0x0000004a   Code   RO         4401    .text               c_w.l(sys_stackheap_outer.o)
    0x080042cc   0x080042cc   0x00000012   Code   RO         4403    .text               c_w.l(exit.o)
    0x080042de   0x080042de   0x00000002   PAD
    0x080042e0   0x080042e0   0x00000008   Code   RO         4411    .text               c_w.l(libspace.o)
    0x080042e8   0x080042e8   0x0000000c   Code   RO         4472    .text               c_w.l(sys_exit.o)
    0x080042f4   0x080042f4   0x00000002   Code   RO         4483    .text               c_w.l(use_no_semi.o)
    0x080042f6   0x080042f6   0x00000000   Code   RO         4485    .text               c_w.l(indicate_semi.o)
    0x080042f6   0x080042f6   0x00000002   PAD
    0x080042f8   0x080042f8   0x00000050   Code   RO          190    i.Activate_Drivers  motor_controller.o
    0x08004348   0x08004348   0x0000004c   Code   RO          321    i.Alarm             alarm.o
    0x08004394   0x08004394   0x0000002e   Code   RO          191    i.Apply_Filter_On_Opto_Interrupter_Signal  motor_controller.o
    0x080043c2   0x080043c2   0x00000002   PAD
    0x080043c4   0x080043c4   0x0000006c   Code   RO           13    i.Bootloader_RequestFromApplication  pc_communication.o
    0x08004430   0x08004430   0x00000002   Code   RO          549    i.BusFault_Handler  stm32f1xx_it.o
    0x08004432   0x08004432   0x00000004   Code   RO         3704    i.CDC_Control_FS    usbd_cdc_if.o
    0x08004436   0x08004436   0x00000004   Code   RO         3705    i.CDC_DeInit_FS     usbd_cdc_if.o
    0x0800443a   0x0800443a   0x00000002   PAD
    0x0800443c   0x0800443c   0x00000024   Code   RO         3706    i.CDC_Init_FS       usbd_cdc_if.o
    0x08004460   0x08004460   0x00000030   Code   RO         3707    i.CDC_Receive_FS    usbd_cdc_if.o
    0x08004490   0x08004490   0x0000003c   Code   RO         3708    i.CDC_Transmit_FS   usbd_cdc_if.o
    0x080044cc   0x080044cc   0x00000028   Code   RO          192    i.Check_the_Range   motor_controller.o
    0x080044f4   0x080044f4   0x0000004c   Code   RO           15    i.Code_0x1A         pc_communication.o
    0x08004540   0x08004540   0x00000002   Code   RO          550    i.DebugMon_Handler  stm32f1xx_it.o
    0x08004542   0x08004542   0x00000062   Code   RO          193    i.Determine_PulseCount_And_DIR_For_Going_To_User_Position  motor_controller.o
    0x080045a4   0x080045a4   0x00000004   Code   RO          361    i.Error_Handler     main.o
    0x080045a8   0x080045a8   0x00000024   Code   RO         2044    i.FLASH_MassErase   stm32f1xx_hal_flash_ex.o
    0x080045cc   0x080045cc   0x00000024   Code   RO         2049    i.FLASH_PageErase   stm32f1xx_hal_flash_ex.o
    0x080045f0   0x080045f0   0x0000001c   Code   RO         1941    i.FLASH_Program_HalfWord  stm32f1xx_hal_flash.o
    0x0800460c   0x0800460c   0x0000005c   Code   RO         1942    i.FLASH_SetErrorCode  stm32f1xx_hal_flash.o
    0x08004668   0x08004668   0x00000054   Code   RO         1943    i.FLASH_WaitForLastOperation  stm32f1xx_hal_flash.o
    0x080046bc   0x080046bc   0x0000004c   Code   RO          194    i.Generate_Pulse    motor_controller.o
    0x08004708   0x08004708   0x00000046   Code   RO         1605    i.HAL_DMA_Abort     stm32f1xx_hal_dma.o
    0x0800474e   0x0800474e   0x00000002   PAD
    0x08004750   0x08004750   0x00000098   Code   RO         1606    i.HAL_DMA_Abort_IT  stm32f1xx_hal_dma.o
    0x080047e8   0x080047e8   0x000000a8   Code   RO         2050    i.HAL_FLASHEx_Erase  stm32f1xx_hal_flash_ex.o
    0x08004890   0x08004890   0x00000014   Code   RO         1947    i.HAL_FLASH_Lock    stm32f1xx_hal_flash.o
    0x080048a4   0x080048a4   0x00000080   Code   RO         1952    i.HAL_FLASH_Program  stm32f1xx_hal_flash.o
    0x08004924   0x08004924   0x00000028   Code   RO         1954    i.HAL_FLASH_Unlock  stm32f1xx_hal_flash.o
    0x0800494c   0x0800494c   0x000001e0   Code   RO         1541    i.HAL_GPIO_Init     stm32f1xx_hal_gpio.o
    0x08004b2c   0x08004b2c   0x0000000a   Code   RO         1543    i.HAL_GPIO_ReadPin  stm32f1xx_hal_gpio.o
    0x08004b36   0x08004b36   0x00000010   Code   RO         1544    i.HAL_GPIO_TogglePin  stm32f1xx_hal_gpio.o
    0x08004b46   0x08004b46   0x0000000a   Code   RO         1545    i.HAL_GPIO_WritePin  stm32f1xx_hal_gpio.o
    0x08004b50   0x08004b50   0x0000000c   Code   RO         1235    i.HAL_GetTick       stm32f1xx_hal.o
    0x08004b5c   0x08004b5c   0x00000010   Code   RO         1241    i.HAL_IncTick       stm32f1xx_hal.o
    0x08004b6c   0x08004b6c   0x00000024   Code   RO         1242    i.HAL_Init          stm32f1xx_hal.o
    0x08004b90   0x08004b90   0x00000040   Code   RO         1243    i.HAL_InitTick      stm32f1xx_hal.o
    0x08004bd0   0x08004bd0   0x0000003c   Code   RO          661    i.HAL_MspInit       stm32f1xx_hal_msp.o
    0x08004c0c   0x08004c0c   0x0000001a   Code   RO         1701    i.HAL_NVIC_EnableIRQ  stm32f1xx_hal_cortex.o
    0x08004c26   0x08004c26   0x00000002   PAD
    0x08004c28   0x08004c28   0x00000040   Code   RO         1707    i.HAL_NVIC_SetPriority  stm32f1xx_hal_cortex.o
    0x08004c68   0x08004c68   0x00000024   Code   RO         1708    i.HAL_NVIC_SetPriorityGrouping  stm32f1xx_hal_cortex.o
    0x08004c8c   0x08004c8c   0x0000003c   Code   RO          998    i.HAL_PCDEx_PMAConfig  stm32f1xx_hal_pcd_ex.o
    0x08004cc8   0x08004cc8   0x00000002   Code   RO         3756    i.HAL_PCDEx_SetConnectionState  usbd_conf.o
    0x08004cca   0x08004cca   0x00000012   Code   RO         3758    i.HAL_PCD_DataInStageCallback  usbd_conf.o
    0x08004cdc   0x08004cdc   0x00000014   Code   RO         3759    i.HAL_PCD_DataOutStageCallback  usbd_conf.o
    0x08004cf0   0x08004cf0   0x0000004a   Code   RO          769    i.HAL_PCD_EP_Close  stm32f1xx_hal_pcd.o
    0x08004d3a   0x08004d3a   0x0000005a   Code   RO          770    i.HAL_PCD_EP_ClrStall  stm32f1xx_hal_pcd.o
    0x08004d94   0x08004d94   0x000000e6   Code   RO          771    i.HAL_PCD_EP_DB_Receive  stm32f1xx_hal_pcd.o
    0x08004e7a   0x08004e7a   0x00000338   Code   RO          772    i.HAL_PCD_EP_DB_Transmit  stm32f1xx_hal_pcd.o
    0x080051b2   0x080051b2   0x00000012   Code   RO          774    i.HAL_PCD_EP_GetRxCount  stm32f1xx_hal_pcd.o
    0x080051c4   0x080051c4   0x00000058   Code   RO          775    i.HAL_PCD_EP_Open   stm32f1xx_hal_pcd.o
    0x0800521c   0x0800521c   0x0000002e   Code   RO          776    i.HAL_PCD_EP_Receive  stm32f1xx_hal_pcd.o
    0x0800524a   0x0800524a   0x00000070   Code   RO          777    i.HAL_PCD_EP_SetStall  stm32f1xx_hal_pcd.o
    0x080052ba   0x080052ba   0x0000002e   Code   RO          778    i.HAL_PCD_EP_Transmit  stm32f1xx_hal_pcd.o
    0x080052e8   0x080052e8   0x00000134   Code   RO          780    i.HAL_PCD_IRQHandler  stm32f1xx_hal_pcd.o
    0x0800541c   0x0800541c   0x000000ba   Code   RO          783    i.HAL_PCD_Init      stm32f1xx_hal_pcd.o
    0x080054d6   0x080054d6   0x00000002   PAD
    0x080054d8   0x080054d8   0x0000004c   Code   RO         3764    i.HAL_PCD_MspInit   usbd_conf.o
    0x08005524   0x08005524   0x00000026   Code   RO         3765    i.HAL_PCD_ResetCallback  usbd_conf.o
    0x0800554a   0x0800554a   0x00000008   Code   RO         3766    i.HAL_PCD_ResumeCallback  usbd_conf.o
    0x08005552   0x08005552   0x00000008   Code   RO         3767    i.HAL_PCD_SOFCallback  usbd_conf.o
    0x0800555a   0x0800555a   0x00000026   Code   RO          789    i.HAL_PCD_SetAddress  stm32f1xx_hal_pcd.o
    0x08005580   0x08005580   0x0000000e   Code   RO         3768    i.HAL_PCD_SetupStageCallback  usbd_conf.o
    0x0800558e   0x0800558e   0x00000032   Code   RO          791    i.HAL_PCD_Start     stm32f1xx_hal_pcd.o
    0x080055c0   0x080055c0   0x00000024   Code   RO         3769    i.HAL_PCD_SuspendCallback  usbd_conf.o
    0x080055e4   0x080055e4   0x000000ec   Code   RO         1503    i.HAL_RCCEx_PeriphCLKConfig  stm32f1xx_hal_rcc_ex.o
    0x080056d0   0x080056d0   0x0000012c   Code   RO         1399    i.HAL_RCC_ClockConfig  stm32f1xx_hal_rcc.o
    0x080057fc   0x080057fc   0x00000020   Code   RO         1406    i.HAL_RCC_GetPCLK1Freq  stm32f1xx_hal_rcc.o
    0x0800581c   0x0800581c   0x00000020   Code   RO         1407    i.HAL_RCC_GetPCLK2Freq  stm32f1xx_hal_rcc.o
    0x0800583c   0x0800583c   0x0000004c   Code   RO         1408    i.HAL_RCC_GetSysClockFreq  stm32f1xx_hal_rcc.o
    0x08005888   0x08005888   0x00000320   Code   RO         1411    i.HAL_RCC_OscConfig  stm32f1xx_hal_rcc.o
    0x08005ba8   0x08005ba8   0x00000028   Code   RO         1712    i.HAL_SYSTICK_Config  stm32f1xx_hal_cortex.o
    0x08005bd0   0x08005bd0   0x00000002   Code   RO         2907    i.HAL_TIMEx_BreakCallback  stm32f1xx_hal_tim_ex.o
    0x08005bd2   0x08005bd2   0x00000002   Code   RO         2908    i.HAL_TIMEx_CommutCallback  stm32f1xx_hal_tim_ex.o
    0x08005bd4   0x08005bd4   0x00000054   Code   RO         2910    i.HAL_TIMEx_ConfigBreakDeadTime  stm32f1xx_hal_tim_ex.o
    0x08005c28   0x08005c28   0x00000068   Code   RO         2926    i.HAL_TIMEx_MasterConfigSynchronization  stm32f1xx_hal_tim_ex.o
    0x08005c90   0x08005c90   0x0000005a   Code   RO         2203    i.HAL_TIM_Base_Init  stm32f1xx_hal_tim.o
    0x08005cea   0x08005cea   0x00000002   PAD
    0x08005cec   0x08005cec   0x00000088   Code   RO          434    i.HAL_TIM_Base_MspInit  tim.o
    0x08005d74   0x08005d74   0x00000058   Code   RO         2208    i.HAL_TIM_Base_Start_IT  stm32f1xx_hal_tim.o
    0x08005dcc   0x08005dcc   0x000000dc   Code   RO         2212    i.HAL_TIM_ConfigClockSource  stm32f1xx_hal_tim.o
    0x08005ea8   0x08005ea8   0x00000002   Code   RO         2237    i.HAL_TIM_IC_CaptureCallback  stm32f1xx_hal_tim.o
    0x08005eaa   0x08005eaa   0x00000130   Code   RO         2251    i.HAL_TIM_IRQHandler  stm32f1xx_hal_tim.o
    0x08005fda   0x08005fda   0x00000052   Code   RO         2252    i.HAL_TIM_OC_ConfigChannel  stm32f1xx_hal_tim.o
    0x0800602c   0x0800602c   0x00000002   Code   RO          435    i.HAL_TIM_OC_DelayElapsedCallback  tim.o
    0x0800602e   0x0800602e   0x0000005a   Code   RO         2256    i.HAL_TIM_OC_Init   stm32f1xx_hal_tim.o
    0x08006088   0x08006088   0x00000002   Code   RO         2258    i.HAL_TIM_OC_MspInit  stm32f1xx_hal_tim.o
    0x0800608a   0x0800608a   0x00000002   Code   RO         2281    i.HAL_TIM_PWM_PulseFinishedCallback  stm32f1xx_hal_tim.o
    0x0800608c   0x0800608c   0x00000054   Code   RO          436    i.HAL_TIM_PeriodElapsedCallback  tim.o
    0x080060e0   0x080060e0   0x00000002   Code   RO         2294    i.HAL_TIM_TriggerCallback  stm32f1xx_hal_tim.o
    0x080060e2   0x080060e2   0x00000002   Code   RO         3186    i.HAL_UARTEx_RxEventCallback  stm32f1xx_hal_uart.o
    0x080060e4   0x080060e4   0x00000002   Code   RO         3188    i.HAL_UART_AbortCpltCallback  stm32f1xx_hal_uart.o
    0x080060e6   0x080060e6   0x00000002   Code   RO         3190    i.HAL_UART_AbortReceiveCpltCallback  stm32f1xx_hal_uart.o
    0x080060e8   0x080060e8   0x00000002   Code   RO         3193    i.HAL_UART_AbortTransmitCpltCallback  stm32f1xx_hal_uart.o
    0x080060ea   0x080060ea   0x00000002   Code   RO         3200    i.HAL_UART_ErrorCallback  stm32f1xx_hal_uart.o
    0x080060ec   0x080060ec   0x00000270   Code   RO         3203    i.HAL_UART_IRQHandler  stm32f1xx_hal_uart.o
    0x0800635c   0x0800635c   0x00000078   Code   RO         3204    i.HAL_UART_Init     stm32f1xx_hal_uart.o
    0x080063d4   0x080063d4   0x00000080   Code   RO          501    i.HAL_UART_MspInit  usart.o
    0x08006454   0x08006454   0x0000001c   Code   RO         3209    i.HAL_UART_Receive_IT  stm32f1xx_hal_uart.o
    0x08006470   0x08006470   0x0000001c   Code   RO          502    i.HAL_UART_RxCpltCallback  usart.o
    0x0800648c   0x0800648c   0x00000002   Code   RO         3213    i.HAL_UART_RxHalfCpltCallback  stm32f1xx_hal_uart.o
    0x0800648e   0x0800648e   0x00000002   Code   RO         3217    i.HAL_UART_TxCpltCallback  stm32f1xx_hal_uart.o
    0x08006490   0x08006490   0x00000002   Code   RO         3218    i.HAL_UART_TxHalfCpltCallback  stm32f1xx_hal_uart.o
    0x08006492   0x08006492   0x00000002   Code   RO          551    i.HardFault_Handler  stm32f1xx_it.o
    0x08006494   0x08006494   0x000000ac   Code   RO          195    i.Initialize_Axis_Parameters  motor_controller.o
    0x08006540   0x08006540   0x00000038   Code   RO         3618    i.IntToUnicode      usbd_desc.o
    0x08006578   0x08006578   0x000000f4   Code   RO          409    i.MX_GPIO_Init      gpio.o
    0x0800666c   0x0800666c   0x000000f8   Code   RO          437    i.MX_TIM1_Init      tim.o
    0x08006764   0x08006764   0x000000c4   Code   RO          438    i.MX_TIM2_Init      tim.o
    0x08006828   0x08006828   0x00000064   Code   RO          439    i.MX_TIM4_Init      tim.o
    0x0800688c   0x0800688c   0x00000038   Code   RO          503    i.MX_USART1_UART_Init  usart.o
    0x080068c4   0x080068c4   0x00000054   Code   RO         3567    i.MX_USB_DEVICE_Init  usb_device.o
    0x08006918   0x08006918   0x00000002   Code   RO          552    i.MemManage_Handler  stm32f1xx_it.o
    0x0800691a   0x0800691a   0x0000006a   Code   RO          196    i.Move_Stepper_Motor_One_Step  motor_controller.o
    0x08006984   0x08006984   0x00000002   Code   RO          553    i.NMI_Handler       stm32f1xx_it.o
    0x08006986   0x08006986   0x000003a6   Code   RO          795    i.PCD_EP_ISR_Handler  stm32f1xx_hal_pcd.o
    0x08006d2c   0x08006d2c   0x00000002   Code   RO          554    i.PendSV_Handler    stm32f1xx_it.o
    0x08006d2e   0x08006d2e   0x00000002   PAD
    0x08006d30   0x08006d30   0x0000004c   Code   RO          199    i.Read_Opto_Interrupter_Pin  motor_controller.o
    0x08006d7c   0x08006d7c   0x0000004c   Code   RO          200    i.Read_Pulse_Value  motor_controller.o
    0x08006dc8   0x08006dc8   0x00000270   Code   RO           16    i.Report_To_PC      pc_communication.o
    0x08007038   0x08007038   0x00000002   Code   RO          555    i.SVC_Handler       stm32f1xx_it.o
    0x0800703a   0x0800703a   0x00000002   PAD
    0x0800703c   0x0800703c   0x000002ec   Code   RO           17    i.Service_Input_Commands  pc_communication.o
    0x08007328   0x08007328   0x00000068   Code   RO          201    i.Set_Direction     motor_controller.o
    0x08007390   0x08007390   0x00000144   Code   RO          202    i.Set_Home_Positions  motor_controller.o
    0x080074d4   0x080074d4   0x00000004   Code   RO          556    i.SysTick_Handler   stm32f1xx_it.o
    0x080074d8   0x080074d8   0x00000076   Code   RO          362    i.SystemClock_Config  main.o
    0x0800754e   0x0800754e   0x00000002   Code   RO          686    i.SystemInit        system_stm32f1xx.o
    0x08007550   0x08007550   0x0000000c   Code   RO          557    i.TIM1_UP_IRQHandler  stm32f1xx_it.o
    0x0800755c   0x0800755c   0x0000000c   Code   RO          558    i.TIM2_IRQHandler   stm32f1xx_it.o
    0x08007568   0x08007568   0x0000000c   Code   RO          559    i.TIM4_IRQHandler   stm32f1xx_it.o
    0x08007574   0x08007574   0x00000078   Code   RO         2296    i.TIM_Base_SetConfig  stm32f1xx_hal_tim.o
    0x080075ec   0x080075ec   0x00000014   Code   RO         2307    i.TIM_ETR_SetConfig  stm32f1xx_hal_tim.o
    0x08007600   0x08007600   0x00000010   Code   RO         2308    i.TIM_ITRx_SetConfig  stm32f1xx_hal_tim.o
    0x08007610   0x08007610   0x00000050   Code   RO         2309    i.TIM_OC1_SetConfig  stm32f1xx_hal_tim.o
    0x08007660   0x08007660   0x00000058   Code   RO         2310    i.TIM_OC2_SetConfig  stm32f1xx_hal_tim.o
    0x080076b8   0x080076b8   0x00000058   Code   RO         2311    i.TIM_OC3_SetConfig  stm32f1xx_hal_tim.o
    0x08007710   0x08007710   0x00000044   Code   RO         2312    i.TIM_OC4_SetConfig  stm32f1xx_hal_tim.o
    0x08007754   0x08007754   0x00000022   Code   RO         2314    i.TIM_TI1_ConfigInputStage  stm32f1xx_hal_tim.o
    0x08007776   0x08007776   0x00000024   Code   RO         2316    i.TIM_TI2_ConfigInputStage  stm32f1xx_hal_tim.o
    0x0800779a   0x0800779a   0x0000000c   Code   RO         3221    i.UART_DMAAbortOnError  stm32f1xx_hal_uart.o
    0x080077a6   0x080077a6   0x0000004e   Code   RO         3231    i.UART_EndRxTransfer  stm32f1xx_hal_uart.o
    0x080077f4   0x080077f4   0x0000004c   Code   RO         3233    i.UART_InitCallbacksToDefault  stm32f1xx_hal_uart.o
    0x08007840   0x08007840   0x000000c2   Code   RO         3234    i.UART_Receive_IT   stm32f1xx_hal_uart.o
    0x08007902   0x08007902   0x00000002   PAD
    0x08007904   0x08007904   0x000000b8   Code   RO         3235    i.UART_SetConfig    stm32f1xx_hal_uart.o
    0x080079bc   0x080079bc   0x00000036   Code   RO         3237    i.UART_Start_Receive_IT  stm32f1xx_hal_uart.o
    0x080079f2   0x080079f2   0x00000002   PAD
    0x080079f4   0x080079f4   0x0000000c   Code   RO          560    i.USART1_IRQHandler  stm32f1xx_it.o
    0x08007a00   0x08007a00   0x00000046   Code   RO         4231    i.USBD_CDC_DataIn   usbd_cdc.o
    0x08007a46   0x08007a46   0x0000002e   Code   RO         4232    i.USBD_CDC_DataOut  usbd_cdc.o
    0x08007a74   0x08007a74   0x00000044   Code   RO         4233    i.USBD_CDC_DeInit   usbd_cdc.o
    0x08007ab8   0x08007ab8   0x00000024   Code   RO         4234    i.USBD_CDC_EP0_RxReady  usbd_cdc.o
    0x08007adc   0x08007adc   0x0000000c   Code   RO         4235    i.USBD_CDC_GetDeviceQualifierDescriptor  usbd_cdc.o
    0x08007ae8   0x08007ae8   0x0000000c   Code   RO         4236    i.USBD_CDC_GetFSCfgDesc  usbd_cdc.o
    0x08007af4   0x08007af4   0x0000000c   Code   RO         4237    i.USBD_CDC_GetHSCfgDesc  usbd_cdc.o
    0x08007b00   0x08007b00   0x0000000c   Code   RO         4238    i.USBD_CDC_GetOtherSpeedCfgDesc  usbd_cdc.o
    0x08007b0c   0x08007b0c   0x00000094   Code   RO         4239    i.USBD_CDC_Init     usbd_cdc.o
    0x08007ba0   0x08007ba0   0x00000028   Code   RO         4240    i.USBD_CDC_ReceivePacket  usbd_cdc.o
    0x08007bc8   0x08007bc8   0x00000010   Code   RO         4241    i.USBD_CDC_RegisterInterface  usbd_cdc.o
    0x08007bd8   0x08007bd8   0x0000000c   Code   RO         4242    i.USBD_CDC_SetRxBuffer  usbd_cdc.o
    0x08007be4   0x08007be4   0x00000010   Code   RO         4243    i.USBD_CDC_SetTxBuffer  usbd_cdc.o
    0x08007bf4   0x08007bf4   0x000000ac   Code   RO         4244    i.USBD_CDC_Setup    usbd_cdc.o
    0x08007ca0   0x08007ca0   0x00000036   Code   RO         4245    i.USBD_CDC_TransmitPacket  usbd_cdc.o
    0x08007cd6   0x08007cd6   0x0000000e   Code   RO         3968    i.USBD_ClrClassConfig  usbd_core.o
    0x08007ce4   0x08007ce4   0x00000010   Code   RO         4171    i.USBD_CtlContinueRx  usbd_ioreq.o
    0x08007cf4   0x08007cf4   0x00000010   Code   RO         4172    i.USBD_CtlContinueSendData  usbd_ioreq.o
    0x08007d04   0x08007d04   0x00000016   Code   RO         4106    i.USBD_CtlError     usbd_ctlreq.o
    0x08007d1a   0x08007d1a   0x0000001e   Code   RO         4173    i.USBD_CtlPrepareRx  usbd_ioreq.o
    0x08007d38   0x08007d38   0x00000016   Code   RO         4174    i.USBD_CtlReceiveStatus  usbd_ioreq.o
    0x08007d4e   0x08007d4e   0x0000001a   Code   RO         4175    i.USBD_CtlSendData  usbd_ioreq.o
    0x08007d68   0x08007d68   0x00000016   Code   RO         4176    i.USBD_CtlSendStatus  usbd_ioreq.o
    0x08007d7e   0x08007d7e   0x00000002   PAD
    0x08007d80   0x08007d80   0x00000020   Code   RO         3619    i.USBD_FS_ConfigStrDescriptor  usbd_desc.o
    0x08007da0   0x08007da0   0x0000000c   Code   RO         3620    i.USBD_FS_DeviceDescriptor  usbd_desc.o
    0x08007dac   0x08007dac   0x00000024   Code   RO         3621    i.USBD_FS_InterfaceStrDescriptor  usbd_desc.o
    0x08007dd0   0x08007dd0   0x0000000c   Code   RO         3622    i.USBD_FS_LangIDStrDescriptor  usbd_desc.o
    0x08007ddc   0x08007ddc   0x00000028   Code   RO         3623    i.USBD_FS_ManufacturerStrDescriptor  usbd_desc.o
    0x08007e04   0x08007e04   0x00000024   Code   RO         3624    i.USBD_FS_ProductStrDescriptor  usbd_desc.o
    0x08007e28   0x08007e28   0x00000028   Code   RO         3625    i.USBD_FS_SerialStrDescriptor  usbd_desc.o
    0x08007e50   0x08007e50   0x000000e8   Code   RO         4107    i.USBD_GetDescriptor  usbd_ctlreq.o
    0x08007f38   0x08007f38   0x00000048   Code   RO         4108    i.USBD_GetString    usbd_ctlreq.o
    0x08007f80   0x08007f80   0x00000018   Code   RO         3770    i.USBD_Get_USB_Status  usbd_conf.o
    0x08007f98   0x08007f98   0x0000002a   Code   RO         3970    i.USBD_Init         usbd_core.o
    0x08007fc2   0x08007fc2   0x00000012   Code   RO         3771    i.USBD_LL_ClearStallEP  usbd_conf.o
    0x08007fd4   0x08007fd4   0x00000012   Code   RO         3772    i.USBD_LL_CloseEP   usbd_conf.o
    0x08007fe6   0x08007fe6   0x000000c6   Code   RO         3971    i.USBD_LL_DataInStage  usbd_core.o
    0x080080ac   0x080080ac   0x00000082   Code   RO         3972    i.USBD_LL_DataOutStage  usbd_core.o
    0x0800812e   0x0800812e   0x00000008   Code   RO         3776    i.USBD_LL_GetRxDataSize  usbd_conf.o
    0x08008136   0x08008136   0x00000002   PAD
    0x08008138   0x08008138   0x00000080   Code   RO         3777    i.USBD_LL_Init      usbd_conf.o
    0x080081b8   0x080081b8   0x0000001e   Code   RO         3778    i.USBD_LL_IsStallEP  usbd_conf.o
    0x080081d6   0x080081d6   0x00000018   Code   RO         3779    i.USBD_LL_OpenEP    usbd_conf.o
    0x080081ee   0x080081ee   0x00000012   Code   RO         3780    i.USBD_LL_PrepareReceive  usbd_conf.o
    0x08008200   0x08008200   0x00000050   Code   RO         3977    i.USBD_LL_Reset     usbd_core.o
    0x08008250   0x08008250   0x00000014   Code   RO         3978    i.USBD_LL_Resume    usbd_core.o
    0x08008264   0x08008264   0x00000018   Code   RO         3979    i.USBD_LL_SOF       usbd_core.o
    0x0800827c   0x0800827c   0x00000006   Code   RO         3980    i.USBD_LL_SetSpeed  usbd_core.o
    0x08008282   0x08008282   0x00000012   Code   RO         3781    i.USBD_LL_SetUSBAddress  usbd_conf.o
    0x08008294   0x08008294   0x0000005a   Code   RO         3981    i.USBD_LL_SetupStage  usbd_core.o
    0x080082ee   0x080082ee   0x00000012   Code   RO         3782    i.USBD_LL_StallEP   usbd_conf.o
    0x08008300   0x08008300   0x00000012   Code   RO         3783    i.USBD_LL_Start     usbd_conf.o
    0x08008312   0x08008312   0x00000012   Code   RO         3982    i.USBD_LL_Suspend   usbd_core.o
    0x08008324   0x08008324   0x00000012   Code   RO         3785    i.USBD_LL_Transmit  usbd_conf.o
    0x08008336   0x08008336   0x00000028   Code   RO         4109    i.USBD_ParseSetupRequest  usbd_ctlreq.o
    0x0800835e   0x0800835e   0x00000010   Code   RO         3983    i.USBD_RegisterClass  usbd_core.o
    0x0800836e   0x0800836e   0x00000016   Code   RO         3985    i.USBD_SetClassConfig  usbd_core.o
    0x08008384   0x08008384   0x00000084   Code   RO         4110    i.USBD_SetConfig    usbd_ctlreq.o
    0x08008408   0x08008408   0x0000000a   Code   RO         3986    i.USBD_Start        usbd_core.o
    0x08008412   0x08008412   0x00000112   Code   RO         4111    i.USBD_StdDevReq    usbd_ctlreq.o
    0x08008524   0x08008524   0x00000150   Code   RO         4112    i.USBD_StdEPReq     usbd_ctlreq.o
    0x08008674   0x08008674   0x0000004e   Code   RO         4113    i.USBD_StdItfReq    usbd_ctlreq.o
    0x080086c2   0x080086c2   0x00000002   Code   RO         3786    i.USBD_static_free  usbd_conf.o
    0x080086c4   0x080086c4   0x00000008   Code   RO         3787    i.USBD_static_malloc  usbd_conf.o
    0x080086cc   0x080086cc   0x0000029c   Code   RO         1038    i.USB_ActivateEndpoint  stm32f1xx_ll_usb.o
    0x08008968   0x08008968   0x00000004   Code   RO         1041    i.USB_CoreInit      stm32f1xx_ll_usb.o
    0x0800896c   0x0800896c   0x0000010e   Code   RO         1043    i.USB_DeactivateEndpoint  stm32f1xx_ll_usb.o
    0x08008a7a   0x08008a7a   0x00000004   Code   RO         1044    i.USB_DevConnect    stm32f1xx_ll_usb.o
    0x08008a7e   0x08008a7e   0x00000004   Code   RO         1045    i.USB_DevDisconnect  stm32f1xx_ll_usb.o
    0x08008a82   0x08008a82   0x00000012   Code   RO         1046    i.USB_DevInit       stm32f1xx_ll_usb.o
    0x08008a94   0x08008a94   0x0000000e   Code   RO         1047    i.USB_DisableGlobalInt  stm32f1xx_ll_usb.o
    0x08008aa2   0x08008aa2   0x00000004   Code   RO         1048    i.USB_EP0_OutStart  stm32f1xx_ll_usb.o
    0x08008aa6   0x08008aa6   0x00000078   Code   RO         1049    i.USB_EPClearStall  stm32f1xx_ll_usb.o
    0x08008b1e   0x08008b1e   0x00000032   Code   RO         1050    i.USB_EPSetStall    stm32f1xx_ll_usb.o
    0x08008b50   0x08008b50   0x000004e2   Code   RO         1051    i.USB_EPStartXfer   stm32f1xx_ll_usb.o
    0x08009032   0x08009032   0x00000012   Code   RO         1053    i.USB_EnableGlobalInt  stm32f1xx_ll_usb.o
    0x08009044   0x08009044   0x0000000c   Code   RO          561    i.USB_HP_CAN1_TX_IRQHandler  stm32f1xx_it.o
    0x08009050   0x08009050   0x0000000c   Code   RO          562    i.USB_LP_CAN1_RX0_IRQHandler  stm32f1xx_it.o
    0x0800905c   0x0800905c   0x00000006   Code   RO         1060    i.USB_ReadInterrupts  stm32f1xx_ll_usb.o
    0x08009062   0x08009062   0x00000002   PAD
    0x08009064   0x08009064   0x0000002c   Code   RO         1061    i.USB_ReadPMA       stm32f1xx_ll_usb.o
    0x08009090   0x08009090   0x00000004   Code   RO         1062    i.USB_SetCurrentMode  stm32f1xx_ll_usb.o
    0x08009094   0x08009094   0x0000000c   Code   RO         1063    i.USB_SetDevAddress  stm32f1xx_ll_usb.o
    0x080090a0   0x080090a0   0x00000026   Code   RO         1065    i.USB_WritePMA      stm32f1xx_ll_usb.o
    0x080090c6   0x080090c6   0x00000002   PAD
    0x080090c8   0x080090c8   0x000000a8   Code   RO          323    i.Update_Alarm      alarm.o
    0x08009170   0x08009170   0x00000034   Code   RO          203    i.Update_Position   motor_controller.o
    0x080091a4   0x080091a4   0x00000052   Code   RO          204    i.Update_Slow_Down_Factor  motor_controller.o
    0x080091f6   0x080091f6   0x00000002   PAD
    0x080091f8   0x080091f8   0x000002ac   Code   RO          205    i.Update_State_Machine  motor_controller.o
    0x080094a4   0x080094a4   0x00000002   Code   RO          563    i.UsageFault_Handler  stm32f1xx_it.o
    0x080094a6   0x080094a6   0x00000020   Code   RO         1714    i.__NVIC_SetPriority  stm32f1xx_hal_cortex.o
    0x080094c6   0x080094c6   0x00000002   PAD
    0x080094c8   0x080094c8   0x0000005c   Code   RO          363    i.main              main.o
    0x08009524   0x08009524   0x00000150   Code   RO         4344    x$fpl$dadd          fz_ws.l(daddsub_clz.o)
    0x08009674   0x08009674   0x00000018   Code   RO         4377    x$fpl$dcmpinf       fz_ws.l(dcmpi.o)
    0x0800968c   0x0800968c   0x000002b0   Code   RO         4351    x$fpl$ddiv          fz_ws.l(ddiv.o)
    0x0800993c   0x0800993c   0x0000005e   Code   RO         4354    x$fpl$dfix          fz_ws.l(dfix.o)
    0x0800999a   0x0800999a   0x00000002   PAD
    0x0800999c   0x0800999c   0x0000005a   Code   RO         4358    x$fpl$dfixu         fz_ws.l(dfixu.o)
    0x080099f6   0x080099f6   0x0000002e   Code   RO         4363    x$fpl$dflt          fz_ws.l(dflt_clz.o)
    0x08009a24   0x08009a24   0x00000078   Code   RO         4368    x$fpl$dleqf         fz_ws.l(dleqf.o)
    0x08009a9c   0x08009a9c   0x00000154   Code   RO         4370    x$fpl$dmul          fz_ws.l(dmul.o)
    0x08009bf0   0x08009bf0   0x0000009c   Code   RO         4379    x$fpl$dnaninf       fz_ws.l(dnaninf.o)
    0x08009c8c   0x08009c8c   0x0000000c   Code   RO         4381    x$fpl$dretinf       fz_ws.l(dretinf.o)
    0x08009c98   0x08009c98   0x0000006c   Code   RO         4372    x$fpl$drleqf        fz_ws.l(drleqf.o)
    0x08009d04   0x08009d04   0x00000016   Code   RO         4345    x$fpl$drsb          fz_ws.l(daddsub_clz.o)
    0x08009d1a   0x08009d1a   0x00000002   PAD
    0x08009d1c   0x08009d1c   0x000001d4   Code   RO         4346    x$fpl$dsub          fz_ws.l(daddsub_clz.o)
    0x08009ef0   0x08009ef0   0x00000056   Code   RO         4374    x$fpl$f2d           fz_ws.l(f2d.o)
    0x08009f46   0x08009f46   0x0000008c   Code   RO         4383    x$fpl$fnaninf       fz_ws.l(fnaninf.o)
    0x08009fd2   0x08009fd2   0x00000000   Code   RO         4385    x$fpl$usenofp       fz_ws.l(usenofp.o)
    0x08009fd2   0x08009fd2   0x00000010   Data   RO          687    .constdata          system_stm32f1xx.o
    0x08009fe2   0x08009fe2   0x00000008   Data   RO          688    .constdata          system_stm32f1xx.o
    0x08009fea   0x08009fea   0x00000012   Data   RO         1412    .constdata          stm32f1xx_hal_rcc.o
    0x08009ffc   0x08009ffc   0x00000020   Data   RO         4540    Region$$Table       anon$$obj.o


    Execution Region RW_IRAM1 (Exec base: 0x20000000, Load base: 0x0800a01c, Size: 0x00002140, Max: 0x00005000, ABSOLUTE, COMPRESSED[0x000000c0])

    Exec Addr    Load Addr    Size         Type   Attr      Idx    E Section Name        Object

    0x20000000   COMPRESSED   0x00000004   Data   RW           18    .data               pc_communication.o
    0x20000004   COMPRESSED   0x00000004   Data   RW          207    .data               motor_controller.o
    0x20000008   COMPRESSED   0x00000004   Data   RW          208    .data               motor_controller.o
    0x2000000c   COMPRESSED   0x00000004   Data   RW          209    .data               motor_controller.o
    0x20000010   COMPRESSED   0x00000018   Data   RW          325    .data               alarm.o
    0x20000028   COMPRESSED   0x00000004   Data   RW          441    .data               tim.o
    0x2000002c   COMPRESSED   0x00000004   Data   RW          689    .data               system_stm32f1xx.o
    0x20000030   COMPRESSED   0x0000000c   Data   RW         1249    .data               stm32f1xx_hal.o
    0x2000003c   COMPRESSED   0x0000001c   Data   RW         3627    .data               usbd_desc.o
    0x20000058   COMPRESSED   0x00000032   Data   RW         3628    .data               usbd_desc.o
    0x2000008a   COMPRESSED   0x00000002   PAD
    0x2000008c   COMPRESSED   0x00000010   Data   RW         3710    .data               usbd_cdc_if.o
    0x2000009c   COMPRESSED   0x00000001   Data   RW         4114    .data               usbd_ctlreq.o
    0x2000009d   COMPRESSED   0x00000003   PAD
    0x200000a0   COMPRESSED   0x000000d7   Data   RW         4246    .data               usbd_cdc.o
    0x20000177   COMPRESSED   0x00000001   PAD
    0x20000178   COMPRESSED   0x00000038   Data   RW         4247    .data               usbd_cdc.o
    0x200001b0        -       0x00000228   Zero   RW          206    .bss                motor_controller.o
    0x200003d8        -       0x00000180   Zero   RW          324    .bss                alarm.o
    0x20000558        -       0x000000d8   Zero   RW          440    .bss                tim.o
    0x20000630        -       0x00000098   Zero   RW          504    .bss                usart.o
    0x200006c8        -       0x00000038   Zero   RW          505    .bss                usart.o
    0x20000700        -       0x00000020   Zero   RW         1955    .bss                stm32f1xx_hal_flash.o
    0x20000720        -       0x000002c4   Zero   RW         3568    .bss                usb_device.o
    0x200009e4        -       0x00000200   Zero   RW         3626    .bss                usbd_desc.o
    0x20000be4        -       0x00000800   Zero   RW         3709    .bss                usbd_cdc_if.o
    0x200013e4        -       0x000004f8   Zero   RW         3788    .bss                usbd_conf.o
    0x200018dc        -       0x00000060   Zero   RW         4412    .bss                c_w.l(libspace.o)
    0x2000193c   COMPRESSED   0x00000004   PAD
    0x20001940        -       0x00000300   Zero   RW            2    HEAP                startup_stm32f103xb.o
    0x20001c40        -       0x00000500   Zero   RW            1    STACK               startup_stm32f103xb.o


==============================================================================

Image component sizes


      Code (inc. data)   RO Data    RW Data    ZI Data      Debug   Object Name

       244         22          0         24        384       2407   alarm.o
       244         16          0          0          0       1091   gpio.o
       214         16          0          0          0       6808   main.o
      2016        154          0         12        552      12401   motor_controller.o
      1556         82          0          4          0     454032   pc_communication.o
        64         26        236          0       2048        860   startup_stm32f103xb.o
       128         24          0         12          0       5661   stm32f1xx_hal.o
       198         14          0          0          0      29471   stm32f1xx_hal_cortex.o
       222          4          0          0          0       1983   stm32f1xx_hal_dma.o
       392         46          0          0         32       5142   stm32f1xx_hal_flash.o
       240         26          0          0          0       3509   stm32f1xx_hal_flash_ex.o
       516         34          0          0          0       4448   stm32f1xx_hal_gpio.o
        60          8          0          0          0        970   stm32f1xx_hal_msp.o
      3044          0          0          0          0      15085   stm32f1xx_hal_pcd.o
        60          0          0          0          0       1334   stm32f1xx_hal_pcd_ex.o
      1240         84         18          0          0       5480   stm32f1xx_hal_rcc.o
       236         12          0          0          0       1540   stm32f1xx_hal_rcc_ex.o
      1432         44          0          0          0      15189   stm32f1xx_hal_tim.o
       192         12          0          0          0       3505   stm32f1xx_hal_tim_ex.o
      1386         56          0          0          0      13008   stm32f1xx_hal_uart.o
        92         36          0          0          0       7224   stm32f1xx_it.o
      2528          0          0          0          0      17099   stm32f1xx_ll_usb.o
         2          0         24          4          0       1319   system_stm32f1xx.o
       766         56          0          4        216       4757   tim.o
       212         24          0          0        208       2544   usart.o
        84         18          0          0        708       2747   usb_device.o
       726         16          0        271          0      14086   usbd_cdc.o
       152         28          0         16       2048       3656   usbd_cdc_if.o
       570         30          0          0       1272      15641   usbd_conf.o
       670          0          0          0          0      10247   usbd_core.o
      1186         28          0          1          0       8440   usbd_ctlreq.o
       264         92          0         78        512       6465   usbd_desc.o
       132          0          0          0          0       4744   usbd_ioreq.o

    ----------------------------------------------------------------------
     21100       1008        310        432       7980     682893   Object Totals
         0          0         32          0          0          0   (incl. Generated)
        32          0          0          6          0          0   (incl. Padding)

    ----------------------------------------------------------------------

      Code (inc. data)   RO Data    RW Data    ZI Data      Debug   Library Member Name

        90          0          0          0          0          0   __dczerorl2.o
         8          0          0          0          0         68   __main.o
         0          0          0          0          0          0   __rtentry.o
        12          0          0          0          0          0   __rtentry2.o
         6          0          0          0          0          0   __rtentry4.o
        52          8          0          0          0          0   __scatter.o
        28          0          0          0          0          0   __scatter_zi.o
        18          0          0          0          0         80   exit.o
         6          0          0          0          0        152   heapauxi.o
         0          0          0          0          0          0   indicate_semi.o
         2          0          0          0          0          0   libinit.o
         2          0          0          0          0          0   libinit2.o
         2          0          0          0          0          0   libshutdown.o
         2          0          0          0          0          0   libshutdown2.o
         8          4          0          0         96         68   libspace.o
        38          0          0          0          0         68   llushr.o
        78          0          0          0          0         80   rt_memclr_w.o
         2          0          0          0          0          0   rtexit.o
        10          0          0          0          0          0   rtexit2.o
        12          4          0          0          0         68   sys_exit.o
        74          0          0          0          0         80   sys_stackheap_outer.o
         2          0          0          0          0         68   use_no_semi.o
       826         16          0          0          0        348   daddsub_clz.o
        24          0          0          0          0         68   dcmpi.o
       688        140          0          0          0        208   ddiv.o
        94          4          0          0          0         92   dfix.o
        90          4          0          0          0         92   dfixu.o
        46          0          0          0          0         68   dflt_clz.o
       120          4          0          0          0         92   dleqf.o
       340         12          0          0          0        104   dmul.o
       156          4          0          0          0         92   dnaninf.o
        12          0          0          0          0         68   dretinf.o
       108          0          0          0          0         80   drleqf.o
        86          4          0          0          0         84   f2d.o
       140          4          0          0          0         84   fnaninf.o
         0          0          0          0          0          0   usenofp.o

    ----------------------------------------------------------------------
      3194        208          0          0        100       2212   Library Totals
        12          0          0          0          4          0   (incl. Padding)

    ----------------------------------------------------------------------

      Code (inc. data)   RO Data    RW Data    ZI Data      Debug   Library Name

       452         16          0          0         96        732   c_w.l
      2730        192          0          0          0       1480   fz_ws.l

    ----------------------------------------------------------------------
      3194        208          0          0        100       2212   Library Totals

    ----------------------------------------------------------------------

==============================================================================


      Code (inc. data)   RO Data    RW Data    ZI Data      Debug   

     24294       1216        310        432       8080     672361   Grand Totals
     24294       1216        310        192       8080     672361   ELF Image Totals (compressed)
     24294       1216        310        192          0          0   ROM Totals

==============================================================================

    Total RO  Size (Code + RO Data)                24604 (  24.03kB)
    Total RW  Size (RW Data + ZI Data)              8512 (   8.31kB)
    Total ROM Size (Code + RO Data + RW Data)      24796 (  24.21kB)

==============================================================================

